BASE (XN>4 & cut RSI14>50) discovery: n 122 avg +2.653 median +2.710 w/o best5 +1.529 quarters +10/14 raw_net +4.130 2023 share 80% avg ex-2023 +0.743 (n 86)
FINALIST BAR: discovery avg w/o best 5 >= +2.029 (base +1.529 + 0.5), n >= 35, quarters >= 7
            name   n  avg  median  wo_best5   win  raw_net  q_pos  q_with  share2023  avg_ex2023  eligible  clears_bar
            BASE 122 2.65    2.71      1.53 63.11     4.13     10      14      80.27        0.74     False       False
       C01_RSI55  91 2.70    3.13      1.31 64.84     4.32      8      14      79.80        0.75      True       False
       C02_RSI60  65 3.87    3.66      1.97 63.08     5.82      9      12      75.26        1.38      True       False
       C03_RSI65  47 4.08    3.66      1.89 65.96     5.88     10      12      62.83        2.30      True       False
       C04_RSI70  19 6.40    4.71      2.25 78.95     7.86      6       7      44.45        5.63     False       False
         C05_XN5  89 4.12    3.76      2.76 69.66     5.79     12      14      63.77        2.08      True        True
         C06_XN6  73 3.59    3.59      2.06 67.12     5.10     10      14      67.02        1.69      True        True
         C07_XN8  31 3.06    4.03      0.36 64.52     5.03      8      11      43.84        1.90     False       False
      C08_VOL1.5 119 2.93    3.06      1.78 64.71     4.45     10      14      75.86        1.00      True       False
        C09_VOL2 117 3.03    3.13      1.87 65.81     4.54     10      14      74.58        1.10      True       False
        C10_VOL3 107 2.88    3.17      1.82 67.29     4.39     11      14      75.94        0.99      True       False
       C11_CLV75  75 3.22    1.98      1.39 62.67     4.83      8      14      89.82        0.50      True       False
     C12_GAPHOLD  51 1.93    3.17      0.42 60.78     3.31     10      14      36.65        1.56      True       False
       C13_BRK20 101 3.75    3.59      2.44 67.33     5.50     11      14      66.60        1.81      True        True
       C14_BRK52  65 3.52    3.66      1.74 67.69     5.61      9      13      62.95        1.77      True       False
        C15_LAG0  95 2.97    3.06      1.62 63.16     4.60      9      14      75.56        1.06      True       False
       C16_LAG10  21 3.28    4.03     -0.27 66.67     5.57      7      10      22.08        3.16     False       False
     C17_SECREL0  82 2.94    3.32      1.36 64.63     4.46      9      14      78.16        0.98      True       False
        C18_GOOD  75 2.92    3.50      1.33 62.67     4.76      8      14      73.90        1.06      True       False
      C19_STRONG  34 4.99    5.79      1.93 64.71     7.11      7      12      60.60        2.79     False       False
       C20_PAT50  36 2.08    3.36     -1.13 55.56     3.95      6      13     123.22       -0.64      True       False
       C21_LARGE  34 0.44    1.35     -1.17 52.94     2.05      7      12      -2.61        0.51     False       False
       C22_SMALL  34 4.47    2.34      1.40 67.65     5.70      9      14      83.40        1.20     False       False
   C23_RSI60_XN6  43 3.78    3.50      1.41 65.12     5.21      9      12      70.98        1.62      True       False
  C24_RSI60_VOL2  62 4.37    3.81      2.41 66.13     6.39      9      12      69.98        1.94      True        True
    C25_XN6_VOL2  72 3.65    3.63      2.10 68.06     5.13     10      14      66.79        1.75      True        True
  C26_VOL2_CLV75  71 3.73    2.28      1.82 66.20     5.45      9      14      83.54        0.95      True       False
C27_BRK20_VOL1.5 100 3.86    3.63      2.54 68.00     5.58     11      14      65.37        1.94      True        True
C28_BRK52_VOL1.5  64 3.69    3.71      1.89 68.75     5.74      9      13      61.05        1.96      True       False
 C29_GOOD_VOL1.5  73 3.15    3.66      1.54 64.38     5.01      8      14      72.09        1.21      True       False
    C30_GOOD_XN6  50 3.38    3.95      1.57 64.00     5.19     10      14      60.35        1.86      True       False
  C31_RSI60_GOOD  43 4.03    3.87      1.56 62.79     6.30      9      12      61.81        2.13      True       False
   C32_XN6_CLV75  48 3.84    2.96      1.49 68.75     5.62      9      13      74.48        1.42      True       False
   C33_LAG0_VOL2  91 3.43    3.50      2.04 65.93     5.12     10      14      69.77        1.52      True        True
 C34_RSI60_CLV75  39 4.87    3.50      1.65 64.10     6.74      8      12      81.68        1.45      True       False
 C35_RSI60_BRK52  44 5.04    4.12      2.49 70.45     7.09      8      11      59.81        2.87      True        True
  C36_GOOD_CLV75  45 4.19    3.13      1.58 64.44     6.44      9      14      69.42        1.99      True       False
C37_SECREL0_VOL2  79 3.36    3.59      1.75 67.09     4.96     10      14      72.57        1.40      True       False
  C38_LARGE_VOL2  32 0.72    2.08     -0.96 56.25     2.18      7      12      -1.69        0.83     False       False

ELIGIBLE ranked by w/o best 5:
            name   n   avg  wo_best5  q_pos  q_with
         C05_XN5  89 4.125     2.761     12      14
C27_BRK20_VOL1.5 100 3.860     2.540     11      14
 C35_RSI60_BRK52  44 5.038     2.489      8      11
       C13_BRK20 101 3.751     2.439     11      14
  C24_RSI60_VOL2  62 4.369     2.406      9      12
    C25_XN6_VOL2  72 3.652     2.100     10      14
         C06_XN6  73 3.590     2.056     10      14
   C33_LAG0_VOL2  91 3.427     2.041     10      14
       C02_RSI60  65 3.874     1.968      9      12
C28_BRK52_VOL1.5  64 3.692     1.893      9      13
       C03_RSI65  47 4.080     1.890     10      12
        C09_VOL2 117 3.027     1.870     10      14
  C26_VOL2_CLV75  71 3.733     1.823      9      14
        C10_VOL3 107 2.881     1.817     11      14
      C08_VOL1.5 119 2.926     1.784     10      14
C37_SECREL0_VOL2  79 3.363     1.748     10      14
       C14_BRK52  65 3.525     1.742      9      13
 C34_RSI60_CLV75  39 4.866     1.648      8      12
        C15_LAG0  95 2.971     1.621      9      14
  C36_GOOD_CLV75  45 4.192     1.580      9      14
    C30_GOOD_XN6  50 3.380     1.566     10      14
  C31_RSI60_GOOD  43 4.029     1.564      9      12
 C29_GOOD_VOL1.5  73 3.152     1.537      8      14
   C32_XN6_CLV75  48 3.837     1.490      9      13
   C23_RSI60_XN6  43 3.777     1.408      9      12
       C11_CLV75  75 3.223     1.386      8      14
     C17_SECREL0  82 2.941     1.362      9      14
        C18_GOOD  75 2.916     1.330      8      14
       C01_RSI55  91 2.704     1.306      8      14
     C12_GAPHOLD  51 1.928     0.419     10      14
       C20_PAT50  36 2.079    -1.129      6      13

FINALISTS: C05_XN5, C27_BRK20_VOL1.5

BASE: per discovery quarter (n, avg vsN_net)
qn       0     1      2     3     4     5     6     7      8     9      10     11     12    13
count  8.00  6.00  11.00  4.00  3.00  9.00  9.00  9.00  13.00  9.00   5.00  13.00  14.00  9.00
mean   1.08  0.17  -2.47 -0.08 -0.13  0.31 -2.47  2.13   5.89  9.15  16.34   0.06   5.81  2.16
year    2021   2022    2023    2024
count  25.00  25.00   36.00   36.00
mean   -0.70  -0.81    7.22    2.82
sum   -17.61 -20.13  259.81  101.60
top 5 trades: [['PFC', 10, 30.39], ['HINDPETRO', 10, 29.82], ['RECLTD', 9, 28.97], ['MOTHERSON', 12, 28.34], ['DIXON', 8, 27.21]]

C05_XN5: per discovery quarter (n, avg vsN_net)
qn       0     1    2     3     4     5     6     7     8     9      10     11     12    13
count  8.00  6.00  7.0  4.00  2.00  6.00  5.00  4.00  9.00  7.00   5.00  11.00  10.00  5.00
mean   1.08  0.17  1.3 -0.08  2.76  3.61 -1.66  6.16  6.85  9.44  16.34   2.38   4.78  4.36
year    2021   2022    2023   2024
count  21.00  17.00   25.00  26.00
mean    0.89   1.09    9.36   3.68
sum    18.69  18.59  234.10  95.74
top 5 trades: [['PFC', 10, 30.39], ['HINDPETRO', 10, 29.82], ['RECLTD', 9, 28.97], ['DIXON', 8, 27.21], ['POLYCAB', 9, 18.83]]

C27_BRK20_VOL1.5: per discovery quarter (n, avg vsN_net)
qn       0     1     2     3     4     5     6     7      8     9      10     11     12    13
count  8.00  6.00  7.00  3.00  1.00  8.00  7.00  6.00  12.00  8.00   5.00  10.00  12.00  7.00
mean   1.08  0.17  1.05 -0.13 -5.92  0.71 -3.05  3.99   6.35  8.81  16.34   3.97   6.36  3.23
year    2021   2022    2023    2024
count  21.00  19.00   31.00   29.00
mean    0.81  -1.16    8.14    4.78
sum    16.94 -21.97  252.32  138.71
top 5 trades: [['PFC', 10, 30.39], ['HINDPETRO', 10, 29.82], ['RECLTD', 9, 28.97], ['MOTHERSON', 12, 28.34], ['DIXON', 8, 27.21]]
