=== CANDIDATE rebuilt from raw: W & GOOD & RSI>50, H20
n 121; raw gross +3.88  raw net +3.71  vsN gross +3.11  vsN net +2.92  TP(+3% hedged) net +1.22
{'n': 121, 'net': np.float64(2.92), 'up': np.float64(62.81), 'nq': 21, 'qpos': 15, 't_q': np.float64(2.95), 'first14': np.float64(2.92), 'last8': np.float64(2.94), 'wo_best5': np.float64(1.89), 'wo_best_q': np.float64(2.35), 'best_q': np.int64(10)}
leave-one-quarter-out mean range +2.35 .. +3.22
qn             0     1     2     3     4     5     6     7     8     9      10    11     12    13    15    16    17    18    19     20     21
size         4.00  5.00  6.00  3.00  2.00  5.00  6.00  6.00  5.00  5.00   5.00  9.00  10.00  4.00  2.00  7.00  3.00  8.00  4.00  12.00  10.00
mean         0.82 -1.62 -0.99 -0.83 -3.02  3.02 -2.63  3.26  4.83  7.23  16.34 -0.79   6.11  5.77  5.71  5.64  0.16  0.12  4.80   1.79   4.22
all_winners  0.40 -0.32 -1.81 -4.09 -0.51  0.61 -2.71  2.33  5.98  9.66  12.36  1.78   3.31  0.78 -0.97  3.42  3.23 -0.85  1.91   1.04   2.07

=== references (H20 vsN net)
  all in_fo results              n 3278 net +0.41 first14 +0.60 last8 +0.17 q+ 14/22 wo_best5 +0.35
  plain winners                  n  392 net +1.45 first14 +1.70 last8 +1.20 q+ 15/22 wo_best5 +1.09
  winners eligible               n  369 net +1.57 first14 +1.81 last8 +1.35 q+ 14/22 wo_best5 +1.19
  winners & GOOD                 n  187 net +1.88 first14 +2.02 last8 +1.71 q+ 12/22 wo_best5 +1.19
  winners & RSI>50               n  232 net +2.42 first14 +2.65 last8 +2.16 q+ 17/22 wo_best5 +1.83
  winners & RSI<=50              n  160 net +0.04 first14 +0.04 last8 +0.04 q+ 10/22 wo_best5 -0.54
  winners & GOOD & RSI<=50       n   66 net -0.02 first14 -0.09 last8 +0.05 q+ 10/21 wo_best5 -1.29
  winners & notGOOD & RSI>50     n   98 net +1.98 first14 +2.19 last8 +1.85 q+ 13/20 wo_best5 +0.98
  winners & notGOOD & RSI<=50    n   84 net +0.38 first14 +0.63 last8 +0.24 q+ 11/20 wo_best5 -0.52

=== LUCK (H20) vs random same-size per-quarter picks
  winners eligible (candidate pool)      pool n  369 pool mean +1.57 random mean +2.15 p 0.0732; per-quarter gain +0.84 t 1.44 (15/21 quarters better)
  winners & GOOD (does RSI add?)         pool n  187 pool mean +1.88 random mean +2.39 p 0.0804; per-quarter gain +0.82 t 1.73 (13/21 quarters better)
  winners & RSI>50 (does GOOD add?)      pool n  219 pool mean +2.50 random mean +2.71 p 0.3123; per-quarter gain +0.11 t 0.25 (10/21 quarters better)
  all eligible in_fo results             pool n 3026 pool mean +0.43 random mean +0.75 p 0.0003; per-quarter gain +2.37 t 2.84 (17/21 quarters better)
  H5: net +0.94 winners-elig +0.07 p 0.0172 first14 +0.89 last8 +1.03
  H10: net +1.11 winners-elig +0.19 p 0.0778 first14 +1.15 last8 +1.06
  H15: net +2.23 winners-elig +0.72 p 0.0367 first14 +2.69 last8 +1.47
  H30: net +3.19 winners-elig +1.71 p 0.0722 first14 +3.09 last8 +3.34

=== ROBUSTNESS GRID (H20 vsN net; p vs random picks from winners(XN cut) eligible)
 win        TA               FA   n  net  pool  gain  first14  last8  qpos  wo5    p
   4    RSI>40      GOOD25/15|2 156 2.49  1.57  0.92     2.62   2.32 15/22 1.68 0.14
   4    RSI>40      GOOD20/10|1 188 2.50  1.57  0.93     3.18   1.60 16/22 1.77 0.07
   4    RSI>40      GOOD30/20|3 123 3.11  1.57  1.55     3.09   3.15 15/22 2.10 0.02
   4    RSI>40 PAT25&SAL15 only  85 3.43  1.57  1.86     4.65   2.18 13/21 2.09 0.03
   4    RSI>40    MARGIN+2 only 118 2.72  1.57  1.16     2.04   3.76 18/22 1.72 0.09
   4    RSI>40             noFA 297 1.97  1.57  0.40     2.27   1.67 16/22 1.50 0.07
   4    RSI>45      GOOD25/15|2 138 2.81  1.57  1.25     3.03   2.50 15/22 1.91 0.07
   4    RSI>45      GOOD20/10|1 165 2.78  1.57  1.22     3.63   1.61 16/22 1.97 0.03
   4    RSI>45      GOOD30/20|3 110 3.25  1.57  1.69     3.32   3.15 14/22 2.12 0.02
   4    RSI>45 PAT25&SAL15 only  72 3.89  1.57  2.32     4.98   2.74 13/20 2.33 0.01
   4    RSI>45    MARGIN+2 only 105 3.07  1.57  1.50     2.46   3.97 18/22 1.96 0.05
   4    RSI>45             noFA 259 2.21  1.57  0.64     2.66   1.76 16/22 1.68 0.04
   4    RSI>50      GOOD25/15|2 121 2.92  1.57  1.36     2.92   2.94 15/21 1.89 0.07
   4    RSI>50      GOOD20/10|1 144 2.99  1.57  1.42     3.54   2.12 16/22 2.06 0.03
   4    RSI>50      GOOD30/20|3  99 3.30  1.57  1.73     3.15   3.57 14/21 2.04 0.02
   4    RSI>50 PAT25&SAL15 only  63 4.12  1.57  2.55     4.99   3.11 12/19 2.34 0.01
   4    RSI>50    MARGIN+2 only  94 3.07  1.57  1.50     2.37   4.25 17/21 1.83 0.08
   4    RSI>50             noFA 219 2.50  1.57  0.93     2.67   2.32 16/22 1.88 0.02
   4    RSI>55      GOOD25/15|2  89 3.47  1.57  1.90     2.74   4.78 14/20 2.20 0.05
   4    RSI>55      GOOD20/10|1 109 3.45  1.57  1.88     3.44   3.46 15/21 2.27 0.02
   4    RSI>55      GOOD30/20|3  74 3.62  1.57  2.05     2.68   5.47 14/20 2.09 0.03
   4    RSI>55 PAT25&SAL15 only  48 4.78  1.57  3.21     4.67   4.92 11/17 2.45 0.01
   4    RSI>55    MARGIN+2 only  70 3.34  1.57  1.77     2.12   5.39 14/19 1.85 0.10
   4    RSI>55             noFA 158 2.96  1.57  1.39     2.70   3.26 15/21 2.14 0.01
   4    RSI>60      GOOD25/15|2  62 4.48  1.57  2.91     4.03   5.49 14/18 2.69 0.03
   4    RSI>60      GOOD20/10|1  76 4.72  1.57  3.15     4.99   4.09 15/18 3.08 0.00
   4    RSI>60      GOOD30/20|3  51 4.83  1.57  3.26     4.22   6.60 14/18 2.66 0.02
   4    RSI>60 PAT25&SAL15 only  34 6.84  1.57  5.27     7.27   6.14 10/15 3.74 0.00
   4    RSI>60    MARGIN+2 only  47 4.14  1.57  2.57     3.06   6.43 12/17 1.92 0.10
   4    RSI>60             noFA 107 3.87  1.57  2.30     4.01   3.68 16/19 2.69 0.00
   4 RSI 50-70      GOOD25/15|2 102 2.00  1.57  0.43     1.78   2.31 15/21 0.81 0.45
   4 RSI 50-70      GOOD20/10|1 123 2.22  1.57  0.65     2.70   1.54 16/22 1.11 0.29
   4 RSI 50-70      GOOD30/20|3  83 2.33  1.57  0.76     2.05   2.82 13/21 0.87 0.18
   4 RSI 50-70 PAT25&SAL15 only  51 2.75  1.57  1.18     3.34   2.14 10/19 0.64 0.15
   4 RSI 50-70    MARGIN+2 only  79 2.33  1.57  0.76     1.54   3.61 15/20 0.83 0.28
   4 RSI 50-70             noFA 192 2.00  1.57  0.44     1.93   2.07 15/22 1.30 0.27
   4   C>SMA50      GOOD25/15|2 119 2.71  1.57  1.14     2.67   2.78 14/21 1.74 0.15
   4   C>SMA50      GOOD20/10|1 143 2.78  1.57  1.21     3.28   2.00 16/22 1.87 0.07
   4   C>SMA50      GOOD30/20|3  98 2.90  1.57  1.33     2.77   3.13 13/21 1.72 0.08
   4   C>SMA50 PAT25&SAL15 only  62 4.29  1.57  2.72     5.09   3.25 12/20 2.49 0.01
   4   C>SMA50    MARGIN+2 only  91 2.65  1.57  1.08     1.78   4.05 17/21 1.48 0.20
   4   C>SMA50             noFA 217 2.35  1.57  0.78     2.55   2.12 15/22 1.74 0.06
   4  C>SMA200      GOOD25/15|2 140 2.17  1.57  0.60     2.19   2.14 14/22 1.25 0.38
   4  C>SMA200      GOOD20/10|1 175 2.22  1.57  0.65     2.68   1.52 14/22 1.45 0.28
   4  C>SMA200      GOOD30/20|3 118 2.44  1.57  0.87     2.53   2.26 14/22 1.35 0.19
   4  C>SMA200 PAT25&SAL15 only  79 3.33  1.57  1.76     4.41   1.91 13/21 1.88 0.04
   4  C>SMA200    MARGIN+2 only 106 2.19  1.57  0.62     1.58   3.27 17/22 1.05 0.40
   4  C>SMA200             noFA 249 1.74  1.57  0.18     1.97   1.48 15/22 1.20 0.44
   4      noTA      GOOD25/15|2 187 1.88  1.57  0.32     2.02   1.71 12/22 1.19 0.37
   4      noTA      GOOD20/10|1 230 2.03  1.57  0.46     2.65   1.29 14/22 1.43 0.20
   4      noTA      GOOD30/20|3 150 2.32  1.57  0.75     2.30   2.35 13/22 1.47 0.10
   4      noTA PAT25&SAL15 only 103 2.48  1.57  0.91     3.63   1.35 12/22 1.34 0.14
   4      noTA    MARGIN+2 only 139 2.25  1.57  0.68     1.67   3.11 18/22 1.39 0.17
   4      noTA             noFA 369 1.57  1.57  0.00     1.81   1.35 14/22 1.19  NaN

winner cut 3/5/6, FA = GOOD25/15|2:
 win        TA          FA   n  net  pool  gain  first14  last8  qpos  wo5    p
   3    RSI>40 GOOD25/15|2 226 2.04  1.25  0.78     3.12   0.64 15/22 1.30 0.11
   3    RSI>45 GOOD25/15|2 200 2.37  1.25  1.12     3.45   0.91 15/22 1.55 0.06
   3    RSI>50 GOOD25/15|2 176 2.58  1.25  1.33     3.50   1.19 14/22 1.65 0.05
   3    RSI>55 GOOD25/15|2 124 3.12  1.25  1.87     3.27   2.91 16/21 2.13 0.03
   3    RSI>60 GOOD25/15|2  86 3.23  1.25  1.98     3.83   2.11 17/19 1.88 0.10
   3 RSI 50-70 GOOD25/15|2 150 1.86  1.25  0.61     2.63   0.80 14/22 0.76 0.32
   3   C>SMA50 GOOD25/15|2 174 2.26  1.25  1.01     3.21   0.88 14/22 1.34 0.11
   3  C>SMA200 GOOD25/15|2 199 1.61  1.25  0.36     2.32   0.45 14/22 0.78 0.38
   3      noTA GOOD25/15|2 267 1.52  1.25  0.26     2.41   0.44 13/22 0.89 0.29
   5    RSI>40 GOOD25/15|2 122 3.32  1.96  1.36     3.77   2.70 18/22 2.38 0.06
   5    RSI>45 GOOD25/15|2 110 3.71  1.96  1.75     4.24   2.94 17/22 2.69 0.02
   5    RSI>50 GOOD25/15|2  94 4.14  1.96  2.18     4.43   3.65 17/21 2.97 0.01
   5    RSI>55 GOOD25/15|2  70 4.62  1.96  2.66     4.10   5.60 15/18 3.22 0.02
   5    RSI>60 GOOD25/15|2  51 4.92  1.96  2.97     4.19   7.08 12/16 2.98 0.07
   5 RSI 50-70 GOOD25/15|2  78 3.67  1.96  1.71     3.95   3.23 17/21 2.21 0.06
   5   C>SMA50 GOOD25/15|2  91 3.82  1.96  1.86     4.06   3.45 16/21 2.72 0.03
   5  C>SMA200 GOOD25/15|2 108 3.02  1.96  1.06     3.15   2.79 16/20 1.95 0.15
   5      noTA GOOD25/15|2 147 2.50  1.96  0.55     2.97   1.91 15/22 1.70 0.24
   6    RSI>40 GOOD25/15|2  97 3.31  2.05  1.26     3.10   3.64 17/22 2.24 0.06
   6    RSI>45 GOOD25/15|2  88 3.46  2.05  1.41     3.36   3.62 17/22 2.31 0.06
   6    RSI>50 GOOD25/15|2  76 3.77  2.05  1.71     3.38   4.51 17/21 2.45 0.04
   6    RSI>55 GOOD25/15|2  54 3.92  2.05  1.87     2.60   6.80 13/17 2.30 0.13
   6    RSI>60 GOOD25/15|2  43 3.88  2.05  1.83     2.46   7.55 12/16 1.79 0.31
   6 RSI 50-70 GOOD25/15|2  64 3.42  2.05  1.37     3.08   4.07 17/21 1.84 0.10
   6   C>SMA50 GOOD25/15|2  71 3.47  2.05  1.41     2.86   4.65 16/21 2.23 0.10
   6  C>SMA200 GOOD25/15|2  82 2.99  2.05  0.93     2.77   3.41 17/20 1.72 0.13
   6      noTA GOOD25/15|2 113 2.80  2.05  0.75     2.63   3.05 17/22 1.87 0.09

FA effect at fixed TA (winners XN>4, RSI>50): GOOD vs not-GOOD
              FA   n   net  gain     p
     GOOD25/15|2 121 2.924 1.356 0.067
     GOOD20/10|1 144 2.991 1.423 0.034
     GOOD30/20|3  99 3.298 1.730 0.018
PAT25&SAL15 only  63 4.123 2.555 0.012
   MARGIN+2 only  94 3.069 1.501 0.084
            noFA 219 2.502 0.934 0.021
