GB TAFA top10: n 182, mean 1.35, median 1.30, best 5 sum 71.5 of total 245.3, without best 5 0.98, without best 10 0.71, without worst 5 1.68, winsorised at +-10% 1.24; all events winsorised 0.11
GB TA top10: n 161, mean 0.82, median 0.53, best 5 sum 70.7 of total 132.2, without best 5 0.39, without best 10 0.06, without worst 5 1.21, winsorised at +-10% 0.73; all events winsorised 0.11
GB FA top10: n 180, mean 0.63, median 0.11, best 5 sum 76.1 of total 113.1, without best 5 0.21, without best 10 -0.09, without worst 5 0.91, winsorised at +-10% 0.47; all events winsorised 0.11

best 8 and worst 5 trades:
    symbol quarter  qn  lag_pct  vol_ratio_5_60  three_day  take_profit  score
     TRENT Q1 FY25  13    -2.08            1.08      16.03         3.14   0.66
KALYANKJIL Q3 FY25  15   -38.25            2.79      14.81        14.81   0.65
  ADANIENT Q3 FY26  19    -8.27            1.59      14.25        13.09   0.64
       BEL Q4 FY24  12     4.88            1.43      13.65         4.27   0.71
       BEL Q3 FY25  15    -6.45            0.99      12.77         3.47   0.72
       ABB Q4 FY24  12    11.48            0.83      11.19        11.19   0.64
   POLYCAB Q1 FY24   9     3.68            1.77      10.87         6.49   0.65
MUTHOOTFIN Q2 FY26  18     2.26            0.71       9.95         9.95   0.75
    COLPAL Q2 FY25  14    -3.63            0.71      -7.89        -7.89   0.65
     TRENT Q2 FY25  14    -4.11            0.63      -9.83        -9.83   0.64
    VOLTAS Q3 FY25  15   -12.67            0.57     -10.02         3.88   0.64
   ETERNAL Q3 FY25  15   -14.29            1.17     -11.30       -11.30   0.67
NATIONALUM Q3 FY26  19    35.05            1.13     -12.64         5.59   0.69

per quarter:
     size  mean  median  all_events_mean
qn                                     
8     11  1.36    1.18             0.61
9     10  0.57   -0.94            -0.30
10    11 -0.19   -0.54             0.41
11    14  3.07    3.36             0.48
12    18  1.68    1.34             0.88
13    20  3.01    3.31             0.53
14    19 -0.47    0.34            -1.12
15    20  1.37    0.14            -0.79
16     7  2.15    1.60             0.96
17     8  1.16    0.54            -0.56
18    11  3.30    3.53             0.67
19    16 -0.99   -1.81             0.18
20     6  3.56    4.51            -0.31
21    11  0.79    1.90             0.17

shuffled-label null means (30 runs): mean 0.08, sd 0.49, max 0.78, sorted top 5 [0.65 0.68 0.7  0.71 0.78]
