1. LOOK-AHEAD
  A: earlier-quarter results 37570, excluded because 3-day window/reaction not closed before the decision: 0
  A: drifts withheld because their 20-session window had not ended: 0 (of 37570 earlier results)
  A: merge-based recomputation of 13 track-record columns vs panel: all equal
  A: rows where the timing filter removed an earlier-quarter result: 0
  B: earlier-quarter results 37570, excluded because 3-day window/reaction not closed before the decision: 0
  B: drifts withheld because their 20-session window had not ended: 0 (of 37570 earlier results)
  B: merge-based recomputation of 13 track-record columns vs panel: all equal
  B: rows where the timing filter removed an earlier-quarter result: 0
  rows where the A and B values differ (track record): {'n_prev': 0, 'prev1_qn': 0, 'prev1_three_day': 0, 'prev1_xn': 0, 'prev1_drift20': 0, 'prev1_winner': 0, 'n_pos_three_day_4': 0, 'mean_three_day_4': 0, 'n_winner_4': 0, 'mean_xn_4': 0, 'mean_abs_xn_4': 0, 'n_drift_4': 0, 'n_pos_drift_4': 0, 'mean_drift_4': 0, 'mean_three_day_all': 0, 'mean_xn_all': 0, 'n_drift_all': 0, 'mean_drift_all': 0}
  max |corr| of panel columns with current three_day: XN 0.77, vsN_21_B 0.47, vsSec_63_B 0.28, dist_52wh_B 0.28
  max |corr| of panel columns with current vsN_H20: cut_rsi14 0.11, vsN_21_B 0.10, vsN_63_B 0.10, vsN_21_A 0.09
  (XN / W, and *_B price columns, contain the reaction-day move: known at close k, trade-B only)

2. REPRODUCTIONS
  lag rule (lag21 < -10, vol_ratio_5_60 >= 1.0, events in_fo True): 85 trades, mean three_day +2.13% gross / +1.96% net; repo trades.csv 85 mean +2.13%; same set: True
  (the 2 rows with blank events in_fo that would also qualify: 0)
  winners W & tradable: 392 trades, vsN_net_H20 mean +1.45%
  winners & cut_rsi14 > 50: 232 trades, mean +2.42%; via cut_rsi14 > 50 directly: 232

3. COVERAGE BY qn (counts of non-missing values)
                            results_for     n  prev>=1_A  prev>=4_A  prev>=1_B  prev>=4_B  prev1_drift_A  prev1_drift_B  vsN_63_A  vsN_252_A  vsSec_252_A  rank_252_A  d52wh_A  vsN_252_B
qn                                                                                                                                                                                       
0    Results for Jan-Mar 2021 (Q4 FY21)    98          0          0          0          0              0              0        98         98           98          98       98         98
1    Results for Apr-Jun 2021 (Q1 FY22)   117        117          0        117          0            117            117       117        117          117         117      117        117
2    Results for Jul-Sep 2021 (Q2 FY22)   125        125          0        125          0            125            125       125        125          118         125      125        125
3    Results for Oct-Dec 2021 (Q3 FY22)   132        132          0        132          0            132            132       132        132          123         132      132        132
4    Results for Jan-Mar 2022 (Q4 FY22)   131        131        131        131        131            131            131       131        131          122         131      131        131
5    Results for Apr-Jun 2022 (Q1 FY23)   134        134        134        134        134            134            134       134        134          124         134      134        134
6    Results for Jul-Sep 2022 (Q2 FY23)   133        133        133        133        133            133            133       133        133          132         133      133        133
7    Results for Oct-Dec 2022 (Q3 FY23)   133        133        133        133        133            133            133       133        133          133         133      133        133
8    Results for Jan-Mar 2023 (Q4 FY23)   134        134        134        134        134            134            134       134        134          134         134      134        134
9    Results for Apr-Jun 2023 (Q1 FY24)   134        134        134        134        134            134            134       134        134          134         134      134        134
10   Results for Jul-Sep 2023 (Q2 FY24)   132        131        131        131        131            131            131       132        132          132         132      132        132
11   Results for Oct-Dec 2023 (Q3 FY24)   135        135        134        135        134            135            135       135        135          135         135      135        135
12   Results for Jan-Mar 2024 (Q4 FY24)   135        135        134        135        134            135            135       135        135          135         135      135        135
13   Results for Apr-Jun 2024 (Q1 FY25)   135        135        134        135        134            135            135       135        135          135         135      135        135
14   Results for Jul-Sep 2024 (Q2 FY25)   134        134        134        134        134            134            134       134        134          134         134      134        134
15   Results for Oct-Dec 2024 (Q3 FY25)   172        172        172        172        172            172            172       172        172          172         172      172        172
16   Results for Jan-Mar 2025 (Q4 FY25)   178        178        178        178        178            178            178       178        178          178         178      178        178
17   Results for Apr-Jun 2025 (Q1 FY26)   191        191        191        191        191            191            191       191        191          191         191      191        191
18   Results for Jul-Sep 2025 (Q2 FY26)   191        191        191        191        191            191            191       191        191          191         191      191        191
19   Results for Oct-Dec 2025 (Q3 FY26)   196        196        196        196        196            196            196       196        196          196         196      196        196
20   Results for Jan-Mar 2026 (Q4 FY26)   204        204        204        204        204            204            204       204        204          204         204      204        204
21   Results for Apr-Jun 2026 (Q1 FY27)   206        206        206        206        206            206            206       206        206          206         206      206        206
all                                 all  3280       3181       2804       3181       2804           3181           3181      3280       3280         3244        3280     3280       3280

  n_prev_A distribution: {0: 99, 1: 118, 2: 126, 3: 133, 4: 132, 5: 141, 6: 141, 7: 140, 8: 138, 9: 139, 10: 137, 11: 141, 12: 140, 13: 142, 14: 142, 15: 170, 16: 175, 17: 185, 18: 183, 19: 184, 20: 187, 21: 187}
  prev1 is the immediately previous quarter (A): 3181 of 3181
  NaN counts (A): {'prev1_qn_A': 99, 'prev1_three_day_A': 101, 'prev1_xn_A': 99, 'prev1_drift20_A': 99, 'prev1_winner_A': 99, 'n_pos_three_day_4_A': 476, 'mean_three_day_4_A': 476, 'n_winner_4_A': 476, 'mean_xn_4_A': 476, 'mean_abs_xn_4_A': 476, 'n_drift_4_A': 476, 'n_pos_drift_4_A': 476, 'mean_drift_4_A': 476, 'mean_three_day_all_A': 99, 'mean_xn_all_A': 99, 'n_drift_all_A': 99, 'mean_drift_all_A': 99, 'vsSec_63_A': 8, 'vsSec_252_A': 36}

4. TIMING FILTER ON ALL 4,462 EVENTS (incl. non-F&O; shows where it bites)
  A: earlier results whose drift had NOT ended at the decision (withheld): 2 -> IRFC qn1 (in_fo False): prev qn0 exit 1422 >= dec 1422; ENRIN qn17 (in_fo False): prev qn16 exit 2415 >= dec 2408
  A: earlier results whose 3-day window had not closed: 0
  B: earlier results whose drift had NOT ended at the decision (withheld): 1 -> ENRIN qn17 (in_fo False): prev qn16 exit 2415 >= dec 2411
  B: earlier results whose 3-day window had not closed: 0

5. rank_vsN_63_A recomputed from returns.csv for 25 random rows: 25/25 equal
