=== BASE on the independent rebuild
                      rule  n  mean  net   tp   up%     q  n14  f14  n8   l8  xb5  xbestq  median
             X8 base (S85) 21  3.83 3.66 3.93 80.95 11/12   12 3.96   9 3.66 1.89    3.07    4.39
X8 base (S85) [other side] 57  1.41 1.24 1.47 56.14 13/17   33 0.65  24 2.46 0.32    0.98    1.30 
 D = 2.42
trades without ADANIPORTS Q3 FY23: 3.07
share of the summed return from ADANIPORTS: 0.237
net after cost of the take-profit version: 3.76
parent S85 mean 2.13 known-FA S85 mean 2.06
per-quarter means of X8 trades:
qn      2     3     4      7     11    12    13    15    17    18    19    21
size  2.00  4.00  2.00   1.00  1.00  1.00  1.00  3.00  1.00  1.00  3.00  1.00
mean  0.42  3.85 -0.98  19.09  2.95  4.39  6.75  0.53  2.65  6.43  4.35  9.23

=== LEAVE ONE QUARTER OUT (mean of X8 trades, D vs other known S85 trades)
 dropped_qn  n  mean    D
          2 19  4.19 2.61
          3 17  3.82 2.40
          4 19  4.34 2.93
          7 20  3.07 1.42
         11 20  3.87 2.46
         12 20  3.80 2.37
         13 20  3.68 2.11
         15 18  4.38 3.09
         17 20  3.89 2.48
         18 20  3.70 2.29
         19 18  3.74 2.28
         21 20  3.56 2.14
LOQO min mean 3.07 min D 1.42

=== 2x2 cells (known FA) and volume bands
          size  mean
gf os               
0  False    16  2.46
   True     17  0.60
1  False    24  1.29
   True     21  3.83
vol 1.0-1.3: X8 6 0.86 | other 31 1.61
vol >= 1.3: X8 15 5.02 | other 26 1.18

=== NEIGHBOURING THRESHOLDS (S85)
                                           rule  n  mean  net   tp     q  f14   l8   xb5  xbestq    D  other_n  other_mean
                           os>=3 base & gf base 21  3.83 3.66 3.93 11/12 3.96 3.66  1.89    3.07 2.42       57        1.41
                         os>=3 base & growth>5% 17  3.97 3.80 3.91 10/10 4.68 2.68  1.85    3.03 2.44       61        1.53
                        os>=3 base & growth>10% 15  3.88 3.71 3.89   9/9 4.71 2.23  1.29    2.80 2.25       63        1.63
                     os>=3 base & loss+PAT only 23  3.48 3.31 3.57 11/12 3.54 3.41  1.66    2.77 2.01       55        1.47
                   os>=3 base & loss+sales only 31  2.97 2.80 2.94 11/14 1.87 4.96  1.28    2.76 1.31       47        1.66
                      os>=3 base & no-loss only 35  2.58 2.41 2.81 11/14 1.51 4.64  1.06    2.39 0.73       43        1.85
        os>=3 base & growth only (no loss test) 23  4.01 3.84 3.98 11/12 4.24 3.66  2.22    3.07 2.56       56        1.45
                                os>=2 & gf base 29  3.73 3.56 3.35 13/13 4.04 3.29  2.05    3.18 2.65       49        1.08
                              os>=2 & growth>5% 24  4.01 3.84 3.41 11/11 4.90 2.52  2.09    3.35 2.81       54        1.20
                             os>=2 & growth>10% 22  3.95 3.78 3.35 10/10 4.94 2.22  1.79    3.23 2.62       56        1.32
                          os>=2 & loss+PAT only 31  3.48 3.31 3.12 13/13 3.73 3.13  1.88    2.96 2.34       47        1.13
                        os>=2 & loss+sales only 41  2.92 2.75 2.57 14/15 2.17 4.37  1.52    2.76 1.55       37        1.36
                           os>=2 & no-loss only 46  2.53 2.36 2.53 14/15 1.75 4.15  1.26    2.38 0.86       32        1.67
             os>=2 & growth only (no loss test) 31  3.87 3.70 3.42 13/13 4.24 3.29  2.35    3.18 2.75       48        1.12
                                os>=4 & gf base 13  3.19 3.02 3.92   6/7 2.95 3.48  0.98    2.69 1.35       65        1.84
                              os>=4 & growth>5% 12  2.69 2.52 3.21   5/6 2.95 2.32  0.45    2.53 0.74       66        1.95
                             os>=4 & growth>10% 10  2.29 2.12 3.05   4/5 2.71 1.67 -0.77    1.85 0.26       68        2.03
                          os>=4 & loss+PAT only 14  3.04 2.87 3.72   6/7 2.95 3.14  1.00    2.57 1.19       64        1.85
                        os>=4 & loss+sales only 17  3.10 2.93 3.66   8/9 1.70 5.09  0.76    2.72 1.17       61        1.92
                           os>=4 & no-loss only 20  2.63 2.46 3.55  8/10 1.31 4.60  0.60    2.28 0.60       58        2.03
             os>=4 & growth only (no loss test) 13  3.19 3.02 3.92   6/7 2.95 3.48  0.98    2.69 1.19       66        2.00
                   os>=3 loose levels & gf base 31  3.84 3.67 3.62 13/14 4.00 3.61  2.31    3.33 2.94       47        0.89
                 os>=3 loose levels & growth>5% 25  4.32 4.15 3.75 11/11 4.81 3.46  2.58    3.71 3.32       53        1.00
                os>=3 loose levels & growth>10% 22  4.33 4.16 3.74 10/10 4.94 3.28  2.29    3.63 3.16       56        1.17
             os>=3 loose levels & loss+PAT only 33  3.59 3.42 3.39 13/14 3.71 3.43  2.13    3.11 2.65       45        0.94
           os>=3 loose levels & loss+sales only 43  2.97 2.80 2.74 14/16 2.14 4.37  1.65    2.82 1.76       35        1.21
              os>=3 loose levels & no-loss only 47  2.68 2.51 2.66 14/16 1.84 4.18  1.46    2.54 1.27       31        1.42
os>=3 loose levels & growth only (no loss test) 33  3.97 3.80 3.67 13/14 4.20 3.61  2.57    3.33 3.03       46        0.93
                   os>=3 tight levels & gf base  9  5.46 5.29 4.85   5/6 5.83 5.00  0.34    3.76 3.84       69        1.62
                 os>=3 tight levels & growth>5%  8  4.99 4.82 3.90   4/5 5.83 3.59 -0.43    2.97 3.26       70        1.73
                os>=3 tight levels & growth>10%  8  4.99 4.82 3.90   4/5 5.83 3.59 -0.43    2.97 3.26       70        1.73
             os>=3 tight levels & loss+PAT only 10  5.02 4.85 4.48   5/6 5.83 4.22  0.49    3.46 3.40       68        1.63
           os>=3 tight levels & loss+sales only 12  3.79 3.62 3.34   7/8 3.19 5.00 -0.32    3.30 1.91       66        1.89
              os>=3 tight levels & no-loss only 15  3.02 2.85 3.25   7/9 2.43 4.22 -0.24    2.58 1.05       63        1.98
os>=3 tight levels & growth only (no loss test)  9  5.46 5.29 4.85   5/6 5.83 5.00  0.34    3.76 3.68       70        1.78
                   os>=3 sample-sd BB & gf base 20  3.87 3.70 3.98 10/11 4.05 3.66  1.82    3.07 2.43       58        1.44
                 os>=3 sample-sd BB & growth>5% 16  4.04 3.87 3.97   9/9 4.85 2.68  1.75    3.03 2.48       62        1.55
                os>=3 sample-sd BB & growth>10% 14  3.95 3.78 3.96   8/8 4.91 2.23  1.11    2.78 2.30       64        1.65
             os>=3 sample-sd BB & loss+PAT only 22  3.50 3.33 3.60 10/11 3.59 3.41  1.58    2.76 2.01       56        1.50
           os>=3 sample-sd BB & loss+sales only 30  2.97 2.80 2.94 10/14 1.82 4.96  1.22    2.75 1.28       48        1.69
              os>=3 sample-sd BB & no-loss only 34  2.57 2.40 2.80 10/14 1.44 4.64  0.99    2.37 0.70       44        1.88
os>=3 sample-sd BB & growth only (no loss test) 22  4.06 3.89 4.03 10/11 4.34 3.66  2.18    3.07 2.58       57        1.48
neighbour grid: median mean 3.76 ; median D 2.32 ; share D > 1pp 0.86 ; share xb5 > S85 xb5 (1.36) 0.5

=== S44
                   rule  n  mean  net  tp   up%     q  n14   f14  n8   l8   xb5  xbestq  median
             X8 on S44 15  5.02 4.85 4.7 93.33 11/11    9  6.15   6 3.32  2.87    4.01    4.69
X8 on S44 [other side] 26  1.18 1.01 1.9 65.38  9/13   12 -0.79  14 2.86 -0.58    0.96    1.56  D 3.84

=== LUCK
random same-size-per-quarter picks from S85 parent (85): mean 2.30, 95th pct 3.82, p(>= 3.83) 0.0488
random same-size-per-quarter picks from S85 known-FA (78): mean 2.18, 95th pct 3.81, p(>= 3.83) 0.0480
random same-size-per-quarter picks from all in_fo results: mean -0.27, 95th pct 1.67, p(>= 3.83) 0.0002
random same-size-per-quarter picks from lag<-10 any volume: mean 0.91, 95th pct 2.75, p(>= 3.83) 0.0048
within-quarter permutation: D 2.42, one-sided p 0.0471, two-sided p 0.0666
quarter-cluster bootstrap 90% CI of the X8 mean: 2.21 .. 5.91
bootstrap 90% CI of D: 0.27 .. 4.64
