$LAB_ROOT/hundred_pct/Q_every_quarter/qengine.py:38: PerformanceWarning: DataFrame is highly fragmented.  This is usually the result of calling `frame.insert` many times, which has poor performance.  Consider joining all columns at once using pd.concat(axis=1) instead. To get a de-fragmented frame, use `newframe = frame.copy()`
  df = df.assign(tp3s=ts)
Namespace(mode='split', universe='fo', null='shuffle', nruns=25, seed=302, real=False, beam=1000) conditions 2355 pairs 2757988 req {'strict': 14, 'hi': 11, 'lo': 7}
run 0 24.3 [8710, 3514, 119026, 52520, 1036201, 683072, 8315, 2371, 134262, 67694, 1115957, 765649]
run 1 55.2 [29119, 8988, 267950, 138639, 771917, 476732, 40952, 12636, 389069, 193127, 900129, 553706]
run 2 76.6 [27276, 10300, 112386, 50365, 810490, 561706, 35211, 9936, 134264, 53797, 956005, 646270]
run 3 95.7 [5925, 1445, 80132, 36797, 1059634, 758324, 8129, 1721, 85775, 33334, 1124263, 800268]
run 4 112.5 [3486, 897, 52048, 22391, 781765, 565507, 6587, 1342, 71471, 32479, 910639, 646950]
run 5 130.9 [13109, 3983, 77343, 34326, 827007, 585039, 10359, 4304, 91702, 42826, 980700, 659987]
run 6 148.7 [6138, 2037, 59827, 24928, 841349, 614909, 7655, 3114, 73033, 29984, 1027580, 724861]
run 7 169.4 [10713, 3868, 84464, 39148, 1023884, 710209, 13016, 4838, 134689, 63926, 1190639, 826461]
run 8 193.3 [17778, 5549, 188229, 82194, 901551, 578896, 23445, 9348, 233116, 102053, 1119527, 758726]
run 9 212.6 [11825, 4431, 67789, 27406, 998434, 665583, 11228, 5093, 77369, 32776, 1155635, 792632]
run 10 233.5 [22015, 4408, 91330, 30464, 968681, 655362, 17478, 4895, 88069, 39312, 1180763, 829686]
run 11 256.4 [14338, 4094, 113176, 43707, 749972, 489800, 27716, 16245, 137733, 82174, 884709, 619118]
run 12 278.3 [18496, 7829, 83723, 43486, 973433, 701556, 47988, 19551, 179930, 99933, 1229516, 861117]
run 13 301.4 [11733, 3108, 111208, 43849, 973113, 646651, 25381, 7857, 154902, 62812, 1131688, 760281]
run 14 322.9 [7677, 2476, 110951, 48143, 886505, 584460, 12987, 3849, 124654, 50940, 1006073, 644744]
run 15 343.4 [13180, 4409, 73508, 33491, 1002532, 749179, 9603, 3252, 76350, 37641, 1071861, 771086]
run 16 373.9 [39932, 10502, 228107, 98533, 861084, 514866, 41132, 10152, 271363, 101373, 944742, 536008]
run 17 404.0 [54818, 22977, 179811, 86163, 884487, 583854, 63862, 27078, 197686, 97263, 1032859, 695964]
run 18 436.4 [15132, 3533, 304889, 166623, 864249, 543693, 21591, 5830, 254012, 78155, 880249, 478843]
run 19 458.4 [4107, 1424, 59653, 27268, 857654, 624713, 8973, 3269, 111713, 53785, 1112161, 789624]
run 20 485.5 [5258, 1665, 103832, 47414, 1073645, 788740, 7267, 1598, 196330, 94192, 1283757, 883200]
run 21 507.9 [25770, 4563, 107972, 34659, 740437, 477606, 14307, 5187, 112255, 46667, 944167, 642629]
run 22 531.8 [23130, 7628, 108502, 46344, 966466, 671039, 32563, 10725, 148395, 62337, 1142292, 805102]
run 23 554.1 [12647, 3708, 95781, 42940, 848755, 561344, 12198, 2816, 126334, 36458, 1035007, 683980]
run 24 572.5 [5957, 1602, 54830, 25797, 964228, 682326, 5126, 1345, 55491, 25686, 1033237, 703994]
done 572.5
