$LAB_ROOT/hundred_pct/Q_every_quarter/qengine.py:38: PerformanceWarning: DataFrame is highly fragmented.  This is usually the result of calling `frame.insert` many times, which has poor performance.  Consider joining all columns at once using pd.concat(axis=1) instead. To get a de-fragmented frame, use `newframe = frame.copy()`
  df = df.assign(tp3s=ts)
Namespace(mode='full', universe='fo', null='weekflip', nruns=25, seed=501, real=False, beam=1000) conditions 2372 pairs 2797912 req {'strict': 22, 'hi': 16, 'lo': 10}
run 0 16.5 [0, 0, 5255, 1540, 106951, 57727, 125, 12, 6360, 2909, 162812, 98528]
run 1 33.2 [12, 2, 770, 248, 63068, 36189, 20, 4, 1169, 491, 150322, 85161]
run 2 47.8 [1, 0, 326, 153, 136762, 73314, 21, 1, 1856, 749, 214299, 130741]
run 3 63.8 [67, 15, 8977, 2705, 204730, 122786, 5, 1, 16778, 6239, 294097, 176251]
run 4 78.3 [203, 57, 3216, 970, 164985, 98806, 643, 272, 8114, 3148, 223434, 136008]
run 5 92.8 [0, 0, 1117, 300, 69538, 42064, 0, 0, 1321, 570, 106371, 66033]
run 6 106.7 [76, 0, 2665, 676, 118579, 66141, 6, 0, 3950, 1640, 194976, 117778]
run 7 120.1 [1, 0, 2512, 298, 100461, 58659, 2, 2, 2815, 624, 148251, 89686]
run 8 135.0 [1, 0, 2376, 732, 179640, 97310, 14, 4, 5512, 2784, 266020, 149358]
run 9 149.5 [10, 0, 933, 418, 70340, 39184, 18, 0, 2750, 1349, 145824, 82946]
run 10 163.9 [5, 0, 1645, 614, 78482, 48406, 0, 0, 1712, 652, 102814, 64802]
run 11 179.8 [0, 0, 1957, 846, 93876, 58027, 13, 2, 3687, 1550, 148833, 94779]
run 12 195.5 [0, 0, 1078, 718, 77793, 47388, 7, 1, 2031, 1192, 136295, 88221]
run 13 210.6 [0, 0, 3392, 1877, 133408, 68717, 0, 0, 5070, 2211, 192866, 113595]
run 14 227.8 [466, 154, 4865, 2667, 99868, 56442, 828, 177, 14102, 7236, 178071, 114898]
run 15 241.7 [1, 0, 850, 180, 89082, 55468, 2, 0, 1737, 464, 132724, 85117]
run 16 255.2 [0, 0, 426, 176, 77979, 47536, 0, 0, 2242, 502, 146388, 93226]
run 17 270.0 [0, 0, 2003, 761, 82482, 43559, 8, 4, 4640, 2548, 134050, 78603]
run 18 284.5 [2, 0, 1583, 947, 120762, 71480, 0, 0, 2519, 1235, 177110, 110564]
run 19 299.2 [0, 0, 848, 335, 74116, 48843, 2, 0, 4158, 2375, 138777, 91520]
run 20 314.4 [0, 0, 783, 147, 66739, 39214, 0, 0, 1584, 677, 157150, 72707]
run 21 330.0 [4, 0, 2178, 772, 88551, 46835, 3, 0, 5095, 2309, 148649, 96519]
run 22 346.1 [31, 2, 4368, 1763, 196412, 118474, 37, 10, 10286, 3722, 340184, 211749]
run 23 361.5 [0, 0, 2595, 603, 63551, 33816, 1, 0, 3947, 821, 106511, 62199]
run 24 376.5 [0, 0, 274, 138, 70807, 40999, 0, 0, 942, 525, 126692, 75360]
done 376.6
