$LAB_ROOT/hundred_pct/Q_every_quarter/qengine.py:38: PerformanceWarning: DataFrame is highly fragmented.  This is usually the result of calling `frame.insert` many times, which has poor performance.  Consider joining all columns at once using pd.concat(axis=1) instead. To get a de-fragmented frame, use `newframe = frame.copy()`
  df = df.assign(tp3s=ts)
Namespace(mode='split', universe='fo', null='weekflip', nruns=25, seed=601, real=False, beam=1000) conditions 2355 pairs 2757988 req {'strict': 14, 'hi': 11, 'lo': 7}
run 0 24.5 [5452, 1970, 87003, 36252, 887072, 627606, 8206, 3223, 113791, 53758, 1189763, 855013]
run 1 55.1 [26981, 9329, 283318, 189210, 613457, 445198, 24418, 6660, 296509, 167140, 675012, 454042]
run 2 77.2 [16018, 5112, 79168, 31482, 855236, 557215, 31699, 11423, 174181, 82413, 1098437, 722892]
run 3 99.1 [8885, 3176, 112260, 54427, 834936, 573702, 15412, 4987, 179183, 86460, 1104080, 781543]
run 4 117.8 [7139, 1549, 46844, 23169, 804826, 550665, 6191, 1456, 81728, 36860, 1071879, 726217]
run 5 134.2 [423, 254, 50537, 28497, 1007314, 515599, 1366, 439, 65281, 33211, 1149879, 621402]
run 6 152.5 [2280, 1062, 60451, 27451, 930695, 584028, 1979, 1276, 66091, 35398, 1061955, 713308]
run 7 171.9 [4279, 1501, 28371, 15672, 935032, 731468, 3680, 799, 50290, 26270, 1063792, 796143]
run 8 189.7 [1021, 399, 40951, 21770, 880045, 668043, 3386, 779, 65030, 32116, 1038990, 764917]
run 9 208.7 [2020, 914, 29200, 16365, 1305724, 988797, 1900, 858, 43622, 23917, 1462490, 1105361]
run 10 226.8 [3779, 2099, 56749, 31021, 837042, 528351, 5642, 1804, 86910, 48329, 983939, 624701]
run 11 256.3 [68355, 45206, 168707, 105402, 1055411, 774299, 77547, 24849, 205097, 88473, 1205598, 836307]
run 12 275.3 [3960, 1143, 47735, 21977, 893299, 663146, 6311, 1832, 87080, 43365, 1237588, 908568]
run 13 309.5 [129727, 48627, 413638, 204652, 664533, 372107, 92210, 25473, 382075, 182498, 710445, 403769]
run 14 335.4 [3634, 880, 111505, 67634, 784587, 566026, 10274, 3363, 148953, 80600, 910778, 642202]
run 15 353.9 [1266, 379, 41129, 21753, 825369, 567363, 4726, 1294, 77201, 40550, 1035373, 712753]
run 16 373.7 [9711, 4035, 54042, 30828, 1018093, 651127, 13177, 5217, 83947, 44929, 1344175, 921276]
run 17 394.2 [3286, 1493, 73943, 40758, 785720, 582578, 4794, 1589, 93255, 49947, 936921, 683520]
run 18 413.0 [3993, 2285, 55092, 28668, 859972, 682408, 4960, 1609, 60565, 30603, 1008936, 791778]
run 19 433.4 [3733, 1397, 45346, 21822, 739838, 514588, 9540, 3276, 95863, 53305, 956478, 652863]
run 20 452.5 [7825, 2185, 56334, 24923, 887880, 597025, 8609, 2708, 80403, 47172, 1078699, 765262]
run 21 490.5 [111552, 27408, 328395, 124596, 576918, 294868, 130989, 36188, 371627, 149839, 701652, 380514]
run 22 510.6 [6196, 2299, 79002, 41673, 757877, 546615, 12400, 6563, 100610, 58216, 892822, 654218]
run 23 528.9 [2963, 1110, 32531, 12814, 692577, 457312, 4082, 1329, 57873, 25962, 878525, 614370]
run 24 552.5 [23025, 5576, 76323, 29573, 784702, 533309, 34351, 10169, 109826, 43344, 1138851, 763926]
done 552.6
