$LAB_ROOT/hundred_pct/Q_every_quarter/qengine.py:38: PerformanceWarning: DataFrame is highly fragmented.  This is usually the result of calling `frame.insert` many times, which has poor performance.  Consider joining all columns at once using pd.concat(axis=1) instead. To get a de-fragmented frame, use `newframe = frame.copy()`
  df = df.assign(tp3s=ts)
Namespace(mode='full', universe='fo', null='shuffle', nruns=25, seed=102, real=False, beam=1000) conditions 2372 pairs 2797912 req {'strict': 22, 'hi': 16, 'lo': 10}
run 0 15.5 [2, 0, 1330, 506, 100992, 50541, 4, 0, 2172, 1340, 119509, 63371]
run 1 31.4 [1, 0, 2631, 511, 145538, 71632, 0, 0, 2347, 663, 157636, 88166]
run 2 46.1 [6, 2, 779, 240, 75351, 46294, 1, 0, 1596, 682, 111028, 65431]
run 3 60.1 [2, 0, 2293, 870, 108593, 72283, 0, 0, 2526, 695, 134953, 86138]
run 4 74.1 [30, 1, 1324, 269, 113676, 58686, 15, 5, 4708, 740, 167387, 89097]
run 5 88.2 [3, 0, 1458, 599, 106920, 60656, 4, 1, 1359, 414, 134820, 77296]
run 6 102.6 [11, 6, 1838, 704, 84171, 54613, 3, 0, 1965, 1151, 106570, 69412]
run 7 116.1 [6, 0, 647, 181, 79826, 41993, 15, 1, 821, 264, 126836, 75282]
run 8 129.9 [8, 0, 1256, 502, 83526, 49774, 70, 3, 2011, 978, 103663, 60593]
run 9 143.3 [0, 0, 1479, 656, 92685, 58530, 7, 1, 1749, 990, 128522, 76421]
run 10 157.7 [4, 0, 1495, 696, 98027, 61277, 4, 0, 2116, 1103, 137126, 85312]
run 11 172.5 [2, 2, 867, 387, 73439, 41751, 2, 2, 1679, 616, 108883, 62762]
run 12 187.5 [4, 0, 4638, 1574, 105266, 53505, 7, 0, 4263, 1195, 141897, 72460]
run 13 202.5 [189, 2, 2225, 461, 113864, 58091, 103, 4, 7502, 1169, 140793, 76912]
run 14 217.2 [3, 0, 1964, 549, 155355, 68574, 8, 0, 3452, 903, 202768, 98172]
run 15 232.4 [89, 26, 3450, 756, 95801, 53183, 40, 9, 5485, 1441, 145788, 79910]
run 16 248.6 [0, 0, 4879, 717, 137481, 69005, 8, 0, 16050, 2265, 217882, 109194]
run 17 263.4 [5, 1, 735, 344, 78876, 43827, 15, 1, 1868, 756, 120170, 67575]
run 18 277.3 [3, 0, 1537, 494, 106650, 59897, 1, 0, 1931, 608, 132830, 76669]
run 19 292.1 [1, 0, 1667, 451, 76319, 46518, 2, 0, 2887, 1147, 107958, 63797]
run 20 306.5 [5, 2, 425, 151, 96582, 59554, 2, 0, 1419, 416, 133949, 86312]
run 21 320.0 [1, 1, 1091, 483, 141604, 69047, 15, 0, 2345, 1381, 123496, 66920]
run 22 334.2 [3, 0, 1002, 315, 116458, 59382, 16, 1, 1527, 673, 172835, 85107]
run 23 348.4 [14, 0, 1603, 886, 113790, 65077, 14, 5, 3111, 1458, 157414, 97081]
run 24 362.5 [7, 0, 1667, 870, 100630, 58923, 14, 3, 3549, 1801, 158801, 99674]
done 362.5
