$LAB_ROOT/hundred_pct/Q_every_quarter/qengine.py:38: PerformanceWarning: DataFrame is highly fragmented.  This is usually the result of calling `frame.insert` many times, which has poor performance.  Consider joining all columns at once using pd.concat(axis=1) instead. To get a de-fragmented frame, use `newframe = frame.copy()`
  df = df.assign(tp3s=ts)
Namespace(mode='full', universe='fo', null='signflip', nruns=25, seed=202, real=False, beam=1000) conditions 2372 pairs 2797912 req {'strict': 22, 'hi': 16, 'lo': 10}
run 0 14.4 [0, 0, 631, 434, 86279, 46716, 0, 0, 1326, 398, 133319, 78790]
run 1 30.5 [12, 2, 1449, 432, 84515, 52447, 88, 39, 2646, 877, 138101, 84837]
run 2 45.4 [0, 0, 1044, 438, 242205, 137853, 3, 1, 2492, 1267, 338195, 202070]
run 3 62.7 [102, 13, 15090, 7826, 135365, 79714, 102, 3, 32254, 16133, 200121, 116929]
run 4 77.9 [0, 0, 2127, 794, 84530, 49746, 2, 0, 6464, 1540, 184694, 105104]
run 5 91.9 [8, 2, 986, 354, 70731, 42884, 33, 25, 1771, 914, 113155, 77394]
run 6 106.4 [14, 0, 3330, 1253, 107462, 67850, 17, 0, 5250, 1695, 156538, 101359]
run 7 120.9 [0, 0, 1139, 150, 117690, 68342, 1, 0, 1830, 570, 179047, 104659]
run 8 136.4 [8, 3, 2101, 698, 80012, 47637, 14, 0, 3638, 1297, 160803, 94634]
run 9 150.9 [41, 0, 1580, 579, 97748, 51974, 16, 0, 2927, 897, 137755, 75383]
run 10 166.1 [0, 0, 5860, 2078, 126561, 51011, 0, 0, 2523, 690, 135871, 71985]
run 11 180.8 [1, 0, 836, 371, 75309, 44095, 0, 0, 899, 304, 106967, 62805]
run 12 195.3 [13, 4, 4636, 1616, 139745, 76033, 3, 0, 5423, 1600, 169329, 97942]
run 13 209.8 [0, 0, 870, 238, 91005, 50023, 0, 0, 1114, 227, 161720, 81383]
run 14 224.4 [0, 0, 2765, 537, 100982, 51292, 0, 0, 7685, 1355, 164537, 83174]
run 15 239.3 [0, 0, 695, 292, 107813, 61942, 1, 0, 3681, 2461, 180208, 111322]
run 16 253.9 [1, 0, 2601, 1249, 84970, 43982, 0, 0, 3202, 925, 132374, 71149]
run 17 268.9 [1, 0, 957, 211, 69947, 40290, 10, 0, 2098, 992, 145664, 83371]
run 18 283.9 [0, 0, 1588, 508, 81632, 49545, 0, 0, 5211, 2632, 143381, 89059]
run 19 298.9 [0, 0, 2528, 830, 81443, 44791, 4, 0, 2625, 995, 118064, 62252]
run 20 314.3 [36, 3, 3392, 946, 90138, 51748, 53, 7, 6646, 3042, 156397, 96837]
run 21 329.6 [2, 0, 1536, 628, 100980, 59181, 2, 1, 2851, 1347, 158471, 97634]
run 22 344.2 [37, 4, 1971, 577, 100321, 58560, 175, 18, 4991, 1468, 169588, 103693]
run 23 359.5 [5, 0, 2010, 1052, 109226, 62074, 6, 1, 1977, 918, 161139, 95073]
run 24 374.9 [1, 0, 2587, 1105, 96219, 59222, 0, 0, 2577, 1251, 148028, 92408]
done 374.9
