$LAB_ROOT/hundred_pct/Q_every_quarter/qengine.py:38: PerformanceWarning: DataFrame is highly fragmented.  This is usually the result of calling `frame.insert` many times, which has poor performance.  Consider joining all columns at once using pd.concat(axis=1) instead. To get a de-fragmented frame, use `newframe = frame.copy()`
  df = df.assign(tp3s=ts)
Namespace(mode='split', universe='fo', null='signflip', nruns=25, seed=401, real=False, beam=1000) conditions 2355 pairs 2757988 req {'strict': 14, 'hi': 11, 'lo': 7}
run 0 27.3 [6584, 2662, 73999, 40566, 1046107, 768411, 10435, 3458, 95441, 47199, 1219131, 876515]
run 1 47.4 [7167, 2365, 76357, 30120, 1027982, 722317, 8426, 2850, 84348, 38118, 1145413, 792991]
run 2 71.1 [29595, 9081, 184054, 89029, 881086, 584543, 15833, 4221, 171413, 82149, 1021619, 699241]
run 3 91.9 [3575, 792, 110724, 48095, 847488, 518659, 5941, 1802, 121866, 58218, 1028043, 640490]
run 4 110.9 [6124, 2024, 64530, 37455, 926701, 633824, 7121, 2134, 82255, 44873, 1124188, 747253]
run 5 131.8 [15721, 4176, 116217, 44832, 1058955, 742143, 13656, 3053, 125111, 48719, 1175010, 821946]
run 6 150.3 [1758, 563, 85964, 44293, 1042711, 791019, 2483, 763, 68033, 33088, 1101496, 802226]
run 7 171.3 [9074, 1704, 111806, 58797, 1131807, 799237, 6367, 1523, 132771, 69349, 1140011, 819191]
run 8 190.0 [13205, 4548, 59514, 26658, 671579, 476337, 14126, 4091, 85366, 35748, 866666, 582075]
run 9 216.3 [15789, 4696, 173558, 74028, 720852, 448154, 59535, 11007, 316432, 116507, 892311, 526013]
run 10 235.3 [7821, 2236, 63439, 24755, 911353, 595772, 8690, 2631, 105974, 39728, 1129827, 711023]
run 11 254.6 [5163, 1579, 42205, 20898, 1035370, 773019, 10052, 1309, 80845, 40293, 1187303, 842015]
run 12 273.0 [1485, 213, 59509, 29112, 868462, 628658, 3085, 893, 80422, 39143, 999433, 708670]
run 13 290.9 [6449, 2182, 57206, 23243, 817378, 568253, 4516, 2878, 56237, 31083, 983431, 711794]
run 14 306.8 [1430, 412, 44563, 19383, 1008843, 810094, 3126, 849, 61160, 27763, 1164082, 909019]
run 15 325.8 [2900, 846, 38471, 16152, 846866, 596564, 3721, 1928, 55207, 26076, 1049257, 752268]
run 16 345.2 [2226, 282, 44480, 16915, 917963, 678447, 2599, 656, 57488, 26765, 1168537, 844209]
run 17 367.6 [6450, 1663, 136415, 47014, 747913, 437144, 14097, 3148, 162534, 59942, 842113, 515935]
run 18 388.1 [4219, 1979, 79587, 29175, 908417, 563423, 2836, 1604, 80405, 29976, 1016680, 677962]
run 19 407.3 [11379, 2209, 55493, 17364, 955425, 675186, 12147, 2648, 76759, 27137, 1073741, 737372]
run 20 428.1 [14195, 5291, 101800, 47327, 1004516, 623629, 20957, 6250, 153001, 66730, 1147882, 738206]
run 21 448.6 [4041, 731, 55697, 23247, 884698, 669954, 4042, 1246, 78263, 29380, 1024109, 737573]
run 22 467.2 [2280, 270, 35993, 17395, 824510, 602509, 908, 278, 47447, 24267, 976763, 702636]
run 23 487.6 [12703, 5176, 66862, 32927, 983484, 586539, 20939, 8380, 105977, 54054, 1222452, 772823]
run 24 506.1 [16260, 11555, 70702, 38543, 908397, 590070, 20232, 8382, 98697, 41554, 1019526, 658358]
done 506.1
