$LAB_ROOT/hundred_pct/Q_every_quarter/qengine.py:38: PerformanceWarning: DataFrame is highly fragmented.  This is usually the result of calling `frame.insert` many times, which has poor performance.  Consider joining all columns at once using pd.concat(axis=1) instead. To get a de-fragmented frame, use `newframe = frame.copy()`
  df = df.assign(tp3s=ts)
Namespace(mode='split', universe='fo', null='signflip', nruns=25, seed=402, real=False, beam=1000) conditions 2355 pairs 2757988 req {'strict': 14, 'hi': 11, 'lo': 7}
run 0 25.8 [8703, 2778, 120203, 60447, 896438, 595396, 9891, 4433, 146589, 78930, 1086373, 767673]
run 1 48.2 [3976, 485, 78434, 36188, 1085711, 809989, 6563, 1147, 101964, 59889, 1281266, 973890]
run 2 65.4 [678, 342, 34961, 17854, 1088243, 783670, 2160, 774, 51726, 25985, 1171970, 814734]
run 3 83.9 [3379, 1176, 84433, 41381, 1082799, 787964, 2746, 840, 70934, 33064, 1186399, 844797]
run 4 103.4 [15607, 3876, 66855, 24016, 890624, 643982, 35978, 8253, 108751, 40132, 1062985, 702868]
run 5 127.1 [23081, 6242, 190574, 79776, 738217, 451111, 24530, 7152, 215226, 92196, 883637, 547775]
run 6 146.0 [3624, 1297, 83533, 45480, 983271, 625203, 5506, 2098, 79521, 43183, 1142528, 751154]
run 7 165.5 [3348, 1320, 67753, 31281, 1103833, 821635, 4435, 1701, 100090, 50848, 1328033, 987774]
run 8 185.4 [26092, 7395, 92533, 43941, 957663, 679528, 4382, 1057, 80620, 38827, 1107894, 792038]
run 9 203.6 [3806, 81, 33832, 11400, 1025383, 745538, 1447, 326, 36694, 15575, 1318659, 968911]
run 10 224.5 [4044, 1647, 43246, 19825, 957997, 555973, 6228, 3090, 71883, 36030, 1206408, 784961]
run 11 246.8 [3466, 2161, 63133, 31157, 908607, 648665, 4932, 2428, 74479, 35103, 1131895, 802807]
run 12 267.4 [26291, 12362, 114573, 55742, 885256, 568354, 19224, 6272, 119596, 52984, 1058039, 677141]
run 13 289.1 [1038, 207, 89449, 39889, 999149, 702276, 1625, 581, 111303, 52845, 1148446, 815196]
run 14 308.4 [3153, 1120, 41746, 21928, 1011848, 713001, 3468, 1391, 59927, 29158, 1203861, 833355]
run 15 326.9 [2969, 793, 42983, 18271, 895525, 667354, 5191, 2132, 66223, 33805, 1070642, 775190]
run 16 344.9 [2958, 755, 47643, 21922, 950525, 649169, 4271, 1284, 59733, 29513, 1132608, 741797]
run 17 365.1 [3147, 1300, 37174, 19632, 929038, 725101, 2433, 1064, 39834, 20460, 1027123, 775672]
run 18 384.4 [3732, 711, 58368, 22995, 943879, 614471, 4033, 999, 65781, 29762, 1140902, 769258]
run 19 404.6 [5042, 2074, 60941, 24597, 758307, 526172, 13668, 5508, 76244, 37341, 1008545, 723600]
run 20 423.3 [1815, 618, 30515, 13259, 799858, 608851, 3731, 1089, 51987, 24348, 921822, 650064]
run 21 452.9 [12166, 3761, 148228, 60223, 782278, 477575, 22617, 5678, 273967, 132358, 907251, 577331]
run 22 474.3 [1781, 674, 74045, 29685, 798437, 478797, 4745, 1149, 107643, 48526, 1099850, 731249]
run 23 500.5 [22532, 6787, 147850, 64893, 859330, 576687, 16896, 6253, 148847, 70912, 1016454, 709439]
run 24 526.2 [14029, 5214, 127859, 54046, 1083700, 762185, 14233, 5200, 157395, 75795, 1247206, 878059]
done 526.2
