$LAB_ROOT/hundred_pct/Q_every_quarter/qengine.py:38: PerformanceWarning: DataFrame is highly fragmented.  This is usually the result of calling `frame.insert` many times, which has poor performance.  Consider joining all columns at once using pd.concat(axis=1) instead. To get a de-fragmented frame, use `newframe = frame.copy()`
  df = df.assign(tp3s=ts)
$LAB_ROOT/hundred_pct/Q_every_quarter/qengine.py:38: PerformanceWarning: DataFrame is highly fragmented.  This is usually the result of calling `frame.insert` many times, which has poor performance.  Consider joining all columns at once using pd.concat(axis=1) instead. To get a de-fragmented frame, use `newframe = frame.copy()`
  df = df.assign(tp3s=ts)
universe direction exit                                    filter  trades  quarters_with_picks  quarters_pos  quarters_pos_net  first14_with_picks  first14_pos  last8_with_picks  last8_pos  avg_pct  win_rate_pct  win_rate_net_pct  worst_quarter_pct  best_quarter_pct
      fo      long 3day                                       ALL    3278                   22            13                11                  14            9                 8          4     0.04         48.63             47.41              -1.12              0.96
      fo      long   tp                                       ALL    3278                   22            12                12                  14            8                 8          4     0.05         51.13             50.03              -1.18              0.83
      fo     short 3day                                       ALL    3278                   22             9                 8                  14            5                 8          4    -0.04         51.37             49.79              -0.96              1.12
      fo     short   tp                                       ALL    3278                   22             9                 8                  14            5                 8          4    -0.05         53.33             51.92              -1.09              1.50
      fo      long 3day                   mcap top third (season)    1004                   22            13                11                  14            8                 8          5    -0.07         47.91             46.61              -2.50              0.84
      fo      long   tp                   mcap top third (season)    1004                   22            11                 9                  14            8                 8          3    -0.09         49.70             48.41              -2.51              0.98
      fo     short 3day                   mcap top third (season)    1004                   22             9                 9                  14            6                 8          3     0.07         52.09             50.60              -0.84              2.50
      fo     short   tp                   mcap top third (season)    1004                   22            10                 8                  14            6                 8          4     0.03         52.89             51.49              -0.88              2.34
      fo      long 3day                         mcap middle third     993                   22            12                11                  14            8                 8          4     0.23         49.65             48.84              -1.14              2.64
      fo      long   tp                         mcap middle third     993                   22            13                11                  14            8                 8          5     0.30         52.57             52.06              -1.14              2.16
      fo     short 3day                         mcap middle third     993                   22            10                 9                  14            6                 8          4    -0.23         50.35             48.24              -2.64              1.14
      fo     short   tp                         mcap middle third     993                   22            10                 9                  14            6                 8          4    -0.21         52.67             50.86              -2.31              1.62
      fo      long 3day                         mcap bottom third     989                   22            12                11                  14            9                 8          3    -0.06         48.23             46.92              -1.91              1.73
      fo      long   tp                         mcap bottom third     989                   22            11                10                  14            9                 8          2    -0.09         50.76             49.44              -1.90              1.31
      fo     short 3day                         mcap bottom third     989                   22            10                 8                  14            5                 8          5     0.06         51.77             50.46              -1.73              1.91
      fo     short   tp                         mcap bottom third     989                   22            11                 9                  14            6                 8          5     0.07         54.50             53.39              -1.57              1.74
      fo      long 3day                     mcap top 50 in season    1100                   22            10                10                  14            7                 8          3    -0.08         48.00             46.64              -2.26              0.93
      fo      long   tp                     mcap top 50 in season    1100                   22            11                11                  14            8                 8          3    -0.09         49.64             48.27              -2.25              0.98
      fo     short 3day                     mcap top 50 in season    1100                   22            12                10                  14            7                 8          5     0.08         52.00             50.18              -0.93              2.26
      fo     short   tp                     mcap top 50 in season    1100                   22            11                10                  14            6                 8          5     0.08         53.09             51.45              -0.97              2.14
      fo      long 3day  sector_index == Nifty Financial Services     431                   22            11                10                  14            5                 8          6    -0.21         46.64             46.40              -4.43              4.14
      fo      long   tp  sector_index == Nifty Financial Services     431                   22            11                 9                  14            5                 8          6    -0.11         50.81             50.81              -4.43              3.56
      fo     short 3day  sector_index == Nifty Financial Services     431                   22            11                10                  14            9                 8          2     0.21         53.36             51.74              -4.14              4.43
      fo     short   tp  sector_index == Nifty Financial Services     431                   22            12                12                  14            9                 8          3     0.14         56.15             54.52              -4.14              3.94
      fo      long 3day                sector_index == Nifty Bank     336                   22            11                 8                  14            7                 8          4    -0.04         47.92             46.73              -2.87              4.12
      fo      long   tp                sector_index == Nifty Bank     336                   22            11                11                  14            8                 8          3    -0.06         50.30             49.11              -2.81              2.78
      fo     short 3day                sector_index == Nifty Bank     336                   22            11                11                  14            7                 8          4     0.04         52.08             51.19              -4.12              2.87
      fo     short   tp                sector_index == Nifty Bank     336                   22            12                12                  14            7                 8          5     0.08         54.17             53.57              -3.64              3.48
      fo      long 3day                sector_index == Nifty Auto     264                   22            18                17                  14           12                 8          6     1.20         59.47             58.33              -3.74              4.19
      fo      long   tp                sector_index == Nifty Auto     264                   22            18                18                  14           12                 8          6     1.07         60.61             59.47              -3.74              4.31
      fo     short 3day                sector_index == Nifty Auto     264                   22             4                 4                  14            2                 8          2    -1.20         40.53             39.39              -4.19              3.74
      fo     short   tp                sector_index == Nifty Auto     264                   22             4                 3                  14            2                 8          2    -1.18         42.80             42.42              -4.19              3.17
      fo      long 3day              sector_index == Nifty Pharma     260                   22            10                10                  14            7                 8          3     0.09         48.85             48.08              -3.53              2.03
      fo      long   tp              sector_index == Nifty Pharma     260                   22            12                11                  14            7                 8          5     0.09         50.38             50.00              -3.54              2.32
      fo     short 3day              sector_index == Nifty Pharma     260                   22            12                10                  14            7                 8          5    -0.09         51.15             50.77              -2.03              3.53
      fo     short   tp              sector_index == Nifty Pharma     260                   22            11                11                  14            6                 8          5    -0.21         51.54             51.15              -2.03              2.16
      fo      long 3day                  sector_index == Nifty IT     248                   22            12                12                  14            7                 8          5     0.41         51.61             50.40              -3.13              4.09
      fo      long   tp                  sector_index == Nifty IT     248                   22            12                12                  14            7                 8          5     0.34         54.44             53.23              -2.93              3.57
      fo     short 3day                  sector_index == Nifty IT     248                   22            10                 9                  14            7                 8          3    -0.41         48.39             46.37              -4.09              3.13
      fo     short   tp                  sector_index == Nifty IT     248                   22            11                10                  14            6                 8          5    -0.11         52.02             50.00              -4.40              3.46
      fo      long 3day                 sector_index == Nifty 500     245                   22            17                16                  14           12                 8          5     0.63         50.20             48.16              -2.21              3.61
      fo      long   tp                 sector_index == Nifty 500     245                   22            17                13                  14           12                 8          5     0.35         51.84             50.20              -2.35              4.07
      fo     short 3day                 sector_index == Nifty 500     245                   22             5                 5                  14            2                 8          3    -0.63         49.80             48.98              -3.61              2.21
      fo     short   tp                 sector_index == Nifty 500     245                   22             6                 6                  14            3                 8          3    -0.45         53.06             52.65              -2.81              2.47
      fo      long 3day               sector_index == Nifty Metal     206                   22             6                 6                  14            3                 8          3    -0.26         50.49             47.57              -1.70              2.88
      fo      long   tp               sector_index == Nifty Metal     206                   22            11                10                  14            7                 8          4     0.18         54.85             51.94              -2.35              2.66
      fo     short 3day               sector_index == Nifty Metal     206                   22            16                16                  14           11                 8          5     0.26         49.51             47.57              -2.88              1.70
      fo     short   tp               sector_index == Nifty Metal     206                   22            15                14                  14           11                 8          4     0.29         50.97             49.51              -2.88              1.47
      fo      long 3day                sector_index == Nifty FMCG     202                   22             7                 7                  14            5                 8          2     0.05         46.04             45.54              -3.16              3.29
      fo      long   tp                sector_index == Nifty FMCG     202                   22             8                 8                  14            5                 8          3     0.03         48.02             47.52              -3.16              3.43
      fo     short 3day                sector_index == Nifty FMCG     202                   22            15                10                  14            9                 8          6    -0.05         53.96             51.49              -3.29              3.16
      fo     short   tp                sector_index == Nifty FMCG     202                   22            12                 9                  14            6                 8          6    -0.22         53.96             51.49              -3.54              2.47
      fo      long 3day sector_index == Nifty India Manufacturing     202                   20            12                11                  12            7                 8          5     0.35         51.49             50.50              -1.50              2.58
      fo      long   tp sector_index == Nifty India Manufacturing     202                   20            11                11                  12            6                 8          5     0.38         53.96             52.97              -1.46              2.63
      fo     short 3day sector_index == Nifty India Manufacturing     202                   20             8                 8                  12            5                 8          3    -0.35         48.51             46.04              -2.58              1.50
      fo     short   tp sector_index == Nifty India Manufacturing     202                   20            10                10                  12            5                 8          5    -0.27         51.98             49.50              -2.56              1.47
      fo      long 3day     sector_index == Nifty Services Sector     158                   22            10                10                  14            5                 8          5    -0.12         48.10             46.20              -2.66              3.37
      fo      long   tp     sector_index == Nifty Services Sector     158                   22            10                 8                  14            6                 8          4    -0.25         50.00             48.10              -2.90              2.13
      fo     short 3day     sector_index == Nifty Services Sector     158                   22            12                12                  14            9                 8          3     0.12         51.90             48.10              -3.37              2.66
      fo     short   tp     sector_index == Nifty Services Sector     158                   22            10                10                  14            8                 8          2    -0.07         53.16             49.37              -2.80              2.05
      fo      long 3day         sector_index == Nifty Commodities     158                   22            10                10                  14            7                 8          3    -0.07         46.20             44.94              -2.28              2.01
      fo      long   tp         sector_index == Nifty Commodities     158                   22            11                11                  14            7                 8          4    -0.07         47.47             46.20              -2.28              1.89
      fo     short 3day         sector_index == Nifty Commodities     158                   22            12                12                  14            7                 8          5     0.07         53.80             50.00              -2.01              2.28
      fo     short   tp         sector_index == Nifty Commodities     158                   22            12                12                  14            7                 8          5     0.21         55.06             51.27              -2.01              2.04
      fo      long 3day           sector_index == Nifty Oil & Gas     158                   22            10                10                  14            7                 8          3    -0.36         44.94             43.04              -3.55              2.11
      fo      long   tp           sector_index == Nifty Oil & Gas     158                   22            11                11                  14            7                 8          4    -0.32         46.20             44.94              -3.55              2.62
      fo     short 3day           sector_index == Nifty Oil & Gas     158                   22            12                11                  14            7                 8          5     0.36         55.06             54.43              -2.11              3.55
      fo     short   tp           sector_index == Nifty Oil & Gas     158                   22            13                11                  14            8                 8          5     0.35         55.06             55.06              -2.11              4.41
      fo      long 3day   sector_index == Nifty Consumer Durables     110                   22             9                 9                  14            7                 8          2    -0.72         45.45             44.55              -8.03              5.55
      fo      long   tp   sector_index == Nifty Consumer Durables     110                   22            11                11                  14            8                 8          3    -0.75         49.09             48.18              -8.03              4.78
      fo     short 3day   sector_index == Nifty Consumer Durables     110                   22            13                13                  14            7                 8          6     0.72         54.55             53.64              -5.55              8.03
      fo     short   tp   sector_index == Nifty Consumer Durables     110                   22            13                12                  14            7                 8          6     0.22         55.45             54.55              -5.55              6.04
      fo      long 3day      sector_index == Nifty Infrastructure      95                   22             9                 9                  14            7                 8          2    -0.53         41.05             40.00              -7.09              6.21
      fo      long   tp      sector_index == Nifty Infrastructure      95                   22            10                 9                  14            8                 8          2    -0.40         44.21             43.16              -7.09              4.49
      fo     short 3day      sector_index == Nifty Infrastructure      95                   22            13                13                  14            7                 8          6     0.53         58.95             57.89              -6.21              7.09
      fo     short   tp      sector_index == Nifty Infrastructure      95                   22            15                14                  14            8                 8          7     0.96         63.16             62.11              -6.21              5.99
      fo      long 3day              sector_index == Nifty Energy      94                   22             6                 5                  14            6                 8          0    -1.29         36.17             34.04              -7.84              4.54
      fo      long   tp              sector_index == Nifty Energy      94                   22             9                 8                  14            7                 8          2    -0.85         40.43             38.30              -7.84              3.96
      fo     short 3day              sector_index == Nifty Energy      94                   22            16                15                  14            8                 8          8     1.29         63.83             62.77              -4.54              7.84
      fo     short   tp              sector_index == Nifty Energy      94                   22            15                14                  14            8                 8          7     1.15         63.83             62.77              -4.54              3.87
      fo      long 3day   sector_index == Nifty India Consumption      49                   22             8                 8                  14            6                 8          2    -1.41         40.82             40.82              -7.06              3.58
      fo      long   tp   sector_index == Nifty India Consumption      49                   22             8                 8                  14            6                 8          2    -1.63         40.82             40.82              -7.06              2.53
      fo     short 3day   sector_index == Nifty India Consumption      49                   22            14                14                  14            8                 8          6     1.41         59.18             57.14              -3.58              7.06
      fo     short   tp   sector_index == Nifty India Consumption      49                   22            13                12                  14            9                 8          4     0.93         61.22             59.18              -2.53              7.49
      fo      long 3day       sector_index == Nifty India Defence      31                   19            11                11                  11            8                 8          3    -0.35         51.61             51.61              -6.23             11.15
      fo      long   tp       sector_index == Nifty India Defence      31                   19            11                11                  11            8                 8          3    -0.30         54.84             54.84              -5.59             12.72
      fo     short 3day       sector_index == Nifty India Defence      31                   19             8                 7                  11            3                 8          5     0.35         48.39             48.39             -11.15              6.23
      fo     short   tp       sector_index == Nifty India Defence      31                   19             8                 8                  11            4                 8          4    -0.06         51.61             51.61             -11.15              4.26
      fo      long 3day       sector_index == Nifty India Digital      31                    7             4                 4                   0            0                 7          4     1.02         54.84             51.61              -3.69              6.92
      fo      long   tp       sector_index == Nifty India Digital      31                    7             5                 5                   0            0                 7          5     0.60         58.06             54.84              -3.95              3.85
      fo     short 3day       sector_index == Nifty India Digital      31                    7             3                 2                   0            0                 7          3    -1.02         45.16             45.16              -6.92              3.69
      fo     short   tp       sector_index == Nifty India Digital      31                    7             2                 1                   0            0                 7          2    -1.14         45.16             45.16              -6.92              3.69
      fo      long 3day                       fin_type == Company    2500                   22            12                11                  14            8                 8          4     0.03         49.00             47.68              -1.50              0.94
      fo      long   tp                       fin_type == Company    2500                   22            12                12                  14            8                 8          4     0.04         51.24             50.00              -1.57              0.95
      fo     short 3day                       fin_type == Company    2500                   22            10                 9                  14            6                 8          4    -0.03         51.00             49.32              -0.94              1.50
      fo     short   tp                       fin_type == Company    2500                   22            10                 8                  14            6                 8          4    -0.04         52.80             51.28              -0.89              1.70
      fo      long 3day                          fin_type == Bank     313                   22            12                10                  14            8                 8          4    -0.04         47.92             46.65              -2.87              3.01
      fo      long   tp                          fin_type == Bank     313                   22            11                11                  14            8                 8          3    -0.03         50.48             49.20              -2.81              3.02
      fo     short 3day                          fin_type == Bank     313                   22            10                10                  14            6                 8          4     0.04         52.08             51.12              -3.01              2.87
      fo     short   tp                          fin_type == Bank     313                   22            12                12                  14            7                 8          5     0.11         54.31             53.67              -3.01              3.48
      fo      long 3day              fin_type == NBFC / financial     312                   22            13                13                  14            6                 8          7     0.12         46.79             46.15              -3.72              4.48
      fo      long   tp              fin_type == NBFC / financial     312                   22            11                11                  14            5                 8          6     0.10         50.64             50.32              -3.72              4.14
      fo     short 3day              fin_type == NBFC / financial     312                   22             9                 7                  14            8                 8          1    -0.12         53.21             51.60              -4.48              3.72
      fo     short   tp              fin_type == NBFC / financial     312                   22             9                 7                  14            8                 8          1    -0.17         56.41             54.81              -4.48              3.42
      fo      long 3day                                   fq == 1     916                    6             4                 3                   4            3                 2          1     0.07         49.45             48.25              -0.56              0.75
      fo      long   tp                                   fq == 1     916                    6             4                 4                   4            3                 2          1     0.09         50.98             49.78              -0.70              0.70
      fo     short 3day                                   fq == 1     916                    6             2                 2                   4            1                 2          1    -0.07         50.55             48.91              -0.75              0.56
      fo     short   tp                                   fq == 1     916                    6             2                 2                   4            1                 2          1    -0.11         51.86             50.22              -0.81              0.50
      fo      long 3day                                   fq == 4     879                    6             4                 4                   4            3                 2          1     0.32         49.49             48.35              -0.83              0.96
      fo      long   tp                                   fq == 4     879                    6             4                 4                   4            3                 2          1     0.27         52.67             51.76              -0.75              0.83
      fo     short 3day                                   fq == 4     879                    6             2                 2                   4            1                 2          1    -0.32         50.51             49.60              -0.96              0.83
      fo     short   tp                                   fq == 4     879                    6             2                 1                   4            1                 2          1    -0.36         52.45             51.76              -1.09              0.98
      fo      long 3day                                   fq == 3     768                    5             2                 2                   3            1                 2          1    -0.18         46.74             45.18              -0.79              0.48
      fo      long   tp                                   fq == 3     768                    5             2                 2                   3            1                 2          1    -0.11         50.26             48.83              -0.64              0.55
      fo     short 3day                                   fq == 3     768                    5             3                 2                   3            2                 2          1     0.18         53.26             51.17              -0.48              0.79
      fo     short   tp                                   fq == 3     768                    5             3                 3                   3            2                 2          1     0.21         55.73             53.91              -0.22              0.68
      fo      long 3day                                   fq == 2     715                    5             3                 2                   3            2                 2          1    -0.10         48.53             47.55              -1.12              0.67
      fo      long   tp                                   fq == 2     715                    5             2                 2                   3            1                 2          1    -0.11         50.35             49.51              -1.18              0.60
      fo     short 3day                                   fq == 2     715                    5             2                 2                   3            1                 2          1     0.10         51.47             49.65              -0.67              1.12
      fo     short   tp                                   fq == 2     715                    5             2                 2                   3            1                 2          1     0.15         53.71             52.17              -0.64              1.50
universe direction exit filter  trades  quarters_with_picks  quarters_pos  quarters_pos_net  first14_with_picks  first14_pos  last8_with_picks  last8_pos  avg_pct  win_rate_pct  win_rate_net_pct  worst_quarter_pct  best_quarter_pct
     all      long 3day    ALL    4460                   22            14                13                  14           10                 8          4     0.28         50.38             49.04              -0.75              1.08
     all      long   tp    ALL    4460                   22            14                13                  14           10                 8          4     0.22         52.80             51.66              -0.78              1.06
     all     short 3day    ALL    4460                   22             8                 7                  14            4                 8          4    -0.28         49.62             48.12              -1.08              0.75
     all     short   tp    ALL    4460                   22             7                 6                  14            4                 8          3    -0.26         52.20             50.83              -1.17              0.87
broad filters (fo) with every quarter positive: Empty DataFrame
Columns: [direction, exit, filter, trades, quarters_with_picks]
Index: []
max quarters positive among broad filters with >= 16 quarters with picks:
direction exit                               filter  trades  quarters_with_picks  quarters_pos  avg_pct
     long   tp           sector_index == Nifty Auto     264                   22            18     1.07
     long 3day           sector_index == Nifty Auto     264                   22            18     1.20
     long 3day            sector_index == Nifty 500     245                   22            17     0.63
     long   tp            sector_index == Nifty 500     245                   22            17     0.35
    short 3day         sector_index == Nifty Energy      94                   22            16     1.29
    short 3day          sector_index == Nifty Metal     206                   22            16     0.26
    short   tp         sector_index == Nifty Energy      94                   22            15     1.15
    short 3day           sector_index == Nifty FMCG     202                   22            15    -0.05
    short   tp          sector_index == Nifty Metal     206                   22            15     0.29
    short   tp sector_index == Nifty Infrastructure      95                   22            15     0.96
