$LAB_ROOT/hundred_pct/Q_every_quarter/qengine.py:38: PerformanceWarning: DataFrame is highly fragmented.  This is usually the result of calling `frame.insert` many times, which has poor performance.  Consider joining all columns at once using pd.concat(axis=1) instead. To get a de-fragmented frame, use `newframe = frame.copy()`
  df = df.assign(tp3s=ts)
Namespace(mode='full', universe='fo', null='signflip', nruns=25, seed=201, real=False, beam=1000) conditions 2372 pairs 2797912 req {'strict': 22, 'hi': 16, 'lo': 10}
run 0 30.2 [8, 2, 42931, 11142, 319485, 149687, 87, 13, 24338, 5843, 319610, 148664]
run 1 53.3 [7, 0, 810, 375, 96330, 53002, 8, 0, 2131, 991, 151479, 94467]
run 2 75.6 [6, 0, 1268, 465, 81229, 45432, 20, 3, 2001, 769, 124215, 70238]
run 3 104.6 [8, 0, 3366, 1233, 139003, 69997, 1, 0, 5126, 2132, 205956, 100296]
run 4 143.1 [2, 0, 1136, 356, 72508, 41569, 0, 0, 1620, 852, 114671, 68254]
run 5 173.9 [9, 1, 2188, 1252, 79163, 43382, 10, 0, 2018, 640, 126319, 76996]
run 6 208.2 [13, 4, 1572, 301, 101964, 55358, 184, 21, 5135, 1182, 197995, 116587]
run 7 239.8 [12, 0, 1736, 705, 97425, 53738, 3, 0, 2349, 1006, 154685, 89734]
run 8 288.4 [7, 1, 1051, 230, 87733, 44858, 60, 10, 1760, 710, 132667, 74068]
run 9 346.1 [63, 41, 3648, 1290, 128065, 69012, 19, 13, 3956, 1944, 211582, 129583]
run 10 371.5 [4, 0, 852, 164, 79691, 43488, 7, 2, 2523, 1166, 129138, 71935]
run 11 401.4 [0, 0, 1313, 501, 99355, 54548, 5, 0, 1932, 641, 143371, 84138]
run 12 434.3 [0, 0, 3486, 840, 143582, 68911, 11, 0, 4950, 1183, 183832, 95961]
run 13 464.8 [4, 1, 607, 172, 84371, 47299, 136, 2, 1913, 424, 145129, 78612]
run 14 485.6 [16, 0, 4108, 1749, 128046, 77762, 2, 0, 4398, 2035, 196042, 115767]
run 15 502.0 [8, 0, 27703, 26298, 257593, 214426, 17, 0, 25397, 23012, 281314, 218241]
run 16 516.2 [0, 0, 1005, 644, 71850, 46731, 0, 0, 3477, 1715, 146439, 95652]
run 17 531.1 [1, 0, 1483, 737, 86619, 52468, 3, 0, 2546, 910, 139701, 86730]
run 18 545.5 [0, 0, 1360, 487, 91769, 49620, 0, 0, 2197, 917, 130909, 80652]
run 19 560.1 [0, 0, 3431, 1346, 94609, 56014, 1, 0, 4941, 2544, 177111, 113697]
run 20 574.1 [11, 0, 392, 171, 99065, 55353, 21, 4, 947, 336, 142733, 76975]
run 21 588.5 [26, 5, 1601, 606, 96128, 46919, 57, 6, 1349, 410, 115763, 61484]
run 22 602.9 [4, 0, 1748, 1029, 144921, 77544, 1, 0, 4650, 2673, 216856, 127608]
run 23 617.6 [19, 0, 2354, 403, 106901, 58135, 36, 11, 5268, 1495, 188448, 113824]
run 24 632.0 [10, 0, 1944, 290, 124530, 69606, 10, 3, 3815, 634, 194494, 120165]
done 632.1
