$LAB_ROOT/hundred_pct/Q_every_quarter/qengine.py:38: PerformanceWarning: DataFrame is highly fragmented.  This is usually the result of calling `frame.insert` many times, which has poor performance.  Consider joining all columns at once using pd.concat(axis=1) instead. To get a de-fragmented frame, use `newframe = frame.copy()`
  df = df.assign(tp3s=ts)
 threshold_pct exit  trades  win_rate_pct  win_rate_net_pct  avg_pct  avg_net_pct  worst_trade_pct  quarters_with_picks  quarters_pos  quarters_pos_net first14 last8  first14_avg_pct  last8_avg_pct  worst_quarter_pct  trades_per_quarter_median  avg_wo_best5_pct  quarters_with_picks_wo_best5  quarters_pos_wo_best5  randompick_mean_quarters_pos  randompick_p_ge_obs  randompick_p_all_pos  randompick_avg_pct  signflip_mean_quarters_pos  signflip_p_ge_obs  signflip_p_avg_ge_obs
         -10.0 3day     194        54.124            52.577    0.728        0.558          -17.372                   22            16                16   10/14   6/8            0.665          0.819             -1.877                        7.0             0.332                            22                     14                        11.087                0.024                 0.000              -0.052                      11.068              0.022                  0.022
         -10.0   tp     194        59.278            57.732    0.836        0.666          -17.372                   22            17                16   11/14   6/8            0.650          1.106             -2.560                        7.0             0.482                            22                     16                        11.342                0.008                 0.000              -0.033                      11.246              0.006                  0.008
         -12.0 3day     116        58.621            56.034    1.024        0.854          -17.372                   21            15                14   11/14   4/7            1.621          0.207             -1.426                        5.0             0.372                            21                     14                        10.239                0.027                 0.000              -0.167                      10.851              0.045                  0.011
         -12.0   tp     116        63.793            61.207    1.045        0.875          -17.372                   21            15                15   10/14   5/7            1.276          0.730             -1.038                        5.0             0.494                            21                     15                        10.601                0.038                 0.000              -0.143                      10.947              0.050                  0.005
         -15.0 3day      51        64.706            62.745    2.092        1.922          -10.054                   16            14                14    9/10   5/6            2.544          1.496             -2.794                        2.0             0.717                            16                     11                         7.495                0.000                 0.000              -0.317                       7.614              0.001                  0.002
         -15.0   tp      51        72.549            70.588    2.235        2.065          -10.054                   16            15                15    9/10   6/6            2.121          2.386             -2.794                        2.0             1.190                            16                     14                         7.801                0.000                 0.000              -0.266                       7.802              0.000                  0.000
         -18.0 3day      23        60.870            60.870    2.815        2.645          -10.054                    8             7                 7     4/4   3/4            2.698          2.967             -1.372                        2.5            -0.105                             8                      3                         3.672                0.016                 0.001              -0.435                       3.766              0.023                  0.022
         -18.0   tp      23        69.565            69.565    2.672        2.502          -10.054                    8             7                 7     4/4   3/4            1.253          4.517             -1.372                        2.5             0.550                             7                      4                         3.872                0.027                 0.003              -0.354                       3.730              0.021                  0.011
         -20.0 3day      16        75.000            75.000    4.034        3.864           -8.418                    7             7                 7     4/4   3/3            2.800          6.090              1.095                        1.0             0.303                             6                      4                         3.163                0.003                 0.003              -0.422                       3.227              0.005                  0.011
         -20.0   tp      16        81.250            81.250    4.075        3.905           -8.418                    7             7                 7     4/4   3/3            1.629          8.153              0.234                        1.0             1.271                             5                      3                         3.331                0.004                 0.004              -0.373                       3.326              0.005                  0.002
 threshold_pct exit                                         failing_quarters
         -10.0 3day  q1:-1.88;q2:-0.18;q6:-1.01;q9:-0.92;q14:-1.13;q15:-1.61
         -10.0   tp           q1:-2.56;q6:-1.11;q9:-0.64;q14:-1.13;q15:-1.05
         -12.0 3day q0:-1.04;q2:-0.25;q9:-1.40;q14:-0.38;q15:-1.43;q21:-0.29
         -12.0   tp q0:-1.04;q2:-0.25;q9:-0.98;q12:-0.28;q14:-0.38;q15:-0.72
         -15.0 3day                                       q9:-2.79;q16:-0.23
         -15.0   tp                                                 q9:-2.79
         -18.0 3day                                                q16:-1.37
         -18.0   tp                                                q16:-1.37
         -20.0 3day                                                         
         -20.0   tp                                                         
vs_nifty_1m recomputed vs feature, max abs diff: 8.532856936582789e-07
placebo windows (in F&O, no results within 10 sessions): 128138 stocks 206 seasons 22
                                     version  threshold_pct exit  windows  avg_pct  win_rate_pct  quarters_with_picks  quarters_pos  avg_p95_pct  frac_quarters_pos  p_frac_quarters_pos_ge_results  p_avg_ge_results  p_all_quarters_pos
                          all eligible dates          -10.0 3day 7942.000    0.481        54.986               22.000        19.000          NaN                NaN                             NaN               NaN                 NaN
                          all eligible dates          -10.0   tp 7942.000    0.377        55.653               22.000        18.000          NaN                NaN                             NaN               NaN                 NaN
                          all eligible dates          -12.0 3day 4730.000    0.483        54.588               22.000        17.000          NaN                NaN                             NaN               NaN                 NaN
                          all eligible dates          -12.0   tp 4730.000    0.367        55.201               22.000        16.000          NaN                NaN                             NaN               NaN                 NaN
                          all eligible dates          -15.0 3day 2146.000    0.625        55.359               22.000        17.000          NaN                NaN                             NaN               NaN                 NaN
                          all eligible dates          -15.0   tp 2146.000    0.486        56.198               22.000        17.000          NaN                NaN                             NaN               NaN                 NaN
                          all eligible dates          -18.0 3day  998.000    0.892        57.515               20.000        14.000          NaN                NaN                             NaN               NaN                 NaN
                          all eligible dates          -18.0   tp  998.000    0.715        59.018               20.000        15.000          NaN                NaN                             NaN               NaN                 NaN
                          all eligible dates          -20.0 3day  669.000    0.922        57.698               19.000        15.000          NaN                NaN                             NaN               NaN                 NaN
                          all eligible dates          -20.0   tp  669.000    0.689        59.193               19.000        15.000          NaN                NaN                             NaN               NaN                 NaN
one random date per stock-season (500 draws)          -10.0 3day  201.388    0.453           NaN               21.702        13.756        0.904              0.634                           0.206             0.156               0.000
one random date per stock-season (500 draws)          -10.0   tp  202.836    0.362           NaN               21.742        13.816        0.781              0.635                           0.102             0.032               0.000
one random date per stock-season (500 draws)          -12.0 3day  120.510    0.457           NaN               21.118        12.760        1.065              0.604                           0.178             0.068               0.000
one random date per stock-season (500 draws)          -12.0   tp  119.956    0.367           NaN               21.028        12.746        0.885              0.606                           0.172             0.018               0.000
one random date per stock-season (500 draws)          -15.0 3day   55.676    0.546           NaN               17.518        10.060        1.497              0.575                           0.006             0.010               0.000
one random date per stock-season (500 draws)          -15.0   tp   54.938    0.483           NaN               17.442        10.310        1.389              0.591                           0.000             0.004               0.000
one random date per stock-season (500 draws)          -18.0 3day   26.318    0.840           NaN               12.510         7.110        2.648              0.569                           0.010             0.042               0.002
one random date per stock-season (500 draws)          -18.0   tp   26.334    0.603           NaN               12.712         7.228        2.202              0.569                           0.008             0.010               0.000
one random date per stock-season (500 draws)          -20.0 3day   17.992    0.801           NaN               10.456         5.896        3.178              0.562                           0.002             0.024               0.002
one random date per stock-season (500 draws)          -20.0   tp   17.666    0.718           NaN               10.312         6.036        2.684              0.585                           0.006             0.006               0.006
