$LAB_ROOT/hundred_pct/Q_every_quarter/qengine.py:38: PerformanceWarning: DataFrame is highly fragmented.  This is usually the result of calling `frame.insert` many times, which has poor performance.  Consider joining all columns at once using pd.concat(axis=1) instead. To get a de-fragmented frame, use `newframe = frame.copy()`
  df = df.assign(tp3s=ts)
Namespace(mode='split', universe='fo', null='shuffle', nruns=25, seed=301, real=True, beam=1000) conditions 2355 pairs 2757988 req {'strict': 14, 'hi': 11, 'lo': 7}
real done 154.1
3day strict False 22452 20289 {'oos_mean_frac_quarters_pos': 0.5559673891830431, 'oos_frac_rules_all_pos': 0.0012027797576621526, 'oos_pooled_avg_pct': 0.2554705652544914}
3day strict True 6768 5866 {'oos_mean_frac_quarters_pos': 0.529847592303253, 'oos_frac_rules_all_pos': 0.0004433934377771209, 'oos_pooled_avg_pct': 0.2682638797621867}
3day hi False 163949 124311 {'oos_mean_frac_quarters_pos': 0.5384167765943586, 'oos_frac_rules_all_pos': 0.005887238616376783, 'oos_pooled_avg_pct': 0.11791839545370138}
3day hi True 85171 61709 {'oos_mean_frac_quarters_pos': 0.49566351520036717, 'oos_frac_rules_all_pos': 0.004702010109321735, 'oos_pooled_avg_pct': 0.12026866678658235}
3day lo False 939129 598344 {'oos_mean_frac_quarters_pos': 0.5284459240934125, 'oos_frac_rules_all_pos': 0.06599706918564603, 'oos_pooled_avg_pct': 0.058302071607160236}
3day lo True 620165 388102 {'oos_mean_frac_quarters_pos': 0.49834372909163593, 'oos_frac_rules_all_pos': 0.06261936541232907, 'oos_pooled_avg_pct': 0.04989569241894893}
tp strict False 20037 17716 {'oos_mean_frac_quarters_pos': 0.5960039531986916, 'oos_frac_rules_all_pos': 0.0014976038338658146, 'oos_pooled_avg_pct': 0.20430294104389174}
tp strict True 7040 5865 {'oos_mean_frac_quarters_pos': 0.5526713371915931, 'oos_frac_rules_all_pos': 0.001990049751243781, 'oos_pooled_avg_pct': 0.22544452991400046}
tp hi False 164762 125468 {'oos_mean_frac_quarters_pos': 0.5959694789482735, 'oos_frac_rules_all_pos': 0.02126016803861727, 'oos_pooled_avg_pct': 0.22566724312745984}
tp hi True 91469 67067 {'oos_mean_frac_quarters_pos': 0.5712589020361369, 'oos_frac_rules_all_pos': 0.027547153278275536, 'oos_pooled_avg_pct': 0.28074848743765013}
tp lo False 1159469 711271 {'oos_mean_frac_quarters_pos': 0.5897173449914203, 'oos_frac_rules_all_pos': 0.11811953843699594, 'oos_pooled_avg_pct': 0.31400381309503905}
tp lo True 822189 494294 {'oos_mean_frac_quarters_pos': 0.55977980608809, 'oos_frac_rules_all_pos': 0.09854673359286009, 'oos_pooled_avg_pct': 0.3409557814868208}
run 0 177.6 [8938, 2827, 105317, 51100, 1080823, 746139, 13680, 4862, 134363, 59361, 1251549, 823935]
run 1 196.9 [5683, 1844, 68169, 33168, 917587, 682303, 8262, 2270, 106870, 52791, 1125260, 779312]
run 2 218.2 [9584, 3430, 74668, 35389, 938878, 663735, 13143, 3555, 129199, 56402, 1352973, 926155]
run 3 241.1 [15640, 6451, 120705, 55340, 963649, 662393, 29437, 10763, 167989, 76080, 1166525, 781280]
run 4 269.2 [29146, 8384, 311082, 147720, 975345, 638693, 33890, 8730, 318448, 154211, 1084377, 736150]
run 5 294.0 [8533, 2145, 216320, 96690, 954795, 589359, 11763, 2958, 265187, 93098, 1098579, 659937]
run 6 316.9 [11142, 3090, 101060, 44556, 1069708, 765750, 23455, 8239, 202198, 98653, 1347122, 970731]
run 7 340.7 [40921, 15988, 137121, 61967, 1011766, 694906, 78934, 23444, 213475, 79704, 1160160, 765952]
run 8 361.4 [10053, 2597, 119269, 64671, 1064958, 711085, 8888, 2277, 125392, 58836, 1224901, 831399]
run 9 379.8 [9692, 1849, 63788, 25405, 1074648, 729406, 7443, 1684, 77432, 35719, 1219791, 852405]
run 10 399.2 [12323, 5277, 85321, 40430, 1052818, 763598, 12012, 3421, 102509, 45400, 1184862, 855689]
run 11 419.6 [3388, 1213, 56914, 29788, 948914, 683501, 5750, 1469, 78252, 37158, 1107466, 772670]
run 12 441.6 [34077, 11808, 135134, 59135, 967167, 656661, 28810, 8050, 137510, 57388, 1141430, 787094]
run 13 465.5 [16586, 3916, 97258, 37552, 1155104, 804711, 16164, 3483, 135501, 62673, 1387339, 968801]
run 14 483.4 [12886, 3857, 82507, 31474, 671038, 406205, 17124, 3954, 110132, 39322, 818460, 519806]
run 15 499.6 [3501, 546, 44910, 17643, 1061992, 783053, 3622, 1075, 54663, 25746, 1204205, 896113]
run 16 520.2 [7912, 1658, 90070, 42465, 967292, 706128, 13490, 6611, 109907, 58107, 1145522, 845926]
run 17 537.3 [4013, 905, 58685, 26451, 928427, 629929, 4889, 1761, 82972, 37052, 1064186, 691245]
run 18 560.2 [10368, 2735, 88124, 38228, 991792, 666411, 16537, 4217, 110396, 47272, 1191863, 813517]
run 19 581.1 [7694, 2870, 95938, 55869, 1045467, 749486, 6503, 1844, 118140, 61468, 1214107, 843698]
run 20 603.0 [5356, 1893, 116997, 49097, 1087532, 758583, 7860, 2162, 113623, 58945, 1136354, 790239]
run 21 623.1 [2436, 1069, 69881, 33208, 839944, 600084, 4041, 851, 109562, 50261, 1016478, 690041]
run 22 642.6 [3626, 455, 54013, 16997, 1092878, 766882, 5195, 2059, 65171, 25985, 1286916, 952570]
run 23 663.4 [8426, 1588, 61892, 23227, 904711, 664181, 16522, 6112, 95177, 40877, 1126807, 797038]
run 24 689.5 [9185, 3280, 212406, 96997, 974326, 628887, 5844, 1734, 187182, 87374, 1058246, 696872]
done 689.5
