events 3278 missing indicators: 0 0 0
S85: mine 85 (ca-factor vol 85), repo 85, same True, ca-version same True, only mine [], only repo []
   max |lag diff| pp 0.0  max |vol diff| 0.0  max |tp diff| 0.0001
S44: mine 44 (ca-factor vol 44), repo 44, same True, ca-version same True, only mine [], only repo []
   max |lag diff| pp 0.0  max |vol diff| 0.0  max |tp diff| 0.0
their S85 file cols: ['symbol', 'quarter', 'qn', 'cutoff', 'lag_pct', 'vol_ratio_5_60', 'three_day', 'take_profit', 'C1_rsi14_lt30', 'C2_rsi2_lt10', 'C3_stoch_lt20', 'C4_below_lower_bb', 'C5_cci_lt_m100', 'C6_mfi_lt20', 'C7_oversold_ge3', 'C8_macd_bull_x3', 'C9_macd_hist_rising', 'C10_above_sma200', 'C11_golden_state', 'C12_near_52w_low', 'C13_don20_break_dn', 'C14_bull_candle', 'C15_nr7', 'C16_strong_downtrend', 'C17_obv_bull_div', 'C18_gap_down', 'C19_doji']
   rsi14  vs theirs: max abs diff 0.000, median 0.0000
   rsi2   vs theirs: max abs diff 0.000, median 0.0000

=== candidate rebuilt (my indicators) ===
                    rule  n  mean   net    tp  tp_net   up  qpos  n14   f14  n8    l8   xb5  x_bestq  median
S44 & oversold>=3 (mine) 25 4.278 4.108 4.014   3.844 84.0 13/14   15 4.155  10 4.462 2.451    4.175   4.386
qn      0     2     3     4     6     7     11    12    13    14   15    17    18    19
size  1.00  1.00  3.00  1.00  1.00  4.00  1.00  2.00  1.00  1.00  4.0  1.00  1.00  3.00
mean -1.28  1.53  6.19  2.06  3.01  5.76  2.95  2.84  6.75  3.64  5.5  2.65  6.43  3.31
candidate trades:
    symbol quarter  qn  lag_pct  vol  rsi14  rsi2  stoch  pctb     cci   mfi    td    tp
BANDHANBNK Q4 FY21   0   -12.73 1.49  33.21  1.46   2.48  0.05 -133.88 39.85 -1.28 -1.28
 AMBUJACEM Q2 FY22   2   -13.58 1.67  31.46  8.09   8.91 -0.12 -256.67 40.76  1.53  1.53
    NAUKRI Q3 FY22   3   -17.68 2.50  20.62  4.72  13.76 -0.07 -205.13 27.73  8.75  8.75
     PIIND Q3 FY22   3   -20.94 1.71  25.77 68.93  18.55  0.19 -101.90 17.74  4.69  3.37
     TECHM Q3 FY22   3   -20.41 1.67  21.94  0.24   1.26 -0.08 -186.65 33.25  5.14  4.85
  JSWSTEEL Q4 FY22   4   -20.69 1.46  27.02 10.46   4.14  0.03 -153.86 21.88  2.06  4.40
AUROPHARMA Q2 FY23   6   -15.33 2.52  31.09  2.10  12.92 -0.17 -168.54 34.68  3.01  3.01
ADANIPORTS Q3 FY23   7   -37.37 6.06  18.90 43.31  25.78  0.04 -166.63 10.90 19.09  9.34
BANKBARODA Q3 FY23   7   -13.80 1.74  32.59 24.19   9.49 -0.09 -176.21 31.93  8.47  5.84
INDUSTOWER Q3 FY23   7   -10.20 1.60  23.12  4.59   4.46 -0.08 -183.26 22.07 -7.93 -7.93
      SBIN Q3 FY23   7   -10.67 2.78  27.94 19.60  26.23 -0.09 -198.02 20.64  3.41  3.19
       IEX Q3 FY24  11   -10.04 2.27  33.82 18.45   6.16 -0.01 -156.01 35.84  2.95  2.95
      INFY Q4 FY24  12   -12.91 1.63  24.63  3.81   1.20  0.02 -150.05 28.25  1.30  1.30
 KOTAKBANK Q4 FY24  12   -13.19 4.08  29.69 11.06   7.93 -0.04 -179.01 20.65  4.39  3.18
CUMMINSIND Q1 FY25  13   -13.07 1.32  37.71  6.71  17.96  0.10 -108.12 26.47  6.75  6.75
      BHEL Q2 FY25  14   -13.53 1.87  27.80 27.48   9.81 -0.00 -189.50 25.97  3.64  3.64
      CAMS Q3 FY25  15   -20.32 1.36  24.76  6.03   2.61  0.04 -136.02 34.28 -4.08  3.72
KALYANKJIL Q3 FY25  15   -38.25 2.79  21.11  6.70   6.03  0.17 -104.01 26.90 14.81 14.81
     LODHA Q3 FY25  15   -20.66 1.56  29.94 19.18   7.37  0.12 -117.69 36.71  4.45  4.45
  PRESTIGE Q3 FY25  15   -21.21 2.15  25.09 46.84  16.64  0.13 -131.00 29.54  6.82  3.72
   COFORGE Q1 FY26  17   -10.13 1.42  25.66  1.11   1.58 -0.41 -289.80 22.07  2.65  2.65
  GODREJCP Q2 FY26  18   -10.58 1.32  31.47  1.41  19.31  0.14 -106.49 21.47  6.43  6.43
     LODHA Q3 FY26  19   -12.54 1.56  19.83  0.92   3.09 -0.18 -250.17 45.80  5.58  3.18
  PRESTIGE Q3 FY26  19   -10.27 2.25  27.48 16.76  12.53  0.08 -142.96 12.36  4.92  4.92
    SWIGGY Q3 FY26  19   -18.25 1.56  22.58 15.25  11.00  0.10 -131.23 14.33 -0.58  3.60
leave-one-quarter-out mean: min 4.00 max 4.51
without best 5: 2.45; without best quarter: 4.17; median 4.39

=== neighbouring thresholds (all on in_fo results events) ===
            base                                             thr  k  nT  meanT   nF  meanF     D
  S85 (vol>=1.0)                                        textbook  2  53   2.46   32   1.59  0.87
  S85 (vol>=1.0)                                        textbook  3  40   2.56   45   1.75  0.82
  S85 (vol>=1.0)                                        textbook  4  22   2.53   63   1.99  0.53
  S85 (vol>=1.0)   loose (RSI35,RSI2 15,St25,%B.05,CCI-80,MFI25)  3  54   2.59   31   1.33  1.26
  S85 (vol>=1.0) strict (RSI25,RSI2 5,St15,%B-.05,CCI-120,MFI15)  3  23   2.44   62   2.02  0.43
  S85 (vol>=1.0)                             sample-sd Bollinger  3  39   2.55   46   1.78  0.78
  S44 (vol>=1.3)                                        textbook  2  30   3.79   14   0.58  3.20
  S44 (vol>=1.3)                                        textbook  3  25   4.28   19   0.78  3.50
  S44 (vol>=1.3)                                        textbook  4  15   3.19   29   2.55  0.64
  S44 (vol>=1.3)   loose (RSI35,RSI2 15,St25,%B.05,CCI-80,MFI25)  3  32   3.65   12   0.41  3.24
  S44 (vol>=1.3) strict (RSI25,RSI2 5,St15,%B-.05,CCI-120,MFI15)  3  14   3.33   30   2.51  0.82
  S44 (vol>=1.3)                             sample-sd Bollinger  3  24   4.33   20   0.89  3.44
     vol 1.0-1.3                                        textbook  2  23   0.73   18   2.37 -1.64
     vol 1.0-1.3                                        textbook  3  15  -0.29   26   2.46 -2.75
     vol 1.0-1.3                                        textbook  4   7   1.11   34   1.52 -0.41
     vol 1.0-1.3   loose (RSI35,RSI2 15,St25,%B.05,CCI-80,MFI25)  3  22   1.05   19   1.92 -0.86
     vol 1.0-1.3 strict (RSI25,RSI2 5,St15,%B-.05,CCI-120,MFI15)  3   9   1.07   32   1.56 -0.49
     vol 1.0-1.3                             sample-sd Bollinger  3  15  -0.29   26   2.46 -2.75
lag<-10 vol>=1.2                                        textbook  2  35   3.10   19   1.42  1.68
lag<-10 vol>=1.2                                        textbook  3  29   3.55   25   1.31  2.24
lag<-10 vol>=1.2                                        textbook  4  17   2.59   37   2.48  0.11
lag<-10 vol>=1.2   loose (RSI35,RSI2 15,St25,%B.05,CCI-80,MFI25)  3  37   3.02   17   1.39  1.63
lag<-10 vol>=1.2 strict (RSI25,RSI2 5,St15,%B-.05,CCI-120,MFI15)  3  16   2.67   38   2.44  0.23
lag<-10 vol>=1.2                             sample-sd Bollinger  3  28   3.57   26   1.37  2.20
lag<-10 vol>=1.5                                        textbook  2  23   4.24    9   0.00  4.23
lag<-10 vol>=1.5                                        textbook  3  19   4.97   13   0.23  4.74
lag<-10 vol>=1.5                                        textbook  4  13   3.79   19   2.54  1.25
lag<-10 vol>=1.5   loose (RSI35,RSI2 15,St25,%B.05,CCI-80,MFI25)  3  25   4.03    7  -0.46  4.49
lag<-10 vol>=1.5 strict (RSI25,RSI2 5,St15,%B-.05,CCI-120,MFI15)  3  11   4.48   21   2.29  2.18
lag<-10 vol>=1.5                             sample-sd Bollinger  3  18   5.08   14   0.43  4.65
 lag<-8 vol>=1.3                                        textbook  2  38   3.09   21   0.01  3.08
 lag<-8 vol>=1.3                                        textbook  3  32   3.50   27   0.20  3.30
 lag<-8 vol>=1.3                                        textbook  4  21   2.55   38   1.69  0.86
 lag<-8 vol>=1.3   loose (RSI35,RSI2 15,St25,%B.05,CCI-80,MFI25)  3  41   2.87   18  -0.01  2.88
 lag<-8 vol>=1.3 strict (RSI25,RSI2 5,St15,%B-.05,CCI-120,MFI15)  3  20   2.61   39   1.68  0.94
 lag<-8 vol>=1.3                             sample-sd Bollinger  3  31   3.52   28   0.30  3.22
lag<-12 vol>=1.3                                        textbook  2  22   4.33    8  -0.54  4.87
lag<-12 vol>=1.3                                        textbook  3  19   4.97   11  -0.33  5.31
lag<-12 vol>=1.3                                        textbook  4  12   4.01   18   2.37  1.64
lag<-12 vol>=1.3   loose (RSI35,RSI2 15,St25,%B.05,CCI-80,MFI25)  3  23   4.20    7  -0.81  5.01
lag<-12 vol>=1.3 strict (RSI25,RSI2 5,St15,%B-.05,CCI-120,MFI15)  3  11   4.27   19   2.31  1.95
lag<-12 vol>=1.3                             sample-sd Bollinger  3  19   4.97   11  -0.33  5.31
 lag<-10 any vol                                        textbook  2 106   0.70   88   0.76 -0.06
 lag<-10 any vol                                        textbook  3  75   0.81  119   0.68  0.14
 lag<-10 any vol                                        textbook  4  43   0.90  151   0.68  0.23
 lag<-10 any vol   loose (RSI35,RSI2 15,St25,%B.05,CCI-80,MFI25)  3 109   0.97   85   0.42  0.55
 lag<-10 any vol strict (RSI25,RSI2 5,St15,%B-.05,CCI-120,MFI15)  3  45   0.60  149   0.77 -0.17
 lag<-10 any vol                             sample-sd Bollinger  3  74   0.78  120   0.69  0.09
 lag<-10 vol<1.0                                        textbook  2  53  -1.06   56   0.29 -1.35
 lag<-10 vol<1.0                                        textbook  3  35  -1.19   74   0.02 -1.21
 lag<-10 vol<1.0                                        textbook  4  21  -0.79   88  -0.27 -0.53
 lag<-10 vol<1.0   loose (RSI35,RSI2 15,St25,%B.05,CCI-80,MFI25)  3  55  -0.63   54  -0.10 -0.52
 lag<-10 vol<1.0 strict (RSI25,RSI2 5,St15,%B-.05,CCI-120,MFI15)  3  22  -1.33   87  -0.13 -1.20
 lag<-10 vol<1.0                             sample-sd Bollinger  3  35  -1.19   74   0.02 -1.21
       ALL in_fo                                        textbook  2 565   0.13 2713   0.02  0.10
       ALL in_fo                                        textbook  3 355   0.42 2923  -0.00  0.42
       ALL in_fo                                        textbook  4 189   0.31 3089   0.03  0.28
       ALL in_fo   loose (RSI35,RSI2 15,St25,%B.05,CCI-80,MFI25)  3 514   0.28 2764  -0.00  0.29
       ALL in_fo strict (RSI25,RSI2 5,St15,%B-.05,CCI-120,MFI15)  3 191  -0.02 3087   0.05 -0.06
       ALL in_fo                             sample-sd Bollinger  3 349   0.34 2929   0.01  0.33

=== single indicators on S44 / S85 / vol 1.0-1.3 (T mean / F mean) ===
    cond  S44_nT  S44_T  S44_F  S85_nT  S85_T  S85_F  vol_nT  vol_T  vol_F
RSI14<25       9   4.67   2.28      12   3.55   1.90       3   0.16   1.55
RSI14<30      21   3.91   1.72      31   2.80   1.75      10   0.46   1.77
RSI14<35      32   3.35   1.23      55   2.81   0.89      23   2.06   0.67
  RSI2<5       9   2.63   2.80      18   1.85   2.21       9   1.07   1.56
 RSI2<10      13   3.28   2.55      23   2.15   2.13      10   0.68   1.70
 RSI2<15      16   3.15   2.55      29   2.69   1.84      13   2.13   1.14
   St<15      22   3.05   2.48      37   2.50   1.85      15   1.69   1.31
   St<20      28   3.20   2.02      50   2.14   2.12      22   0.80   2.20
   St<25      29   3.47   1.42      56   2.03   2.33      27   0.49   3.31
    %B<0      12   3.46   2.51      19   2.01   2.17       7  -0.47   1.85
 %B<0.05      17   3.66   2.20      27   2.20   2.10      10  -0.28   2.01
 CCI<-80      39   3.22  -0.78      65   2.28   1.66      26   0.86   2.48
CCI<-100      30   3.77   0.61      52   2.30   1.86      22   0.30   2.79
CCI<-150      16   3.74   2.21      25   2.29   2.07       9  -0.29   1.94
  MFI<15       3   7.81   2.40       5   6.75   1.84       2   5.17   1.26
  MFI<20       5   6.00   2.35       9   6.24   1.65       4   6.53   0.90
  MFI<25      12   3.66   2.43      19   3.73   1.67       7   3.86   0.96
  MFI<30      22   3.73   1.80      39   3.53   0.95      17   3.27   0.16

within-S44 within-quarter permutation: D=3.50, one-sided p=0.0224, two-sided p=0.0227
within-S85: D=0.82, one-sided p=0.1097, two-sided p=0.4952
within vol 1.0-1.3 slice: D=-2.75, one-sided p=0.8059, two-sided p=0.1943
luck vs random same-size per-quarter picks from ALL in_fo events: p=0.00005
luck vs random same-size per-quarter picks from S44 itself: p=0.0233
luck vs random picks from S85: p=0.0103

placebo rows: 128840, mean fwd3 0.191
placebo S44 & oversold>=3      n=   803 mean=+0.444 [-0.27, +1.19]
placebo S44 & oversold<3       n=   884 mean=+1.000 [+0.23, +1.72]
placebo S44                    n=  1687 mean=+0.735 [+0.02, +1.41]
placebo S85 & os>=3            n=  1399 mean=+0.531 [-0.04, +1.11]
placebo S85 & os<3             n=  1866 mean=+0.688 [+0.21, +1.14]
placebo all os>=3 (no lag)     n= 11776 mean=+0.397 [+0.19, +0.63]
