base family                     feature  n    rho  p_perm  rho_f14  n_f14  rho_l8  n_l8  p_holm
 S85    pre                     roe_pct 50 -0.040   0.796    0.129     16  -0.038    34   1.000
 S85    pre              debt_equity_co 47 -0.055   0.742   -0.395     17   0.045    30   1.000
 S85    pre              l1_pat_yoy_pct 79 -0.010   0.926    0.114     48  -0.333    31   1.000
 S85    pre            l1_sales_yoy_pct 83  0.006   0.955    0.104     49  -0.173    34   1.000
 S85    pre            pat_yoy_accel_pp 66  0.133   0.267    0.178     39   0.025    27   1.000
 S85    pre          sales_yoy_accel_pp 70  0.143   0.250    0.225     40   0.095    30   1.000
 S85    pre               margin_chg_pp 83  0.126   0.238    0.216     49  -0.096    34   1.000
 S85    pre             pe_vs_own3y_pct 40  0.183   0.166    0.254     15   0.214    25   1.000
 S85    pre             pe_vs_peers_pct 62 -0.016   0.898   -0.196     34   0.110    28   1.000
 S85    pre          earnings_yield_pct 77 -0.024   0.799    0.011     43   0.049    34   1.000
 S85    pre              piotroski_frac 71 -0.120   0.400   -0.177     41   0.027    30   1.000
 S85    pre                    log_mcap 85  0.193   0.057    0.294     51  -0.099    34   0.690
 S85   post            rq_sales_yoy_pct 83  0.049   0.647    0.121     49  -0.138    34   0.647
 S85   post              rq_pat_yoy_pct 80  0.254   0.017    0.411     48  -0.032    32   0.050
 S85   post rq_pat_surprise_vs_trend_pp 68  0.254   0.041    0.142     41   0.333    27   0.083
 S44    pre                     roe_pct 29 -0.202   0.289   -0.217      9  -0.146    20   1.000
 S44    pre              debt_equity_co 28  0.270   0.078   -0.159      9   0.360    19   0.859
 S44    pre              l1_pat_yoy_pct 42  0.023   0.866    0.105     24  -0.278    18   1.000
 S44    pre            l1_sales_yoy_pct 44 -0.016   0.933    0.145     24  -0.180    20   1.000
 S44    pre            pat_yoy_accel_pp 34  0.044   0.683    0.230     18  -0.085    16   1.000
 S44    pre          sales_yoy_accel_pp 36  0.151   0.327    0.166     18   0.061    18   1.000
 S44    pre               margin_chg_pp 44  0.271   0.047    0.321     24   0.200    20   0.568
 S44    pre             pe_vs_own3y_pct 24  0.302   0.160    0.250      9   0.325    15   1.000
 S44    pre             pe_vs_peers_pct 32 -0.129   0.504   -0.436     15   0.032    17   1.000
 S44    pre          earnings_yield_pct 39 -0.098   0.608   -0.193     19   0.014    20   1.000
 S44    pre              piotroski_frac 37 -0.070   0.628   -0.125     18  -0.132    19   1.000
 S44    pre                    log_mcap 44  0.097   0.616    0.190     24  -0.083    20   1.000
 S44   post            rq_sales_yoy_pct 44  0.069   0.640    0.257     24  -0.062    20   1.000
 S44   post              rq_pat_yoy_pct 41  0.102   0.471    0.246     23  -0.108    18   1.000
 S44   post rq_pat_surprise_vs_trend_pp 37  0.088   0.568   -0.089     20   0.262    17   1.000
