panel rows without an events_ta in_fo flag (demergers, three_day NaN): [('RELIANCE', 'Q1 FY24'), ('VEDL', 'Q4 FY26')]
in_fo results with three_day: 3278 (mean three_day 0.042%)
check panel vs events_ta: max |three_day diff| 9.04e-05, max |tp3 - take_profit| 9.04e-05, lag/vol missing 0/0
S85: rebuilt 85 trades, repo trades.csv 85, same (symbol, quarter): True, max |three_day - ref x100| 5.04e-05, max |tp3 - ref take_profit x100| 5.04e-05, max |lag - ref| 4.97e-05, max |vol - ref| 4.90e-06
S44: rebuilt 44 trades, repo trades_vol13.csv 44, same (symbol, quarter): True, max |three_day - ref x100| 4.31e-05, max |tp3 - ref take_profit x100| 4.31e-05, max |lag - ref| 4.97e-05, max |vol - ref| 4.90e-06
placebo rows in_fo: 120238; with a next-result fundamentals row: 115909; price ratio missing where a row exists: 0
placebo base rows: P100 3081 (3024 with fundamentals), P130 1590

========== SPLITS on S85, pre-results family (three_day %, gross; T = condition true) ==========
            split prior  n_known  n_unknown  unknown_mean  T_n  T_mean  T_tp  T_up%   T_q  T_n14  T_f14  T_n8  T_l8  T_xb5  F_n  F_mean  F_tp  F_up%   F_q  F_n14  F_f14  F_n8  F_l8  F_xb5      D   D_wq  p_perm  p_holm  p_bh  D_f14   D_l8   D_tp  p_perm_tp
       F1_quality     T       50         35         1.457   29   2.458 2.599 68.966  9/11     10  0.878    19 3.290  0.735   21   2.808 2.594 71.429  9/10      6  4.062    15 2.307  0.365 -0.350 -1.105   0.860     1.0 0.968 -3.184  0.984  0.005      0.998
 F2_profitable_4q     T       78          7         1.602   73   2.290 2.312 65.753 17/18     41  1.783    32 2.939  1.397    5   0.579 1.156 40.000   2/5      3 -0.055     2 1.530    NaN  1.711  1.231   0.684     1.0 0.968  1.837  1.410  1.156      0.710
 F3_l1_pat_growth     T       79          6         1.247   53   2.341 2.220 67.925 13/16     27  2.609    26 2.063  1.236   26   1.912 2.077 57.692  8/14     21  0.686     5 7.058 -0.110  0.430  0.090   0.733     1.0 0.968  1.923 -4.995  0.143      0.871
     F4_pat_accel     T       66         19         1.186   27   2.288 2.338 66.667  9/11     14  2.223    13 2.358  0.200   39   2.486 2.225 66.667 11/14     25  1.735    14 3.826  1.148 -0.198 -0.417   0.852     1.0 0.968  0.488 -1.468  0.113      0.900
   F5_sales_accel     T       70         15         0.219   37   3.069 3.265 70.270 16/16     23  2.817    14 3.483  1.521   33   1.951 1.433 66.667  7/12     17  0.809    16 3.166  0.550  1.118  1.086   0.300     1.0 0.968  2.009  0.318  1.832      0.070
     F6_margin_up     T       83          2        -2.379   40   2.358 2.531 67.500 11/13     21  3.022    19 1.625  0.899   43   2.132 1.995 62.791 11/18     28  0.909    15 4.416  0.875  0.226  0.623   0.853     1.0 0.968  2.113 -2.791  0.536      0.578
   F7_cheap_own3y     T       40         45         1.760   24   2.184 2.354 66.667   6/9      7 -0.118    17 3.132  0.111   16   3.103 2.685 81.250   8/8      8  2.774     8 3.433  1.365 -0.919 -1.050   0.456     1.0 0.968 -2.892 -0.301 -0.332      0.764
   F8_cheap_peers     T       62         23         3.669   42   1.581 1.798 64.286 11/15     26  1.601    16 1.548  0.511   20   1.524 1.996 60.000  8/12      8 -0.015    12 2.550 -0.920  0.057  0.466   0.968     1.0 0.968  1.616 -1.002 -0.197      0.861
F9_piotroski_high     T       59         26         0.829   34   2.654 2.678 64.706 10/10     18  2.114    16 3.261  0.975   25   2.779 2.326 76.000 10/11     11  3.341    14 2.338  1.240 -0.126  0.106   0.916     1.0 0.968 -1.227  0.923  0.352      0.745
    F10_large_cap    2s       85          0           NaN   27   3.250 2.404 77.778 11/12     16  4.181    11 1.895  1.254   58   1.612 2.023 56.897 13/17     35  0.493    23 3.316  0.616  1.638  0.651   0.297     1.0 0.968  3.689 -1.420  0.381      0.707
    F11_good_fund     T       78          7         2.894   45   2.475 2.411 66.667 13/16     21  2.804    24 2.187  1.166   33   1.504 1.761 57.576 11/17     24  0.422     9 4.388 -0.085  0.971  0.641   0.431     1.0 0.968  2.382 -2.201  0.650      0.484
            split      D  rest_nT  rest_nF  rest_meanT  rest_meanF  D_rest  z_vs_rest  p_vs_rest  plac_nT  plac_nF  plac_meanT  plac_meanF  D_plac  se_plac  z_vs_plac  minside_f14  minside_l8  a_both_halves  b_holm05  c_prior  promoted  possible_chance
       F1_quality -0.350      788      974       0.082       0.098  -0.017     -0.185      0.853   1049.0    832.0       0.304       0.728  -0.425    0.426      0.041            6          15          False     False    False     False            False
 F2_profitable_4q  1.711     2169      265      -0.029      -0.070   0.041      0.559      0.576   2482.0    216.0       0.537       1.643  -1.106    0.491      0.937            3           2          False     False     True     False            False
 F3_l1_pat_growth  0.430     1697      688       0.038      -0.080   0.118      0.254      0.799   1800.0    849.0       0.698       0.432   0.266    0.295      0.132           21           5          False     False     True     False            False
     F4_pat_accel -0.198     1012     1118      -0.088      -0.127   0.039     -0.228      0.820    981.0   1403.0       0.917       0.252   0.665    0.327     -0.808           14          13          False     False    False     False            False
   F5_sales_accel  1.118     1121     1204      -0.057      -0.091   0.034      1.002      0.316   1321.0   1358.0       0.521       0.792  -0.272    0.222      1.282           17          14          False     False     True     False            False
     F6_margin_up  0.226     1327     1208       0.135      -0.128   0.262     -0.032      0.974   1419.0   1368.0       0.907       0.423   0.484    0.192     -0.231           21          15          False     False     True     False            False
   F7_cheap_own3y -0.919      740      811      -0.028       0.212  -0.241     -0.553      0.580   1217.0    425.0       0.421       0.906  -0.485    0.407     -0.342            7           8          False     False    False     False            False
   F8_cheap_peers  0.057      827      851       0.093      -0.108   0.201     -0.105      0.916   1100.0    867.0       0.574       0.192   0.382    0.226     -0.239            8          12          False     False     True     False            False
F9_piotroski_high -0.126     1179      549       0.072      -0.400   0.471     -0.508      0.612   1335.0    795.0       0.598       0.319   0.279    0.316     -0.339           11          14          False     False    False     False            False
    F10_large_cap  1.638     1339     1321      -0.042       0.006  -0.048      1.476      0.140   1184.0   1736.0       0.747       0.663   0.084    0.253      1.349           16          11          False     False     True     False            False
    F11_good_fund  0.971     1439      977       0.054      -0.114   0.168      0.661      0.509   1600.0   1068.0       0.652       0.646   0.005    0.282      0.786           21           9          False     False     True     False            False

========== SPLITS on S85, post-results family (three_day %, gross; T = condition true) ==========
           split prior  n_known  n_unknown  unknown_mean  T_n  T_mean  T_tp  T_up%   T_q  T_n14  T_f14  T_n8  T_l8  T_xb5  F_n  F_mean  F_tp  F_up%   F_q  F_n14  F_f14  F_n8  F_l8  F_xb5      D   D_wq  p_perm  p_holm  p_bh  D_f14   D_l8  D_tp  p_perm_tp
      Q1_rq_good     T       80          5        -1.338   45   2.934 2.987 71.111 13/15     23  2.773    22 3.103  1.789   35   1.597 1.440 60.000 11/15     25  1.204    10 2.580 -0.034  1.337  1.733   0.275   0.826 0.550  1.569  0.522 1.547      0.134
    Q2_rq_pat_up     T       80          5        -1.338   48   3.169 3.017 72.917 14/15     24  3.188    24 3.149  2.057   32   1.120 1.250 56.250 10/15     24  0.724     8 2.310 -0.528  2.048  2.357   0.086   0.345 0.345  2.465  0.839 1.767      0.065
  Q3_rq_sales_up     T       83          2        -3.148   69   2.237 2.356 63.768 16/18     38  1.878    31 2.677  1.312   14   2.371 1.858 71.429  9/12     11  1.732     3 4.711 -0.501 -0.133  0.154   0.932   1.000 0.932  0.146 -2.034 0.498      0.659
Q4_rq_beat_trend     T       68         17        -0.018   18   2.403 2.853 72.222   7/9     10  1.796     8 3.162  0.832   50   2.766 2.424 68.000 14/16     31  1.989    19 4.034  1.567 -0.363 -0.656   0.800   1.000 0.932 -0.193 -0.872 0.429      0.715
           split      D  rest_nT  rest_nF  rest_meanT  rest_meanF  D_rest  z_vs_rest  p_vs_rest  plac_nT  plac_nF  plac_meanT  plac_meanF  D_plac  se_plac  z_vs_plac  minside_f14  minside_l8  a_both_halves  b_holm05  c_prior  promoted  possible_chance
      Q1_rq_good  1.337     1590      819       0.421      -0.892   1.313      0.021      0.983      NaN      NaN         NaN         NaN     NaN      NaN        NaN           23          10          False     False     True     False            False
    Q2_rq_pat_up  2.048     1692      698       0.411      -1.091   1.502      0.461      0.645      NaN      NaN         NaN         NaN     NaN      NaN        NaN           24           8          False     False     True     False            False
  Q3_rq_sales_up -0.133     2192      320       0.128      -0.972   1.101     -0.770      0.441      NaN      NaN         NaN         NaN     NaN      NaN        NaN           11           3          False     False    False     False            False
Q4_rq_beat_trend -0.363      860     1269       0.560      -0.531   1.091     -1.056      0.291      NaN      NaN         NaN         NaN     NaN      NaN        NaN           10           8          False     False    False     False            False

========== SPLITS on S44, pre-results family (three_day %, gross; T = condition true) ==========
            split prior  n_known  n_unknown  unknown_mean  T_n  T_mean  T_tp  T_up%   T_q  T_n14  T_f14  T_n8  T_l8  T_xb5  F_n  F_mean  F_tp  F_up%   F_q  F_n14  F_f14  F_n8  F_l8  F_xb5      D   D_wq  p_perm  p_holm  p_bh  D_f14   D_l8   D_tp  p_perm_tp
       F1_quality     T       29         15         2.310   16   1.664 2.304 75.000  7/10      6  0.210    10 2.536 -0.616   13   4.652 3.893 84.615   7/7      3  8.612    10 3.464  1.300 -2.988 -3.605   0.253     1.0 0.851 -8.402 -0.928 -1.589      0.427
 F2_profitable_4q     T       40          4         4.692   37   2.794 3.057 78.378 14/17     19  2.444    18 3.164  1.341    3  -0.132 1.262 33.333   1/3      1 -3.455     2 1.530    NaN  2.926  2.969   0.666     1.0 0.873  5.898  1.634  1.796      0.810
 F3_l1_pat_growth     T       42          2         1.530   30   2.764 2.905 80.000 12/14     17  3.604    13 1.666  1.337   12   2.981 3.147 75.000   6/9      7  0.069     5 7.058 -0.931 -0.217 -0.464   0.909     1.0 0.909  3.534 -5.392 -0.242      0.892
     F4_pat_accel     T       34         10         1.619   17   2.544 2.211 76.471  8/10      9  3.830     8 1.098 -0.153   17   3.666 3.779 88.235  9/10      9  2.688     8 4.765  1.491 -1.121 -1.656   0.325     1.0 0.851  1.142 -3.668 -1.567      0.247
   F5_sales_accel     T       36          8         0.765   23   3.687 3.863 86.957 15/16     13  3.948    10 3.347  1.598   13   2.372 1.772 76.923   6/7      5  1.468     8 2.937 -0.094  1.315  0.022   0.534     1.0 0.851  2.480  0.410  2.091      0.256
     F6_margin_up     T       44          0           NaN   24   3.199 3.437 79.167 10/11     13  4.122    11 2.108  1.416   20   2.249 2.483 75.000  9/13     11  0.742     9 4.091  0.094  0.950  0.998   0.541     1.0 0.851  3.380 -1.984  0.955      0.468
   F7_cheap_own3y     T       24         20         3.932   13   0.943 1.057 69.231   5/8      5 -0.600     8 1.907 -2.015   11   2.805 3.211 90.909   6/6      4  3.505     7 2.405  1.016 -1.862 -0.948   0.220     1.0 0.851 -4.106 -0.498 -2.155      0.101
   F8_cheap_peers     T       32         12         4.648   19   2.668 2.637 89.474 10/12     12  2.554     7 2.865  1.439   13   1.175 2.821 61.538   6/9      3 -2.269    10 2.209 -2.286  1.493  1.116   0.264     1.0 0.851  4.822  0.656 -0.184      0.881
F9_piotroski_high     T       33         11         1.136   18   3.191 3.594 77.778   8/9      9  3.002     9 3.380  0.745   15   3.455 3.142 86.667   9/9      5  5.098    10 2.633  0.902 -0.264 -0.352   0.841     1.0 0.909 -2.096  0.746  0.453      0.726
    F10_large_cap    2s       44          0           NaN   15   3.726 2.926 86.667   8/8     10  4.486     5 2.205  1.232   29   2.271 3.043 72.414 12/15     14  1.206    15 3.265  0.739  1.455  0.269   0.466     1.0 0.851  3.280 -1.060 -0.117      0.928
    F11_good_fund     T       41          3         5.278   25   2.820 3.130 80.000 11/14     13  3.760    12 1.802  1.196   16   2.213 2.599 68.750  7/11      8 -0.371     8 4.798 -0.682  0.607  0.387   0.714     1.0 0.873  4.132 -2.996  0.531      0.695
            split      D  rest_nT  rest_nF  rest_meanT  rest_meanF  D_rest  z_vs_rest  p_vs_rest  plac_nT  plac_nF  plac_meanT  plac_meanF  D_plac  se_plac  z_vs_plac  minside_f14  minside_l8  a_both_halves  b_holm05  c_prior  promoted  possible_chance
       F1_quality -2.988      759      939       0.129       0.125   0.004     -1.271      0.204    577.0    419.0       0.254       1.043  -0.789    0.688     -0.902            3          10          False     False    False     False            False
 F2_profitable_4q  2.926     2129      251      -0.005       0.110  -0.115      0.687      0.492   1272.0    109.0       0.661       2.089  -1.428    0.718      0.974            1           2          False     False     True     False            False
 F3_l1_pat_growth -0.217     1644      662       0.079      -0.034   0.113     -0.181      0.857    918.0    450.0       0.810       0.616   0.194    0.428     -0.221            7           5          False     False    False     False            False
     F4_pat_accel -1.121      968     1091      -0.053      -0.059   0.007     -1.066      0.287    467.0    779.0       1.054       0.388   0.666    0.492     -1.561            9           8          False     False    False     False            False
   F5_sales_accel  1.315     1077     1170       0.017      -0.065   0.082      0.848      0.396    703.0    691.0       0.538       1.130  -0.592    0.329      1.292            5           8          False     False     True     False            False
     F6_margin_up  0.950     1284     1167       0.148      -0.051   0.199      0.499      0.618    714.0    717.0       1.057       0.618   0.440    0.344      0.333           11           9          False     False     True     False            False
   F7_cheap_own3y -1.862      722      777       0.057       0.254  -0.197     -1.394      0.163    692.0    196.0       0.446       1.171  -0.725    0.596     -0.867            4           7          False     False    False     False            False
   F8_cheap_peers  1.493      825      832       0.112      -0.072   0.185      1.014      0.311    567.0    452.0       0.683       0.202   0.481    0.373      0.768            3           7          False     False     True     False            False
F9_piotroski_high -0.264     1169      523       0.092      -0.285   0.377     -0.530      0.596    696.0    456.0       0.587       0.648  -0.061    0.518     -0.158            5           9          False     False    False     False            False
    F10_large_cap  1.455     1287     1285       0.003       0.032  -0.029      1.065      0.287    641.0    845.0       0.954       0.747   0.207    0.328      0.881           10           5          False     False     True     False            False
    F11_good_fund  0.607     1411      943       0.091      -0.056   0.147      0.286      0.775    827.0    548.0       0.823       0.782   0.041    0.377      0.346            8           8          False     False     True     False            False

========== SPLITS on S44, post-results family (three_day %, gross; T = condition true) ==========
           split prior  n_known  n_unknown  unknown_mean  T_n  T_mean  T_tp  T_up%   T_q  T_n14  T_f14  T_n8  T_l8  T_xb5  F_n  F_mean   F_tp  F_up%   F_q  F_n14  F_f14  F_n8  F_l8  F_xb5      D   D_wq  p_perm  p_holm  p_bh  D_f14   D_l8   D_tp  p_perm_tp
      Q1_rq_good     T       41          3        -0.132   26   2.744 3.242 80.769 10/11     15  2.874    11 2.567  1.285   15   3.386  2.938 80.000  9/11      8  2.760     7 4.101  0.081 -0.642 -0.221   0.695     1.0 0.695  0.114 -1.535  0.304      0.867
    Q2_rq_pat_up     T       41          3        -0.132   27   2.644 3.123 81.481 10/11     15  2.874    12 2.356  1.229   14   3.625  3.145 78.571  8/10      8  2.760     6 4.779  0.086 -0.981 -0.442   0.567     1.0 0.695  0.114 -2.423 -0.022      0.988
  Q3_rq_sales_up     T       44          0           NaN   40   2.995 3.333 77.500 15/17     22  3.030    18 2.953  1.648    4   0.483 -0.291 75.000   3/4      2 -2.460     2 3.426    NaN  2.513  2.634   0.427     1.0 0.695  5.491 -0.473  3.624      0.136
Q4_rq_beat_trend     T       37          7         0.488   12   1.864 2.476 83.333   6/7      6  1.542     6 2.186  0.483   25   3.839  3.387 84.000 14/15     14  3.982    11 3.656  1.775 -1.975 -1.170   0.363     1.0 0.695 -2.440 -1.470 -0.911      0.661
           split      D  rest_nT  rest_nF  rest_meanT  rest_meanF  D_rest  z_vs_rest  p_vs_rest  plac_nT  plac_nF  plac_meanT  plac_meanF  D_plac  se_plac  z_vs_plac  minside_f14  minside_l8  a_both_halves  b_holm05  c_prior  promoted  possible_chance
      Q1_rq_good -0.642     1553      809       0.475      -0.870   1.344     -1.316      0.188      NaN      NaN         NaN         NaN     NaN      NaN        NaN            8           7          False     False    False     False            False
    Q2_rq_pat_up -0.981     1650      694       0.459      -1.054   1.513     -1.646      0.100      NaN      NaN         NaN         NaN     NaN      NaN        NaN            8           6          False     False    False     False            False
  Q3_rq_sales_up  2.513     2150      313       0.168      -0.938   1.106      0.459      0.647      NaN      NaN         NaN         NaN     NaN      NaN        NaN            2           2          False     False     True     False            False
Q4_rq_beat_trend -1.975      824     1257       0.625      -0.490   1.116     -1.618      0.106      NaN      NaN         NaN         NaN     NaN      NaN        NaN            6           6           True     False    False     False            False

==================== REFERENCE RULES (not counted) ====================
                  rule    n  mean    net    tp  tp_net    up%     q  n14   f14   n8     l8   xb5  luck_p  rand_mean  in_S85  not_S85_n  not_S85_mean  plac_n  plac_mean  plac_lo  plac_hi
S85 lag<-10 & vol>=1.0   85 2.132  1.962 2.144   1.974 63.529 18/19   51 1.650   34  2.856 1.364   0.000     -0.071      85          0           NaN    3081      0.665    0.170    1.138
S44 lag<-10 & vol>=1.3   44 2.767  2.597 3.003   2.833 77.273 16/18   24 2.573   20  3.000 1.529   0.000     -0.025      44          0           NaN    1590      0.796    0.082    1.485
         lag<-10 alone  194 0.728  0.558 0.836   0.666 54.124 16/22  115 0.665   79  0.819 0.332   0.015     -0.063      85        109        -0.368    7091      0.477    0.181    0.780
        vol>=1.0 alone 1040 0.172  0.002 0.205   0.035 48.365 14/22  583 0.149  457  0.200 0.069   0.235      0.079      85        955        -0.003   40709      0.270    0.003    0.518
     all in_fo results 3278 0.042 -0.128 0.047  -0.123 48.627 13/22 1807 0.123 1471 -0.058 0.006   1.000      0.042      85       3193        -0.014  120238      0.206    0.012    0.403

==================== PROMOTION (pre-registered rule, decided on S85, pre-results splits) =================
            split prior      D  p_perm  p_holm  D_f14   D_l8  minside_f14  minside_l8  a_both_halves  b_holm05  c_prior  promoted  possible_chance
       F1_quality     T -0.350   0.860     1.0 -3.184  0.984            6          15          False     False    False     False            False
 F2_profitable_4q     T  1.711   0.684     1.0  1.837  1.410            3           2          False     False     True     False            False
 F3_l1_pat_growth     T  0.430   0.733     1.0  1.923 -4.995           21           5          False     False     True     False            False
     F4_pat_accel     T -0.198   0.852     1.0  0.488 -1.468           14          13          False     False    False     False            False
   F5_sales_accel     T  1.118   0.300     1.0  2.009  0.318           17          14          False     False     True     False            False
     F6_margin_up     T  0.226   0.853     1.0  2.113 -2.791           21          15          False     False     True     False            False
   F7_cheap_own3y     T -0.919   0.456     1.0 -2.892 -0.301            7           8          False     False    False     False            False
   F8_cheap_peers     T  0.057   0.968     1.0  1.616 -1.002            8          12          False     False     True     False            False
F9_piotroski_high     T -0.126   0.916     1.0 -1.227  0.923           11          14          False     False    False     False            False
    F10_large_cap    2s  1.638   0.297     1.0  3.689 -1.420           16          11          False     False     True     False            False
    F11_good_fund     T  0.971   0.431     1.0  2.382 -2.201           21           9          False     False     True     False            False
No split met the promotion rule -> no refined rule.

==================== REPLACEMENT RULES (all in_fo results; luck vs random same-quarter picks) ===========
                                   rule    n   mean    net     tp  tp_net    up%     q  n14    f14   n8     l8    xb5  luck_p  rand_mean  in_S85  not_S85_n  not_S85_mean  parent_n  parent_mean  removed_n  removed_mean  luck_within_parent_p  plac_n  plac_mean  plac_lo  plac_hi  luck_holm
       F1_quality + lag<-10 (no volume)   51  0.585  0.415  0.800   0.630 58.824  8/13   20  0.188   31  0.841 -0.518   0.274      0.158      29         22        -1.885       194        0.728        143         0.779                 0.662    2142      0.322   -0.210    0.837      1.000
         F1_quality + vol>=1.0 (no lag)  307  0.432  0.262  0.434   0.264 50.489  9/15  111  0.990  196  0.116  0.102   0.173      0.171      29        278         0.221      1040        0.172        733         0.062                 0.234   12281      0.222   -0.080    0.559      1.000
                       F1_quality alone  946  0.117 -0.053  0.100  -0.070 49.049 10/15  331  0.633  615 -0.161  0.003   0.450      0.101      29        917         0.043      2111        0.132       1165         0.144                 0.564   34959      0.229    0.014    0.446      1.000
    F11_good_fund + lag<-10 (no volume)   99  0.453  0.283  0.452   0.282 50.505 12/20   52  0.315   47  0.605 -0.261   0.118     -0.167      45         54        -1.233       194        0.728         95         1.015                 0.727    3434      0.463    0.107    0.866      1.000
      F11_good_fund + vol>=1.0 (no lag)  537  0.441  0.271  0.426   0.256 51.769 13/22  271  0.451  266  0.430  0.244   0.049      0.101      45        492         0.255      1040        0.172        503        -0.116                 0.067   21246      0.289   -0.031    0.594      0.680
                    F11_good_fund alone 1712  0.121 -0.049  0.121  -0.049 49.416 13/22  836  0.110  876  0.132  0.052   0.145      0.031      45       1667         0.057      2886        0.043       1174        -0.072                 0.149   61286      0.238    0.029    0.442      1.000
 F2_profitable_4q + lag<-10 (no volume)  157  0.748  0.578  0.786   0.616 54.140 16/21   88  0.517   69  1.043  0.276   0.025     -0.052      73         84        -0.591       194        0.728         37         0.640                 0.541    5529      0.406    0.061    0.736      0.368
   F2_profitable_4q + vol>=1.0 (no lag)  826  0.240  0.070  0.242   0.072 49.274 15/22  416  0.334  410  0.146  0.111   0.147      0.081      73        753         0.042      1040        0.172        214        -0.094                 0.231   32001      0.273   -0.013    0.552      1.000
                 F2_profitable_4q alone 2608  0.013 -0.157  0.009  -0.161 48.505 14/22 1295  0.114 1313 -0.087 -0.032   0.704      0.036      73       2535        -0.052      2937        0.030        329         0.167                 0.654   92810      0.234    0.034    0.426      1.000
F9_piotroski_high + lag<-10 (no volume)   78  0.349  0.179  0.576   0.406 50.000  7/14   35  0.395   43  0.311 -0.523   0.278      0.006      34         44        -1.432       194        0.728        116         0.982                 0.897    2807      0.414    0.016    0.812      1.000
  F9_piotroski_high + vol>=1.0 (no lag)  427  0.442  0.272  0.445   0.275 50.585 14/19  189  1.112  238 -0.090  0.201   0.084      0.126      34        393         0.250      1040        0.172        613        -0.017                 0.238   17294      0.313    0.006    0.613      1.000
                F9_piotroski_high alone 1344  0.176  0.006  0.144  -0.026 49.182 12/19  535  0.500  809 -0.039  0.099   0.093      0.045      34       1310         0.111      2008        0.000        664        -0.355                 0.014   49443      0.234    0.015    0.432      1.000
   F7_cheap_own3y + lag<-10 (no volume)   50  0.587  0.417  1.062   0.892 56.000  8/13   13 -0.414   37  0.938 -0.617   0.232      0.063      24         26        -0.888       194        0.728        144         0.777                 0.700    2441      0.353   -0.204    0.906      1.000
     F7_cheap_own3y + vol>=1.0 (no lag)  292 -0.067 -0.237 -0.014  -0.184 48.288  6/16   86 -0.383  206  0.065 -0.298   0.769      0.143      24        268        -0.268      1040        0.172        748         0.265                 0.946   12503      0.313   -0.083    0.760      1.000
                   F7_cheap_own3y alone  909  0.002 -0.168  0.023  -0.147 48.185  8/16  276 -0.073  633  0.035 -0.079   0.702      0.074      24        885        -0.057      1857        0.109        948         0.211                 0.700   35696      0.279    0.024    0.541      1.000

==================== PREVALENCE (share true among known) ====================
                   S85_known  S85_true_share  all_in_fo_true_share  P100_true_share
F1_quality                50           0.580                 0.448            0.558
F2_profitable_4q          78           0.936                 0.888            0.920
F3_l1_pat_growth          79           0.671                 0.712            0.680
F4_pat_accel              66           0.409                 0.482            0.411
F5_sales_accel            70           0.529                 0.498            0.493
F6_margin_up              83           0.482                 0.529            0.509
F7_cheap_own3y            40           0.600                 0.489            0.741
F8_cheap_peers            62           0.677                 0.498            0.559
F9_piotroski_high         59           0.576                 0.669            0.627
F10_large_cap             85           0.318                 0.497            0.405
F11_good_fund             78           0.577                 0.593            0.600
Q1_rq_good                80           0.562                 0.663              NaN
Q2_rq_pat_up              80           0.600                 0.713              NaN
Q3_rq_sales_up            83           0.831                 0.869              NaN
Q4_rq_beat_trend          68           0.265                 0.412              NaN

Things tested (pre-registered count): 22 pre splits + 8 post splits + 15 replacement rules + 0 refined rules = 45
