1-2. Family-wise (Westfall-Young, within-quarter permutation) and timing-matched (within-week) p-values
code                signal direction  trades  avg_pct  perm_quarter_mean  z_quarter  p_two_quarter  westfall_young_p  perm_week_mean  edge_vs_week_pct  p_two_week  westfall_young_p_week  holm_p  luck_p_two_primary
 S18 Donchian20 break down     short     181  -0.8497             0.3296    -3.1026         0.0013            0.0695          0.3809           -1.2306      0.0006                 0.0203  0.1056              0.0024
 L05          CCI20 < -100      long     644   0.2615            -0.2121     2.6893         0.0069            0.2310         -0.0384            0.2998      0.0663                 0.9040  0.3276              0.0078
 S09  MACD>0, hist falling     short    1115   0.1937            -0.1290     2.6541         0.0082            0.2506          0.0624            0.1313      0.2380                 0.9999  0.3139              0.0073
 L20   oversold count >= 3      long     492   0.2191            -0.2510     2.2378         0.0251            0.5826         -0.1634            0.3825      0.0530                 0.8411  1.0000              0.0254
 S13      ADX>25 & -DI>+DI     short     524  -0.2040             0.2342    -2.1832         0.0288            0.6293          0.0090           -0.2130      0.2485                 0.9999  1.0000              0.0270
 S19   OBV bear divergence     short     206   0.5601            -0.1763     2.1688         0.0310            0.6415          0.1562            0.4040      0.2203                 0.9997  1.0000              0.0294
 S06            MFI14 > 80     short     211   0.3223            -0.3038     1.9329         0.0519            0.8350          0.0513            0.2710      0.3822                 1.0000  1.0000              0.0508
 L07      close < lower BB      long     193   0.4807            -0.2328     1.9480         0.0524            0.8239         -0.2386            0.7193      0.0347                 0.6935  1.0000              0.0511
 L01            RSI14 < 30      long     103   0.5527            -0.3900     1.8322         0.0646            0.8951         -0.0216            0.5742      0.2412                 0.9999  1.0000              0.0645
 L21   oversold count >= 4      long     258   0.2835            -0.2830     1.8188         0.0704            0.9020         -0.2387            0.5221      0.0708                 0.9192  1.0000              0.0667
 L04     Williams %R < -80      long     656   0.0685            -0.2241     1.6725         0.0876            0.9598         -0.1589            0.2274      0.1640                 0.9977  1.0000              0.0972
 L03         Stoch %K < 20      long     656   0.0685            -0.2241     1.6725         0.0876            0.9598         -0.1589            0.2274      0.1640                 0.9977  1.0000              0.0972
 S15     bearish engulfing     short     142   0.6734            -0.0363     1.7004         0.0893            0.9512          0.2317            0.4417      0.2771                 1.0000  1.0000              0.0899
 L02             RSI2 < 10      long     409   0.2342            -0.1674     1.6823         0.0921            0.9569         -0.2225            0.4567      0.0390                 0.7329  1.0000              0.0930
 S10    C<SMA200 & C>SMA50     short     370   0.0882            -0.2678     1.5294         0.1253            0.9872         -0.1842            0.2724      0.2171                 0.9998  1.0000              0.1233
 L16         gap down > 2%      long      30   1.3803            -0.0566     1.4619         0.1505            0.9933          0.2478            1.1326      0.2253                 0.9998  1.0000              0.1454
 S12     fresh death cross     short      66  -0.8143             0.0807    -1.4181         0.1574            0.9962         -0.0320           -0.7822      0.1758                 0.9985  1.0000              0.1589
 S08  MACD bear cross (3d)     short     411  -0.3516            -0.0284    -1.3539         0.1727            0.9979         -0.1054           -0.2462      0.2781                 1.0000  1.0000              0.1773
 S16           gap up > 2%     short      59   0.7085            -0.0951     1.1880         0.2363            0.9999         -1.0841            1.7927      0.0051                 0.1620  1.0000              0.2274
 S05           CCI20 > 100     short     796  -0.0752            -0.2495     1.1635         0.2415            0.9999         -0.0829            0.0076      0.9535                 1.0000  1.0000              0.2481
 L18   Donchian20 break up      long     239   0.6594             0.3002     1.1565         0.2515            1.0000          0.3009            0.3584      0.2203                 0.9998  1.0000              0.2527
 S02             RSI2 > 90     short     496  -0.4709            -0.2420    -1.1164         0.2654            1.0000         -0.3171           -0.1538      0.4172                 1.0000  1.0000              0.2733
 N02                  doji    nondir     334  -0.2405             0.0357    -1.0417         0.2967            1.0000          0.0973           -0.3378      0.1789                 0.9990  1.0000              0.2934
 L06            MFI14 < 20      long      92   0.2374            -0.3059     1.0099         0.3095            1.0000         -0.2009            0.4383      0.4095                 1.0000  1.0000              0.3166
 S03         Stoch %K > 80     short     783  -0.3926            -0.2650    -0.8464         0.4013            1.0000         -0.1932           -0.1994      0.1455                 0.9957  1.0000              0.4057
 S04     Williams %R > -20     short     783  -0.3926            -0.2650    -0.8464         0.4013            1.0000         -0.1932           -0.1994      0.1455                 0.9957  1.0000              0.4057
 L17  within 5% of 52w low      long     116   0.1822            -0.2077     0.8095         0.4191            1.0000          0.1205            0.0617      0.8989                 1.0000  1.0000              0.4340
 L08  MACD bull cross (3d)      long     405   0.2678             0.0827     0.7847         0.4310            1.0000          0.1576            0.1102      0.6121                 1.0000  1.0000              0.4434
 S17 within 5% of 52w high     short     694  -0.3338            -0.2069    -0.7800         0.4412            1.0000         -0.0513           -0.2825      0.0653                 0.8966  1.0000              0.4553
 S01            RSI14 > 70     short     216  -0.4939            -0.3061    -0.5867         0.5580            1.0000         -0.1833           -0.3106      0.3222                 1.0000  1.0000              0.5578
 S20 overbought count >= 3     short     639  -0.3850            -0.2881    -0.5643         0.5762            1.0000         -0.1561           -0.2289      0.1477                 0.9953  1.0000              0.5840
 L14                hammer      long      41   0.3940            -0.0386     0.5384         0.5942            1.0000          0.5923           -0.1982      0.8004                 1.0000  1.0000              0.5890
 L09   MACD<0, hist rising      long     812  -0.0629            -0.1248     0.4020         0.6873            1.0000          0.1569           -0.2198      0.1164                 0.9844  1.0000              0.6991
 L12    fresh golden cross      long      81   0.3106             0.1077     0.3705         0.7129            1.0000          0.1195            0.1911      0.7007                 1.0000  1.0000              0.7156
 S14         shooting star     short      19  -0.0414            -0.4186     0.3401         0.7366            1.0000         -0.6085            0.5671      0.5764                 1.0000  1.0000              0.7314
 L11          golden state      long    2070   0.0508             0.0308     0.3306         0.7380            1.0000          0.0094            0.0414      0.4752                 1.0000  1.0000              0.7435
 S11           death state     short    1208  -0.0264            -0.0608     0.3306         0.7380            1.0000         -0.0974            0.0709      0.4752                 1.0000  1.0000              0.7320
 L19   OBV bull divergence      long     366  -0.0940            -0.0363    -0.2279         0.8251            1.0000          0.1208           -0.2148      0.3742                 1.0000  1.0000              0.8195
 L15     bullish engulfing      long      59  -0.0600             0.0707    -0.1996         0.8421            1.0000          0.2578           -0.3178      0.6093                 1.0000  1.0000              0.8352
 L13      ADX>25 & +DI>-DI      long     725   0.1542             0.1822    -0.1755         0.8537            1.0000          0.1274            0.0268      0.8636                 1.0000  1.0000              0.8547
 L10    C>SMA200 & C<SMA50      long     594  -0.0476            -0.0790     0.1706         0.8664            1.0000         -0.0175           -0.0301      0.8678                 1.0000  1.0000              0.8641
 S21 overbought count >= 4     short     373  -0.3244            -0.2925    -0.1334         0.8883            1.0000         -0.1066           -0.2178      0.3330                 1.0000  1.0000              0.8950
 S07      close > upper BB     short     215  -0.3135            -0.2721    -0.1243         0.9022            1.0000         -0.2420           -0.0715      0.8279                 1.0000  1.0000              0.8878
 N01                   NR7    nondir     419   0.0594             0.0569     0.0109         0.9926            1.0000          0.0879           -0.0285      0.8939                 1.0000  1.0000              0.9908

smallest Westfall-Young p: 0.0695; signals with WY p < 0.05: 0; nominal within-week p < 0.05: 4; smallest within-week Westfall-Young p: 0.0203 (S18)

3. Post-hoc long scoring of the two signals that went the wrong way (leads only, NOT pre-registered)
  S18 long: n 181, avg +0.850, net +0.680, take-profit +0.895, up 55.8%, quarters 20/14 positive, first14 +1.029 last8 +0.669, without best 5 +0.489, lag10 overlap 20, without lag10 n 161 avg +0.716 (w/o best5 +0.307)
  S13 long: n 524, avg +0.204, net +0.034, take-profit +0.220, up 51.7%, quarters 22/14 positive, first14 +0.666 last8 -0.272, without best 5 +0.022, lag10 overlap 66, without lag10 n 458 avg -0.119 (w/o best5 -0.320)

Overlap (trades in both) between the nominal hints and the lag10_volume trades:
       L05  L20   S09  S19  S13  S18
L05    644  476   105   17  236  176
L20    476  492    78   12  192  175
S09    105   78  1115   85   47   24
S19     17   12    85  206    9    6
S13    236  192    47    9  524   75
S18    176  175    24    6   75  181
lag10   52   50     2    0   66   20
