MACD recompute check (events): rows 3278, NaN hist_k1 0, max |hist - panel| 4.95e-06 (% of close), max |line - panel| 3.43e-05, sign(hist) disagreements 0
MACD recompute check (placebo): rows 120238, NaN hist_k1 0, max |hist - panel| 5.13e-06 (% of close), max |line - panel| 4.98e-05, sign(hist) disagreements 0

Baselines: all F&O results three_day +0.042 (n 3278), take_profit +0.047; all F&O placebo days +0.206 (n 120238)

All returns direction-adjusted (short signals: profit of the short), percent, gross unless 'net'.
code                signal    n    avg    net     tp    up%  qT  q+    f14     l8    -b5   plac    r-p      z   rand    p2  holm    bh   xNif  lag10  noLag  crit
 L01            RSI14 < 30  103  0.553  0.383  0.629 53.398  16   9  0.398  0.711 -0.149  0.625 -0.072 -0.139 -0.386 0.064 1.000 0.293  0.157     31 -0.414     2
 S01            RSI14 > 70  216 -0.494 -0.664 -0.416 48.611  20  11 -0.129 -1.489 -0.796 -0.161 -0.333 -0.771 -0.307 0.558 1.000 0.810 -0.415      0 -0.494     0
 L02             RSI2 < 10  409  0.234  0.064  0.187 52.323  22  14  0.433  0.012  0.064  0.270 -0.036 -0.108 -0.165 0.093 1.000 0.305  0.176     23  0.120     4
 S02             RSI2 > 90  496 -0.471 -0.641 -0.427 48.589  22   8 -0.516 -0.404 -0.620 -0.186 -0.285 -1.001 -0.246 0.273 1.000 0.547 -0.335      3 -0.452     0
 L03         Stoch %K < 20  656  0.068 -0.102  0.065 50.610  22  13  0.237 -0.107 -0.073  0.265 -0.196 -0.746 -0.222 0.097 1.000 0.305 -0.050     50 -0.103     0
 S03         Stoch %K > 80  783 -0.393 -0.563 -0.334 49.042  22   7 -0.300 -0.526 -0.501 -0.178 -0.215 -0.986 -0.267 0.406 1.000 0.687 -0.294      1 -0.391     0
 L04     Williams %R < -80  656  0.068 -0.102  0.065 50.610  22  13  0.237 -0.107 -0.073  0.265 -0.196 -0.746 -0.222 0.097 1.000 0.305 -0.050     50 -0.103     0
 S04     Williams %R > -20  783 -0.393 -0.563 -0.334 49.042  22   7 -0.300 -0.526 -0.501 -0.178 -0.215 -0.986 -0.267 0.406 1.000 0.687 -0.294      1 -0.391     0
 L05          CCI20 < -100  644  0.261  0.091  0.225 50.621  22  15  0.532 -0.041  0.114  0.303 -0.041 -0.155 -0.210 0.008 0.328 0.114  0.140     52  0.082     3
 S05           CCI20 > 100  796 -0.075 -0.245 -0.103 51.005  22   9  0.001 -0.212 -0.190 -0.165  0.089  0.375 -0.250 0.248 1.000 0.529  0.001      0 -0.075     1
 L06            MFI14 < 20   92  0.237  0.067  0.427 51.087  16   8  0.363  0.132 -0.544  0.197  0.041  0.056 -0.300 0.317 1.000 0.580  0.306      9 -0.413     3
 S06            MFI14 > 80  211  0.322  0.152  0.226 54.028  21  13  0.634 -0.363  0.016 -0.099  0.421  1.114 -0.304 0.051 1.000 0.281  0.322      0  0.322     4
 L07      close < lower BB  193  0.481  0.311  0.426 49.741  21  14  0.781  0.144  0.085  0.510 -0.030 -0.072 -0.230 0.051 1.000 0.281  0.338     19  0.313     4
 S07      close > upper BB  215 -0.314 -0.484 -0.156 47.907  22  10 -0.495 -0.019 -0.653 -0.168 -0.145 -0.353 -0.269 0.888 1.000 0.916 -0.299      0 -0.314     0
 L08  MACD bull cross (3d)  405  0.268  0.098  0.186 51.605  22  12  0.401  0.096  0.039  0.200  0.068  0.161  0.087 0.443 1.000 0.691  0.206      8  0.252     4
 S08  MACD bear cross (3d)  411 -0.352 -0.522 -0.253 49.878  22  10 -0.214 -0.512 -0.552 -0.241 -0.110 -0.375 -0.031 0.177 1.000 0.433 -0.216      7 -0.332     0
 L09   MACD<0, hist rising  812 -0.063 -0.233 -0.031 45.567  22   9  0.072 -0.201 -0.185  0.229 -0.292 -1.031 -0.123 0.699 1.000 0.884 -0.154     50 -0.214     0
 S09  MACD>0, hist falling 1115  0.194  0.024  0.147 52.825  22  15  0.144  0.263  0.085 -0.175  0.369  1.870 -0.130 0.007 0.314 0.114  0.274      2  0.199     5
 L10    C>SMA200 & C<SMA50  594 -0.048 -0.218 -0.060 47.643  22  12  0.263 -0.487 -0.180  0.235 -0.283 -0.944 -0.079 0.864 1.000 0.916 -0.074     19 -0.089     0
 S10    C<SMA200 & C>SMA50  370  0.088 -0.082  0.061 52.162  21   8 -0.018  0.170 -0.119 -0.117  0.205  0.530 -0.270 0.123 1.000 0.362  0.245      1  0.106     1
 L11          golden state 2070  0.051 -0.119  0.071 48.454  22  11  0.152 -0.121 -0.004  0.243 -0.192 -1.063  0.031 0.743 1.000 0.884  0.015     49  0.014     0
 S11           death state 1208 -0.026 -0.196 -0.055 51.076  22  13 -0.049 -0.010 -0.124 -0.145  0.119  0.484 -0.062 0.732 1.000 0.884  0.172     36  0.061     1
 L12    fresh golden cross   81  0.311  0.141  0.131 48.148  19  10  0.528  0.119 -0.340  0.120  0.191  0.354  0.107 0.716 1.000 0.884  0.282      0  0.311     3
 S12     fresh death cross   66 -0.814 -0.984 -0.713 37.879  18   7 -0.485 -1.072 -1.624 -0.061 -0.753 -1.225  0.068 0.159 1.000 0.411 -0.808      4 -0.638     0
 L13      ADX>25 & +DI>-DI  725  0.154 -0.016  0.222 49.931  22  13  0.019  0.424  0.027  0.203 -0.049 -0.208  0.186 0.855 1.000 0.916  0.052      0  0.154     2
 S13      ADX>25 & -DI>+DI  524 -0.204 -0.374 -0.116 48.282  22   8 -0.666  0.272 -0.380 -0.367  0.163  0.443  0.232 0.027 1.000 0.216  0.018     66  0.119     1
 L14                hammer   41  0.394  0.224  0.228 51.220  17   8  0.867  0.024 -1.028  0.402 -0.008 -0.008 -0.037 0.589 1.000 0.810  0.035      1  0.129     2
 S14         shooting star   19 -0.041 -0.211 -0.048 42.105  12   6 -0.497  0.369 -1.594 -0.122  0.081  0.096 -0.423 0.731 1.000 0.884  0.550      0 -0.041     1
 L15     bullish engulfing   59 -0.060 -0.230  0.297 49.153  22  10 -0.033 -0.088 -1.015  0.206 -0.266 -0.402  0.074 0.835 1.000 0.916 -0.152      2  0.009     0
 S15     bearish engulfing  142  0.673  0.503  0.345 55.634  22  12  1.402 -0.214  0.149 -0.197  0.870  1.784 -0.036 0.090 1.000 0.305  0.673      0  0.673     3
 L16         gap down > 2%   30  1.380  1.210  1.593 53.333  15   9  0.412  3.639 -0.381  0.552  0.828  0.661 -0.063 0.145 1.000 0.400  0.604      3  1.249     4
 S16           gap up > 2%   59  0.709  0.539  0.981 54.237  17   8  1.876 -0.092 -0.252 -0.636  1.344  1.081 -0.096 0.227 1.000 0.527  0.930      5  0.614     2
 L17  within 5% of 52w low  116  0.182  0.012  0.284 44.828  21  12  0.096  0.272 -0.339  0.309 -0.126 -0.300 -0.198 0.434 1.000 0.691 -0.379     16 -0.024     2
 S17 within 5% of 52w high  694 -0.334 -0.504 -0.330 47.695  22   8 -0.142 -0.743 -0.460 -0.237 -0.097 -0.401 -0.210 0.455 1.000 0.691 -0.327      0 -0.334     0
 L18   Donchian20 break up  239  0.659  0.489  0.583 53.138  21  13  0.519  0.852  0.296  0.105  0.554  1.406  0.303 0.253 1.000 0.529  0.569      0  0.659     5
 S18 Donchian20 break down  181 -0.850 -1.020 -0.742 44.199  20   6 -1.029 -0.669 -1.252 -0.623 -0.227 -0.556  0.328 0.002 0.106 0.106 -0.702     20 -0.716     0
 L19   OBV bull divergence  366 -0.094 -0.264 -0.206 48.634  22  11  0.210 -0.430 -0.320  0.210 -0.304 -0.856 -0.035 0.819 1.000 0.916 -0.221      7 -0.101     0
 S19   OBV bear divergence  206  0.560  0.390  0.382 58.252  22  15  0.514  0.612  0.287 -0.218  0.778  2.446 -0.177 0.029 1.000 0.216  0.550      0  0.560     5
 L20   oversold count >= 3  492  0.219  0.049  0.200 50.813  21  13  0.471 -0.048  0.025  0.303 -0.083 -0.295 -0.250 0.025 1.000 0.216  0.117     50 -0.042     3
 S20 overbought count >= 3  639 -0.385 -0.555 -0.348 49.296  22   6 -0.290 -0.542 -0.504 -0.166 -0.219 -0.918 -0.290 0.584 1.000 0.810 -0.295      0 -0.385     0
 L21   oversold count >= 4  258  0.283  0.113  0.432 50.388  21  12  0.227  0.338 -0.026  0.430 -0.147 -0.393 -0.282 0.067 1.000 0.293  0.118     32  0.018     2
 S21 overbought count >= 4  373 -0.324 -0.494 -0.254 49.598  22   9 -0.197 -0.572 -0.521 -0.132 -0.193 -0.678 -0.294 0.895 1.000 0.916 -0.285      0 -0.324     0
 N01                   NR7  419  0.059 -0.111  0.175 46.301  22  14  0.524 -0.648 -0.106  0.269 -0.209 -0.805  0.061 0.991 1.000 0.991  0.014     10  0.044     1
 N02                  doji  334 -0.240 -0.410 -0.346 45.808  22  10  0.024 -0.603 -0.467  0.150 -0.390 -1.134  0.040 0.293 1.000 0.561 -0.412      6 -0.339     0

Verdicts:
  L01 RSI14 < 30               nothing
  S01 RSI14 > 70               nothing
  L02 RSI2 < 10                nothing
  S02 RSI2 > 90                nothing
  L03 Stoch %K < 20            nothing
  S03 Stoch %K > 80            nothing
  L04 Williams %R < -80        nothing
  S04 Williams %R > -20        nothing
  L05 CCI20 < -100             unconfirmed hint (nominal p<0.05, fails Holm or other)
  S05 CCI20 > 100              nothing
  L06 MFI14 < 20               nothing
  S06 MFI14 > 80               nothing
  L07 close < lower BB         nothing
  S07 close > upper BB         nothing
  L08 MACD bull cross (3d)     nothing
  S08 MACD bear cross (3d)     nothing
  L09 MACD<0, hist rising      nothing
  S09 MACD>0, hist falling     unconfirmed hint (nominal p<0.05, fails Holm or other)
  L10 C>SMA200 & C<SMA50       nothing
  S10 C<SMA200 & C>SMA50       nothing
  L11 golden state             nothing
  S11 death state              nothing
  L12 fresh golden cross       nothing
  S12 fresh death cross        nothing
  L13 ADX>25 & +DI>-DI         nothing
  S13 ADX>25 & -DI>+DI         REVERSE direction (nominal p<0.05)
  L14 hammer                   nothing
  S14 shooting star            nothing
  L15 bullish engulfing        nothing
  S15 bearish engulfing        nothing
  L16 gap down > 2%            nothing
  S16 gap up > 2%              nothing
  L17 within 5% of 52w low     nothing
  S17 within 5% of 52w high    nothing
  L18 Donchian20 break up      nothing
  S18 Donchian20 break down    REVERSE direction (nominal p<0.05)
  L19 OBV bull divergence      nothing
  S19 OBV bear divergence      unconfirmed hint (nominal p<0.05, fails Holm or other)
  L20 oversold count >= 3      unconfirmed hint (nominal p<0.05, fails Holm or other)
  S20 overbought count >= 3    nothing
  L21 oversold count >= 4      nothing
  S21 overbought count >= 4    nothing
  N01 NR7                      nothing
  N02 doji                     nothing

Signals tested: 44; Holm < 0.05: 0; BH q < 0.10: 0; nominal p_two < 0.05: 6 (expected by chance about 2.2)
