EXPLORATORY - not part of the pre-registered families

1) RP1 (volume >= 1.0 AND 3-month vs Nifty bottom quintile) split by overlap with the 85 lag-rule trades
RP1 all                                                    n= 207 avg +0.689 net +0.519 | first 14 n=107 +0.584 | last 8 n=100 +0.800 | luck p 0.033
RP1 trades that are also lag-rule trades                   n=  54 avg +2.649 net +2.479 | first 14 n=28 +1.582 | last 8 n=26 +3.799 | luck p 0.000
RP1 trades NOT in the lag rule (lag21 >= -10)              n= 153 avg -0.003 net -0.173 | first 14 n=79 +0.231 | last 8 n=74 -0.253 | luck p 0.541
lag rule trades NOT in RP1                                 n=  31 avg +1.232 net +1.062 | first 14 n=23 +1.733 | last 8 n=8 -0.206 | luck p 0.066

2) lag rule + condition (descriptive only; small n)
lag rule AND TR15 (habitual post-results drift top quintile) n=  18 avg +4.235 net +4.065 | first 14 n=6 +5.970 | last 8 n=12 +3.367 | luck p 0.000
lag rule AND PP12 (30%+ below 52-week high)                n=  41 avg +3.081 net +2.911 | first 14 n=20 +2.639 | last 8 n=21 +3.502 | luck p 0.000
lag rule AND PP04 (3-month vs Nifty bottom quintile)       n=  54 avg +2.649 net +2.479 | first 14 n=28 +1.582 | last 8 n=26 +3.799 | luck p 0.000
lag rule AND TR05 (mean last-4 windows top quintile)       n=  15 avg +2.605 net +2.435 | first 14 n=8 +3.909 | last 8 n=7 +1.116 | luck p 0.028

3) track-record candidates by year-half (decay check)
TR05                                                       n= 569 avg +0.531 net +0.361 | first 14 n=270 +1.075 | last 8 n=299 +0.039 | luck p 0.010
TR12                                                       n= 569 avg +0.533 net +0.363 | first 14 n=270 +1.180 | last 8 n=299 -0.051 | luck p 0.010
TR03                                                       n= 816 avg +0.387 net +0.217 | first 14 n=379 +0.946 | last 8 n=437 -0.098 | luck p 0.014
TR11                                                       n= 246 avg +0.564 net +0.394 | first 14 n=87 +1.998 | last 8 n=159 -0.221 | luck p 0.051
TR15                                                       n= 568 avg +0.378 net +0.208 | first 14 n=270 +0.743 | last 8 n=298 +0.048 | luck p 0.064

per-quarter average three_day (%, gross):
test                                   LAGRULE   RP1  TR03  TR05  TR12  all_fo
qn results_for                                                                
0  Results for Jan-Mar 2021 (Q4 FY21)     0.75 -2.63   NaN   NaN   NaN    0.82
1  Results for Apr-Jun 2021 (Q1 FY22)      NaN -0.15   NaN   NaN   NaN    0.06
2  Results for Jul-Sep 2021 (Q2 FY22)     0.27  0.21   NaN   NaN   NaN   -0.84
3  Results for Oct-Dec 2021 (Q3 FY22)     3.21  1.68   NaN   NaN   NaN   -0.64
4  Results for Jan-Mar 2022 (Q4 FY22)     0.42  3.38  0.34 -0.45 -0.03   -0.83
5  Results for Apr-Jun 2022 (Q1 FY23)     5.36  2.53  1.81  1.74  2.30    0.75
6  Results for Jul-Sep 2022 (Q2 FY23)     1.00  1.72  0.24  0.71  0.06    0.03
7  Results for Oct-Dec 2022 (Q3 FY23)     3.75  0.75  0.17  0.56  1.27   -0.16
8  Results for Jan-Mar 2023 (Q4 FY23)     2.52  0.83  0.90  0.91  1.42    0.61
9  Results for Apr-Jun 2023 (Q1 FY24)    -3.15  0.38 -0.49 -0.03 -0.07   -0.30
10 Results for Jul-Sep 2023 (Q2 FY24)      NaN  0.85  0.76  1.00  1.73    0.41
11 Results for Oct-Dec 2023 (Q3 FY24)     1.76 -0.29  3.41  2.74  2.54    0.48
12 Results for Jan-Mar 2024 (Q4 FY24)     1.96  0.75  1.51  2.10  1.14    0.88
13 Results for Apr-Jun 2024 (Q1 FY25)     0.33 -1.40  0.84  1.46  1.44    0.53
14 Results for Jul-Sep 2024 (Q2 FY25)     1.07  1.41 -2.24 -2.64 -2.65   -1.12
15 Results for Oct-Dec 2024 (Q3 FY25)     1.99 -0.05 -1.19 -0.69 -0.22   -0.79
16 Results for Jan-Mar 2025 (Q4 FY25)     5.92  4.06  0.87  1.52  0.98    0.96
17 Results for Apr-Jun 2025 (Q1 FY26)     2.65 -1.18 -1.13 -0.93  0.14   -0.56
18 Results for Jul-Sep 2025 (Q2 FY26)     6.43  0.58  2.04  1.27  1.47    0.67
19 Results for Oct-Dec 2025 (Q3 FY26)     1.98  1.78  0.35  0.62 -0.46    0.18
20 Results for Jan-Mar 2026 (Q4 FY26)      NaN -2.25 -0.51 -0.58 -0.38   -0.31
21 Results for Apr-Jun 2026 (Q1 FY27)     5.27 -0.35  1.20  0.89 -0.00    0.17
