in_fo events with three_day: 3278  (mean three_day 0.042%)
in_fo placebo rows: 120238, with every used indicator: 120238
S85: panel 85 trades, repo trades.csv 85, same (symbol, quarter): True, max |three_day - ref x100| 4.00e-05, max |take_profit diff| 4.00e-05
S44: panel 44 trades, repo trades_vol13.csv 44, same (symbol, quarter): True, max |three_day - ref x100| 4.00e-05, max |take_profit diff| 4.00e-05
placebo base rows: P100 3081, P130 1590

==================== SPLITS on S85 (three_day %, gross; T = condition true, F = false) ==========
                cond ta_prior  T_n  T_mean  T_tp   T_up%   T_q  T_n14  T_f14  T_n8   T_l8  T_xb5  F_n  F_mean  F_tp  F_up%   F_q  F_f14  F_l8      D  p_perm  p_holm  D_f14   D_l8   D_tp  p_perm_tp  plac_nT  plac_meanT  plac_meanF  D_plac  se_plac  D_plac_f14  D_plac_l8  z_vs_plac  a_both_halves  b_p05  c_beats_plac  promoted
       C1_rsi14_lt30        T   31   2.798 2.442  70.968   8/8     17  2.742    14  2.866  0.963   54   1.750 1.973 59.259 14/17  1.104 2.849  1.048   0.292   1.000  1.638  0.017  0.469      0.670     1135       0.475       0.775  -0.300    0.302       0.115     -0.529      1.320          False  False          True     False
        C2_rsi2_lt10        T   23   2.151 3.060  65.217 10/14     15  0.747     8  4.783  0.195   62   2.126 1.805 62.903 13/17  2.026 2.263  0.025   0.984   1.000 -1.279  2.520  1.255      0.208      896       0.677       0.660   0.016    0.237       0.108     -0.040      0.008          False  False          True     False
       C3_stoch_lt20        T   50   2.144 2.368  66.000 15/17     31  1.245    19  3.610  1.169   35   2.116 1.825 60.000 10/16  2.277 1.901  0.027   0.987   1.000 -1.033  1.709  0.544      0.615     1841       0.563       0.816  -0.253    0.261      -0.189     -0.242      0.252          False  False          True     False
   C4_below_lower_bb        T   19   2.014 2.490  68.421  9/11     15  1.145     4  5.273  0.079   66   2.167 2.045 62.121 15/18  1.860 2.534 -0.152   0.892   1.000 -0.715  2.739  0.445      0.633      550       0.974       0.598   0.377    0.284       0.350      0.381     -0.471          False  False          True     False
      C5_cci_lt_m100        T   52   2.303 2.542  63.462 13/18     36  1.399    16  4.334  1.241   33   1.864 1.518 63.636  9/14  2.251 1.542  0.438   0.742   1.000 -0.851  2.792  1.023      0.331     1788       0.738       0.563   0.175    0.262       0.098      0.342      0.231          False  False          True     False
         C6_mfi_lt20        T    9   6.239 5.834  88.889   5/5      3  8.556     6  5.081  1.243   76   1.646 1.707 60.526 18/19  1.218 2.380  4.593   0.008   0.161  7.338  2.701  4.127      0.009      635       0.358       0.745  -0.387    0.325      -0.470     -0.233      2.921          False   True          True     False
     C7_oversold_ge3        T   40   2.564 2.794  67.500 12/16     26  1.685    14  4.196  1.206   45   1.749 1.567 60.000 11/16  1.613 1.919  0.815   0.510   1.000  0.073  2.277  1.228      0.165     1326       0.529       0.768  -0.239    0.256      -0.127     -0.259      0.950          False  False          True     False
     C8_macd_bull_x3        T    8   1.039 0.877  50.000   3/6      5  3.416     3 -2.922 -3.588   77   2.246 2.276 64.935 17/19  1.458 3.416 -1.207   0.450   1.000  1.958 -6.338 -1.399      0.308      338       0.451       0.691  -0.240    0.369      -0.270     -0.255     -0.606          False  False          True     False
 C9_macd_hist_rising        T   50   2.244 2.020  62.000 12/15     27  2.013    23  2.514  0.890   35   1.973 2.322 65.714 15/18  1.241 3.571  0.270   0.818   1.000  0.772 -1.057 -0.303      0.720     1826       0.437       0.996  -0.559    0.202      -0.345     -0.777      0.743          False  False          True     False
    C10_above_sma200        T   20   1.242 2.114  60.000  9/10     17  1.667     3 -1.171 -0.893   65   2.407 2.154 64.615 14/17  1.641 3.246 -1.165   0.463   1.000  0.026 -4.418 -0.039      0.962      535       1.019       0.590   0.428    0.321       0.360      0.156     -1.427          False  False          True     False
    C11_golden_state        T   49   1.577 1.979  57.143 13/16     36  1.576    13  1.581  0.305   36   2.888 2.370 72.222 10/12  1.827 3.646 -1.311   0.430   1.000 -0.251 -2.066 -0.391      0.836     1407       0.567       0.747  -0.180    0.231       0.240     -0.765     -1.181          False  False          True     False
    C12_near_52w_low       2s   16   1.472 0.708  56.250   5/7     10  1.388     6  1.610 -1.271   69   2.286 2.478 65.217 16/18  1.714 3.123 -0.814   0.532   1.000 -0.325 -1.513 -1.770      0.216      793       0.949       0.566   0.383    0.292       0.105      0.726     -0.990          False  False          True     False
  C13_don20_break_dn       2s   20   1.926 2.231  70.000  8/12     14  1.534     6  2.839  0.129   65   2.196 2.118 61.538 13/18  1.694 2.860 -0.271   0.835   1.000 -0.159 -0.022  0.114      0.906      621       0.737       0.647   0.091    0.230       0.434     -0.199     -0.288          False  False          True     False
     C14_bull_candle        T    3   2.316 5.723  66.667   2/3      2 -2.034     1 11.014    NaN   82   2.126 2.013 63.415 18/19  1.800 2.609  0.190   0.942   1.000 -3.834  8.405  3.709      0.143      120       1.404       0.635   0.769    0.623       0.649      0.938     -0.136          False  False         False     False
             C15_nr7       2s   10   0.688 0.729  50.000   4/8      6  0.054     4  1.639 -3.164   75   2.325 2.333 65.333 18/18  1.863 3.019 -1.637   0.367   1.000 -1.808 -1.379 -1.604      0.290      480       0.781       0.643   0.138    0.195      -0.041      0.320     -1.230          False  False          True     False
C16_strong_downtrend        F   66   2.449 2.321  66.667 17/19     37  1.927    29  3.115  1.467   19   1.034 1.530 52.632  8/13  0.919 1.356  1.415   0.291   1.000  1.008  1.759  0.791      0.566     2280       0.739       0.455   0.284    0.199       0.144      0.526      0.871           True  False          True     False
    C17_obv_bull_div        T    7   0.248 2.495  57.143   4/6      4  0.070     3  0.486 -2.263   78   2.302 2.113 64.103 18/19  1.784 3.086 -2.054   0.395   1.000 -1.715 -2.600  0.382      0.892      270       0.861       0.646   0.215    0.344       0.081      0.312     -1.076          False  False          True     False
        C18_gap_down       2s    8   3.140 2.896  75.000   4/5      6  4.126     2  0.181 -2.079   77   2.028 2.066 62.338 15/19  1.320 3.024  1.112   0.624   1.000  2.807 -2.842  0.829      0.587      389       1.573       0.534   1.039    0.483       1.435      0.843      0.033          False  False          True     False
            C19_doji        T    6   5.161 6.327 100.000   5/5      2  3.155     4  6.163  1.302   79   1.902 1.827 60.759 18/19  1.588 2.415  3.258   0.110   1.000  1.567  3.748  4.500      0.032      301       0.910       0.638   0.271    0.290       0.181      0.350      1.496          False  False          True     False

==================== SPLITS on S44 (three_day %, gross; T = condition true, F = false) ==========
                cond ta_prior  T_n  T_mean  T_tp   T_up%   T_q  T_n14  T_f14  T_n8   T_l8  T_xb5  F_n  F_mean  F_tp  F_up%   F_q  F_f14  F_l8      D  p_perm  p_holm  D_f14   D_l8   D_tp  p_perm_tp  plac_nT  plac_meanT  plac_meanF  D_plac  se_plac  D_plac_f14  D_plac_l8  z_vs_plac  a_both_halves  b_p05  c_beats_plac  promoted
       C1_rsi14_lt30        T   21   3.913 3.725  80.952   8/8     11  3.669    10  4.181  1.696   23   1.721 2.345 73.913 10/14  1.645 1.819  2.192   0.145   1.000  2.024  2.362  1.380      0.225      683       0.536       0.991  -0.455    0.385       0.038     -0.752      2.075           True  False          True     False
        C2_rsi2_lt10        T   13   3.280 3.673  76.923  9/11      8  2.158     5  5.076  0.041   31   2.552 2.723 77.419 11/13  2.780 2.308  0.728   0.634   1.000 -0.622  2.768  0.950      0.529      483       0.603       0.880  -0.277    0.245      -0.124     -0.364      0.710          False  False          True     False
       C3_stoch_lt20        T   28   3.197 3.318  82.143 12/14     15  2.533    13  3.963  1.909   16   2.015 2.454 68.750   6/9  2.639 1.213  1.182   0.419   1.000 -0.107  2.750  0.864      0.452      967       0.572       1.143  -0.570    0.342      -0.494     -0.581      1.199          False  False          True     False
   C4_below_lower_bb        T   12   3.465 2.902  91.667   9/9      9  3.301     3  3.954  1.322   32   2.505 3.041 71.875 12/14  2.136 2.832  0.959   0.589   1.000  1.166  1.122 -0.139      0.889      349       0.944       0.754   0.190    0.401       0.103      0.266      0.527          False  False          True     False
      C5_cci_lt_m100        T   30   3.773 3.546  83.333 12/14     19  3.438    11  4.353  2.211   14   0.611 1.841 64.286   5/8 -0.715 1.347  3.163   0.022   0.422  4.153  3.006  1.705      0.131     1031       0.741       0.896  -0.154    0.329      -0.028     -0.223      2.384           True   True          True      True
         C6_mfi_lt20        T    5   6.003 4.627  80.000   4/4      3  8.556     2  2.173    NaN   39   2.352 2.795 76.923 16/18  1.718 3.092  3.651   0.115   1.000  6.838 -0.919  1.832      0.275      363       0.562       0.865  -0.302    0.471      -0.314     -0.256      1.773          False  False          True     False
     C7_oversold_ge3        T   25   4.278 4.014  84.000 13/14     15  4.155    10  4.462  2.451   19   0.779 1.673 68.421  6/10 -0.064 1.538  3.498   0.024   0.431  4.218  2.924  2.341      0.044      760       0.467       1.097  -0.630    0.296      -0.420     -0.748      2.850           True   True          True      True
     C8_macd_bull_x3        T    3   2.840 2.840  66.667   2/3      2  6.696     1 -4.870    NaN   41   2.762 3.015 78.049 14/16  2.198 3.414  0.079   1.000   1.000  4.498 -8.284 -0.175      1.000      144       0.641       0.811  -0.170    0.470      -0.313     -0.046      0.109          False  False          True     False
 C9_macd_hist_rising        T   24   3.022 3.314  75.000  9/11     11  2.109    13  3.794  0.745   20   2.462 2.631 80.000 12/14  2.965 1.527  0.560   0.729   1.000 -0.856  2.267  0.683      0.581      896       0.573       1.083  -0.510    0.315      -0.039     -0.937      0.728          False  False          True     False
    C10_above_sma200        T    9   2.238 3.261  77.778   7/8      8  2.186     1  2.646 -1.706   35   2.903 2.937 77.143 12/14  2.766 3.019 -0.666   0.751   1.000 -0.579 -0.373  0.323      0.787      221       1.192       0.732   0.460    0.539       0.236      0.622     -0.806          False  False          True     False
    C11_golden_state        T   28   2.866 3.201  75.000 12/14     19  2.682     9  3.254  0.973   16   2.595 2.658 81.250   8/9  2.158 2.793  0.271   0.844   1.000  0.524  0.461  0.543      0.711      708       0.577       0.971  -0.394    0.367       0.110     -0.896      0.524          False  False          True     False
    C12_near_52w_low       2s    7   2.015 1.465  71.429   5/6      4  0.381     3  4.192 -5.976   37   2.909 3.295 78.378 15/17  3.011 2.790 -0.895   0.662   1.000 -2.629  1.402 -1.830      0.285      442       1.079       0.687   0.392    0.371       0.253      0.577     -0.665          False  False          True     False
  C13_don20_break_dn       2s   11   1.123 1.690  72.727  7/10      8  1.026     3  1.381 -1.402   33   3.315 3.441 78.788 12/14  3.346 3.286 -2.192   0.226   1.000 -2.319 -1.905 -1.751      0.234      336       0.771       0.802  -0.031    0.395       0.474     -0.412     -1.434          False  False          True     False
     C14_bull_candle        T    3   2.316 5.723  66.667   2/3      2 -2.034     1 11.014    NaN   41   2.800 2.804 78.049 16/18  2.991 2.578 -0.484   0.917   1.000 -5.025  8.436  2.918      0.332       69       1.977       0.742   1.235    0.910       1.164      1.327     -0.458          False  False          True     False
             C15_nr7       2s    3   5.509 4.648 100.000   3/3      1  1.895     2  7.316    NaN   41   2.566 2.883 75.610 16/18  2.602 2.521  2.943   0.240   1.000 -0.707  4.795  1.765      0.329      259       0.936       0.768   0.167    0.259      -0.142      0.446      1.373          False  False          True     False
C16_strong_downtrend        F   35   2.915 3.043  80.000 13/15     17  2.563    18  3.247  1.385    9   2.194 2.849 66.667   6/7  2.597 0.781  0.721   0.836   1.000 -0.035  2.466  0.194      0.899     1205       0.870       0.565   0.305    0.310       0.351      0.272      0.279          False  False          True     False
    C17_obv_bull_div        T    3  -0.209 2.348  66.667   2/3      2 -0.965     1  1.302    NaN   41   2.985 3.051 78.049 14/16  2.894 3.090 -3.194   0.499   1.000 -3.859 -1.788 -0.703      1.000      126       1.003       0.778   0.225    0.473       0.403     -0.041     -1.097          False  False          True     False
        C18_gap_down       2s    6   1.558 2.657  66.667   3/4      4  2.246     2  0.181 -4.083   38   2.958 3.058 78.947 14/16  2.638 3.314 -1.400   0.585   1.000 -0.392 -3.132 -0.402      0.879      240       1.701       0.635   1.067    0.589       1.769      0.727     -1.049          False  False          True     False
            C19_doji        T    6   5.161 6.327 100.000   5/5      2  3.155     4  6.163  1.302   38   2.389 2.479 73.684 14/17  2.520 2.210  2.771   0.189   1.000  0.636  3.954  3.848      0.005      162       1.032       0.769   0.263    0.429       0.046      0.453      1.497          False  False          True     False

==================== BASE RULES (reference) ====================
              rule  n  mean   net    tp  tp_net    up%     q  n14   f14  n8    l8   xb5  luck_p  rand_mean  in_S85  not_S85_n  not_S85_mean  plac_n  plac_mean  plac_lo  plac_hi
LAG10_VOL1.0 (S85) 85 2.132 1.962 2.144   1.974 63.529 18/19   51 1.650  34 2.856 1.364     0.0     -0.071      85          0           NaN    3081      0.665    0.177    1.139
LAG10_VOL1.3 (S44) 44 2.767 2.597 3.003   2.833 77.273 16/18   24 2.573  20 3.000 1.529     0.0     -0.028      44          0           NaN    1590      0.796    0.054    1.474

==================== PROMOTION (pre-registered rule, decided on S85) ====================
                cond      D  p_perm  p_holm  D_f14   D_l8  minside_f14  minside_l8  D_plac  a_both_halves  b_p05  c_beats_plac  promoted
       C1_rsi14_lt30  1.048   0.292   1.000  1.638  0.017           17          14  -0.300          False  False          True     False
        C2_rsi2_lt10  0.025   0.984   1.000 -1.279  2.520           15           8   0.016          False  False          True     False
       C3_stoch_lt20  0.027   0.987   1.000 -1.033  1.709           20          15  -0.253          False  False          True     False
   C4_below_lower_bb -0.152   0.892   1.000 -0.715  2.739           15           4   0.377          False  False          True     False
      C5_cci_lt_m100  0.438   0.742   1.000 -0.851  2.792           15          16   0.175          False  False          True     False
         C6_mfi_lt20  4.593   0.008   0.161  7.338  2.701            3           6  -0.387          False   True          True     False
     C7_oversold_ge3  0.815   0.510   1.000  0.073  2.277           25          14  -0.239          False  False          True     False
     C8_macd_bull_x3 -1.207   0.450   1.000  1.958 -6.338            5           3  -0.240          False  False          True     False
 C9_macd_hist_rising  0.270   0.818   1.000  0.772 -1.057           24          11  -0.559          False  False          True     False
    C10_above_sma200 -1.165   0.463   1.000  0.026 -4.418           17           3   0.428          False  False          True     False
    C11_golden_state -1.311   0.430   1.000 -0.251 -2.066           15          13  -0.180          False  False          True     False
    C12_near_52w_low -0.814   0.532   1.000 -0.325 -1.513           10           6   0.383          False  False          True     False
  C13_don20_break_dn -0.271   0.835   1.000 -0.159 -0.022           14           6   0.091          False  False          True     False
     C14_bull_candle  0.190   0.942   1.000 -3.834  8.405            2           1   0.769          False  False         False     False
             C15_nr7 -1.637   0.367   1.000 -1.808 -1.379            6           4   0.138          False  False          True     False
C16_strong_downtrend  1.415   0.291   1.000  1.008  1.759           14           5   0.284           True  False          True     False
    C17_obv_bull_div -2.054   0.395   1.000 -1.715 -2.600            4           3   0.215          False  False          True     False
        C18_gap_down  1.112   0.624   1.000  2.807 -2.842            6           2   1.039          False  False          True     False
            C19_doji  3.258   0.110   1.000  1.567  3.748            2           4   0.271          False  False          True     False
No condition met the promotion rule -> no refined rule tested.

==================== REPLACEMENT RULES (no lag filter, all in_fo events) ====================
                                 rule   n  mean    net    tp  tp_net    up%     q  n14    f14  n8     l8    xb5  luck_p  rand_mean  in_S85  not_S85_n  not_S85_mean  plac_n  plac_mean  plac_lo  plac_hi
             C1_rsi14_lt30 + vol>=1.0  53 1.643  1.473 1.525   1.355 64.151  8/11   22  1.486  31  1.753  0.409   0.005     -0.267      31         22         0.014    2004      0.605    0.119    1.190
     C1_rsi14_lt30 (no volume filter) 103 0.553  0.383 0.629   0.459 53.398  9/16   52  0.398  51  0.711 -0.149   0.032     -0.393      31         72        -0.414    3631      0.625    0.244    1.080
              C2_rsi2_lt10 + vol>=1.0 105 0.572  0.402 0.738   0.568 53.333 13/21   56  0.684  49  0.443 -0.021   0.120     -0.027      23         82         0.129    4322      0.374    0.099    0.679
      C2_rsi2_lt10 (no volume filter) 409 0.234  0.064 0.187   0.017 52.323 14/22  216  0.433 193  0.012  0.064   0.048     -0.166      23        386         0.120   14580      0.270    0.072    0.497
             C3_stoch_lt20 + vol>=1.0 183 0.524  0.354 0.554   0.384 51.913 12/21   92  0.656  91  0.391  0.103   0.033     -0.169      50        133        -0.085    7194      0.339    0.070    0.653
     C3_stoch_lt20 (no volume filter) 656 0.068 -0.102 0.065  -0.105 50.610 13/22  335  0.237 321 -0.107 -0.073   0.048     -0.224      50        606        -0.103   22403      0.265    0.065    0.497
         C4_below_lower_bb + vol>=1.0  64 1.227  1.057 1.203   1.033 57.812  9/14   37  1.565  27  0.764  0.210   0.019     -0.163      19         45         0.895    2297      0.582    0.219    1.069
 C4_below_lower_bb (no volume filter) 193 0.481  0.311 0.426   0.256 49.741 14/21  102  0.781  91  0.144  0.085   0.027     -0.228      19        174         0.313    5559      0.510    0.230    0.822
            C5_cci_lt_m100 + vol>=1.0 175 0.684  0.514 0.743   0.573 52.000 10/20   92  0.840  83  0.511  0.208   0.016     -0.154      52        123         0.000    7638      0.387    0.001    0.836
    C5_cci_lt_m100 (no volume filter) 644 0.261  0.091 0.225   0.055 50.621 15/22  340  0.532 304 -0.041  0.114   0.004     -0.213      52        592         0.082   20832      0.303    0.058    0.571
               C6_mfi_lt20 + vol>=1.0  27 0.935  0.765 0.806   0.636 59.259   4/9   10 -0.093  17  1.539 -1.194   0.141     -0.171       9         18        -1.718    1282      0.321    0.018    0.660
       C6_mfi_lt20 (no volume filter)  92 0.237  0.067 0.427   0.257 51.087  8/16   42  0.363  50  0.132 -0.544   0.157     -0.306       9         83        -0.413    2994      0.197   -0.080    0.492
           C7_oversold_ge3 + vol>=1.0 111 1.090  0.920 1.153   0.983 55.856 10/18   57  1.142  54  1.035  0.346   0.005     -0.184      40         71         0.260    4136      0.429    0.106    0.795
   C7_oversold_ge3 (no volume filter) 355 0.419  0.249 0.462   0.292 52.394 13/21  185  0.314 170  0.534  0.176   0.005     -0.253      40        315         0.147   10820      0.371    0.133    0.627
          C12_near_52w_low + vol>=1.0  41 0.827  0.657 0.348   0.178 53.659 10/15   19  1.474  22  0.268 -0.532   0.128     -0.105      16         25         0.415    2876      0.496    0.093    0.994
  C12_near_52w_low (no volume filter) 116 0.182  0.012 0.284   0.114 44.828 12/21   59  0.096  57  0.272 -0.339   0.209     -0.201      16        100        -0.024    7102      0.309   -0.009    0.688
        C13_don20_break_dn + vol>=1.0  56 1.129  0.959 1.256   1.086 62.500  9/15   27  0.896  29  1.345  0.145   0.038     -0.155      20         36         0.686    2109      0.687    0.348    1.092
C13_don20_break_dn (no volume filter) 181 0.850  0.680 0.895   0.725 55.801 14/20   91  1.029  90  0.669  0.489   0.001     -0.330      20        161         0.716    5457      0.623    0.380    0.885

==================== PREVALENCE of each condition (share true) ====================
                        S85    S44  all_in_fo_events   P100
C1_rsi14_lt30         0.365  0.477             0.031  0.368
C2_rsi2_lt10          0.271  0.295             0.125  0.291
C3_stoch_lt20         0.588  0.636             0.200  0.598
C4_below_lower_bb     0.224  0.273             0.059  0.179
C5_cci_lt_m100        0.612  0.682             0.196  0.580
C6_mfi_lt20           0.106  0.114             0.028  0.206
C7_oversold_ge3       0.471  0.568             0.108  0.430
C8_macd_bull_x3       0.094  0.068             0.124  0.110
C9_macd_hist_rising   0.588  0.545             0.493  0.593
C10_above_sma200      0.235  0.205             0.642  0.174
C11_golden_state      0.576  0.636             0.631  0.457
C12_near_52w_low      0.188  0.159             0.035  0.257
C13_don20_break_dn    0.235  0.250             0.055  0.202
C14_bull_candle       0.035  0.068             0.030  0.039
C15_nr7               0.118  0.068             0.128  0.156
C16_strong_downtrend  0.776  0.795             0.160  0.740
C17_obv_bull_div      0.082  0.068             0.112  0.088
C18_gap_down          0.094  0.136             0.041  0.126
C19_doji              0.071  0.136             0.102  0.098

Things tested (pre-registered count): 38 splits + 18 replacement rules + 0 refined rules = 56
