X1  W_RSI_HI diagnostics (H20, vsN net, percent)
    n_W  W_mean  n_hi  hi_mean  n_lo  lo_mean  hi_minus_W
qn                                                       
0    11    0.40     8     1.08     3    -1.41        0.68
1     9   -0.32     6     0.17     3    -1.30        0.49
2    17   -1.81    11    -2.47     6    -0.60       -0.66
3    10   -4.09     4    -0.08     6    -6.76        4.01
4    17   -0.51     3    -0.13    14    -0.59        0.37
5    11    0.61     9     0.31     2     1.95       -0.30
6    12   -2.71     9    -2.47     3    -3.43        0.24
7    17    2.33     9     2.13     8     2.55       -0.20
8    14    5.98    13     5.89     1     7.20       -0.09
9    11    9.66     9     9.15     2    11.95       -0.51
10    7   12.36     5    16.34     2     2.41        3.98
11   18    1.78    13     0.06     5     6.24       -1.71
12   21    3.31    14     5.81     7    -1.68        2.50
13   17    0.78     9     2.16     8    -0.78        1.39
14   20    0.38     3     3.05    17    -0.09        2.68
15   22   -0.97     6     3.47    16    -2.64        4.44
16   23    3.42    19     3.53     4     2.93        0.10
17   19    3.23     5     5.03    14     2.58        1.80
18   31   -0.85    22     0.41     9    -3.95        1.27
19   32    1.91    15     2.97    17     0.98        1.06
20   29    1.04    23    -0.15     6     5.60       -1.19
21   24    2.07    17     3.82     7    -2.19        1.75
quarters hi > W: 15/22; hi > lo: 15/22

plain winners by cutoff RSI(14) band, H5/H10/H20 vsN net:
             v5         v10         v20      
          count  mean count  mean count  mean
cut_rsi14                                    
(0, 30]      17 -1.70    17 -1.84    17 -0.69
(30, 40]     58 -0.50    58 -1.05    58  0.04
(40, 50]     85 -0.22    85  0.21    85  0.18
(50, 60]    117 -0.05   117 -0.26   117  1.20
(60, 70]     86  0.83    86  1.68    86  2.93
(70, 100]    29  1.33    29  1.57    29  5.82

overlap: RSI_HI winners 232, of which UP200 182; UP200 & RSI_HI 182, UP200 & RSI_LO 80
  winners UP200 & RSI_HI: n 182, H20 vsN net +2.60
  winners UP200 & RSI_LO: n 80, H20 vsN net -0.36
  winners DN200 & RSI_HI: n 50, H20 vsN net +1.77
  winners DN200 & RSI_LO: n 80, H20 vsN net +0.44

without best 5: RSI_HI +1.83 vs all plain winners without their best 5 +1.09; median RSI_HI +2.21 vs winners +0.65
qn 0-17 only: RSI_HI +2.88 (n 155) vs winners +1.64 (n 276);  qn 18-21: RSI_HI +1.50 vs winners +0.99
main run: n 232, vsN net +2.42, dW +0.63 (first14 +0.45, last8 +0.83), t 2.79, luck p 0.0105, Holm(117) 1.00, Westfall-Young 0.54
quiet-day winners with RSI_HI: d vs all quiet-day winners -0.29 (se 0.22) - the split goes the other way on ordinary days

X2  BREAKOUT_VOL alone after results (post hoc), long, vs all results of the quarter
           test  H   n  vsN_net q_pos   t_q  first14  last8  wo_best5  in_W  not_W_n  not_W_mean  W_not_breakout_n  W_not_breakout_mean  p_luck  p_holm120
X2_BREAKOUT_VOL  5 580    0.101  9/22 0.454    0.237 -0.050    -0.004   313      267       0.032                79               -0.284   0.149      1.000
X2_BREAKOUT_VOL 10 580    0.369 13/22 1.372    0.647  0.060     0.232   313      267       0.292                79               -0.647   0.045      1.000
X2_BREAKOUT_VOL 20 580    1.469 15/22 2.945    1.868  1.026     1.230   313      267       1.131                79                0.216   0.000      0.054
Holm over 120: min adjusted among the 117 main tests 1.000
same BREAKOUT_VOL signal on quiet days (from placebo.csv):
 H    n  placebo_vsN_net  se_month
 5 2964           -0.085     0.154
10 2964            0.047     0.265
20 2964            0.254     0.377
