qn                    0    1    2    3    4    5    6    7    8    9    10   11   12   13   14   15   16   17   18   19   20   21
P1_GOOD_BREAKOUT_VOL  17   11   11    5    6   16   11   12   15   11   11   17   14   14    7    5   16   10   25   16   17   19
P2_GOOD_BELOW50       22   31   14   21   39    7   13   26    9   10   37   15   11   11   32   45   12   32   18   29   18   30
P3_BAD_BRKDN_VOL       1    4    9   10    9    2    6   11    4    4    3    6    1    4    9   16    0   12    8   10    6   10
GOOD                  69   70   53   50   55   48   38   47   50   49   70   60   51   48   43   58   63   61   68   51   84   92
BAD                   15   25   31   49   48   34   52   43   48   23   26   25   31   25   40   59   36   54   43   53   54   48
BREAKOUT_VOL          22   14   19   11   12   27   22   24   30   20   15   34   27   28   24   24   32   25   54   43   41   32
BRK20                 20   12   10    7    5   28   24   22   27   22   11   26   24   26    8   16   30   16   46   30   34   36
GAPHOLD                9    7   16    6    9    8   12    9    9    4    8   25   13   13   21   14   16   15   23   24   20   11
VOL15                 77   85   84  107   91  104   82  102  108  100   88  107  107   94  104  145  144  140  168  160  169  157
BELOW50               36   56   53   67   92   31   65   78   37   32   72   45   45   46  106  132   31  121   71  110   72   86
BRKDN_VOL              4   14   16   13   25    4   11   21    6   16   15   19   12    8   26   33    1   34   21   29   17   23
W                     11    9   17   10   17   11   12   17   14   11    7   18   21   17   20   22   23   19   31   32   29   24
E_GOOD                93  108  116  118  122   89  118  117  123   89  118  128  128  127  129  165  171  186  186  190  198  201
E_BAD                 93  108  116  118  122   89  118  117  123   89  118  128  128  127  129  165  171  186  186  190  198  201
E_TA_RX               98  117  125  132  131  134  133  133  134  134  132  135  135  135  134  172  178  191  191  196  204  206

plain winners per quarter: {0: 11, 1: 9, 2: 17, 3: 10, 4: 17, 5: 11, 6: 12, 7: 17, 8: 14, 9: 11, 10: 7, 11: 18, 12: 21, 13: 17, 14: 20, 15: 22, 16: 23, 17: 19, 18: 31, 19: 32, 20: 29, 21: 24} total 392
qn             0  1   2  3   4   5   6   7   8   9  10  11  12  13  14  15  16  17  18  19  20  21  total  nq
GOOD           7  7   7  6  10   6   7  10   5   6   6  11  11   8   6   7  10  10  12   9  13  13    187  22
BAD            1  1   5  1   3   1   2   6   5   2   0   2   5   0   4   5   5   2   8  11   8   4     81  20
Q_HI           0  0   0  0   0   0   0   1   5   5   3   9   7   9   5   4   9   4   8  13  12   9    103  15
Q_LO           0  0   0  0   0   0   0   5   3   1   2   4   5   2   4   7   4   4   6   5   7   6     65  15
CHEAP          1  0   2  2   2   3   3   3   1   3   2   1   3   2   4   3   4   2   5   4   5   2     57  21
EXP            4  5   6  3   2   2   2   2   4   3   1   6   8   8   8   8   7   8  18  11   9   9    134  22
UP200         10  9  16  6   4   1  10  10  11  10   7  18  17  16  13   7   7  14  24  19  18  15    262  22
DN200          1  0   1  4  13  10   2   7   3   1   0   0   4   1   7  15  16   5   7  13  11   9    130  19
RSI_HI         8  6  11  4   3   9   9   9  13   9   5  13  14   9   3   6  19   5  22  15  23  17    232  22
RSI_LO         3  3   6  6  14   2   3   8   1   2   2   5   7   8  17  16   4  14   9  17   6   7    160  22
GOOD&UP200     6  7   7  4   3   1   7   7   5   6   6  11  11   8   2   3   4   7   9   6  10  10    140  22
GOOD&DN200     1  0   0  2   7   5   0   3   0   0   0   0   0   0   4   4   6   3   3   3   3   3     47  13
GOOD&RSI_HI    4  5   6  3   2   5   6   6   5   5   5   9  10   4   0   2   7   3   8   4  12  10    121  21
GOOD&RSI_LO    3  2   1  3   8   1   1   4   0   1   1   2   1   4   6   5   3   7   4   5   1   3     66  21
BAD&UP200      1  1   5  1   0   0   1   2   4   1   0   2   2   0   2   2   2   2   4   5   4   2     43  18
BAD&DN200      0  0   0  0   3   1   1   4   1   1   0   0   3   0   2   3   3   0   4   6   4   2     38  14
BAD&RSI_HI     1  0   4  1   0   1   0   3   4   1   0   0   1   0   0   2   5   1   5   3   5   2     39  15
BAD&RSI_LO     0  1   1  0   3   0   2   3   1   1   0   2   4   0   4   3   0   1   3   8   3   2     42  16
Q_HI&UP200     0  0   0  0   0   0   0   1   3   4   3   9   7   9   5   0   3   3   4   8   7   5     71  14
Q_HI&DN200     0  0   0  0   0   0   0   0   2   1   0   0   0   0   0   4   6   1   4   5   5   4     32   9
Q_HI&RSI_HI    0  0   0  0   0   0   0   1   4   4   2   7   7   7   2   0   7   2   5   5   9   6     68  14
Q_HI&RSI_LO    0  0   0  0   0   0   0   0   1   1   1   2   0   2   3   4   2   2   3   8   3   3     35  13
Q_LO&UP200     0  0   0  0   0   0   0   2   3   1   2   4   4   2   1   2   1   3   6   2   3   5     41  15
Q_LO&DN200     0  0   0  0   0   0   0   3   0   0   0   0   1   0   3   5   3   1   0   3   4   1     24   9
Q_LO&RSI_HI    0  0   0  0   0   0   0   1   3   1   1   3   4   0   0   4   4   2   4   2   6   6     41  13
Q_LO&RSI_LO    0  0   0  0   0   0   0   4   0   0   1   1   1   2   4   3   0   2   2   3   1   0     24  11
CHEAP&UP200    1  0   2  0   0   0   1   1   1   2   2   1   3   2   2   0   2   2   4   4   3   0     33  16
CHEAP&DN200    0  0   0  2   2   3   2   2   0   1   0   0   0   0   2   3   2   0   1   0   2   2     24  12
CHEAP&RSI_HI   1  0   1  0   1   3   2   1   1   3   2   1   2   1   0   0   3   0   5   4   3   0     34  16
CHEAP&RSI_LO   0  0   1  2   1   0   1   2   0   0   0   0   1   1   4   3   1   2   0   0   2   2     23  13
EXP&UP200      4  5   6  2   0   1   2   2   3   3   1   6   7   8   7   3   3   6  14   8   9   8    108  21
EXP&DN200      0  0   0  1   2   1   0   0   1   0   0   0   1   0   1   5   4   2   4   3   0   1     26  12
EXP&RSI_HI     2  4   3  1   0   2   2   1   4   2   1   3   7   5   3   2   7   3  12   8   9   7     88  21
EXP&RSI_LO     2  1   3  2   2   0   0   1   0   1   0   3   1   3   5   6   0   5   6   3   0   2     46  16
ALL_BULL       4  5   6  2   0   1   6   5   5   5   5   9  10   4   0   2   4   3   7   4  10   8    105  20
ALL_BEAR       0  0   0  0   3   0   1   3   1   0   0   0   3   0   2   2   0   0   3   5   3   1     27  11

quiet days in_fo: 93988 winners 1588
BREAKOUT_VOL 2964  with L_GOOD 1269
BELOW50 42738  with L_GOOD 15113
BRKDN_VOL 1119  with L_BAD 344
quiet winners L_GOOD 707
quiet winners L_BAD 457
quiet winners UP200 948
quiet winners DN200 640
quiet winners RSI_HI 849
quiet winners RSI_LO 739
