PREREGISTRATION.txt sha256 54f69b1ccdb16b9a2297f39338c6b28867853362fcf5e0245e3e5154f583aec7
in_fo results 3280, tradable 3280
REPRO plain winner drift E0 H20 vsN net: n=392 mean=+1.45% q_pos=15/22 t=2.15   [documented 392, +1.45%, 15/22]

Westfall-Young: joint permutations within quarter x winner stratum ...
  null 95th pct of max z over 117 tests: 3.26; observed max z 2.32; tests with single perm p < 0.05: 5 (expected ~5.9); under the joint null P(count >= observed) = 0.558

quiet days with complete 20-session outcome: 93988; quiet winners 1588

REFERENCES (direction-adjusted; percent):
                ref  H    n  raw_gross  raw_net  vsN_gross  vsN_net  tp_net  up_pct  nq  q_pos   t_q  vsN_net_first14  vsN_net_last8  wo_best5
        ALL_results  5 3280       0.26     0.09       0.07    -0.12   -0.10   45.37  22      8 -0.70            -0.03          -0.23     -0.14
        ALL_results 10 3280       0.43     0.26       0.11    -0.08   -0.10   46.13  22     12 -0.37            -0.04          -0.13     -0.12
        ALL_results 20 3280       1.06     0.89       0.61     0.42    0.10   49.27  22     14  1.05             0.60           0.19      0.36
  PLAIN_WINNERS_XN4  5  392       0.43     0.26       0.26     0.07    0.13   49.74  22     10  0.61             0.26          -0.11     -0.09
  PLAIN_WINNERS_XN4 10  392       0.68     0.51       0.41     0.22    0.04   48.98  22     14  0.92             0.53          -0.09      0.01
  PLAIN_WINNERS_XN4 20  392       1.72     1.55       1.64     1.45    0.64   54.08  22     15  2.15             1.70           1.20      1.09
           GOOD_all  5 1278       0.28     0.11       0.08    -0.11   -0.06   45.38  22     10 -0.94            -0.11          -0.12     -0.17
           GOOD_all 10 1278       0.49     0.32       0.08    -0.11   -0.14   45.62  22     10 -0.58            -0.28           0.12     -0.22
           GOOD_all 20 1278       1.30     1.13       0.58     0.39    0.09   48.75  22     12  0.75             0.42           0.36      0.26
      BAD_all_short  5  862      -0.26    -0.43      -0.07    -0.26   -0.32   49.07  22      7 -1.70            -0.26          -0.26     -0.34
      BAD_all_short 10  862      -0.30    -0.47      -0.05    -0.24   -0.31   50.12  22      5 -1.02            -0.24          -0.25     -0.35
      BAD_all_short 20  862      -0.84    -1.01      -0.71    -0.90   -0.62   45.82  22      5 -2.17            -1.04          -0.73     -1.04
   BREAKOUT_VOL_all  5  580       0.35     0.18       0.29     0.10    0.18   49.14  22      9  0.45             0.24          -0.05     -0.00
   BREAKOUT_VOL_all 10  580       0.82     0.65       0.56     0.37    0.21   50.69  22     13  1.37             0.65           0.06      0.23
   BREAKOUT_VOL_all 20  580       2.03     1.86       1.66     1.47    0.63   57.24  22     15  2.95             1.87           1.03      1.23
        BELOW50_all  5 1484       0.09    -0.08      -0.19    -0.38   -0.32   43.53  22      7 -1.47            -0.34          -0.42     -0.43
        BELOW50_all 10 1484       0.06    -0.11      -0.36    -0.55   -0.44   42.79  22      7 -1.05            -0.49          -0.61     -0.62
        BELOW50_all 20 1484       0.04    -0.13      -0.23    -0.42   -0.41   44.41  22     11 -0.31            -0.27          -0.57     -0.51
BRKDN_VOL_all_short  5  368       0.48     0.31       0.60     0.41    0.28   54.35  22     13  1.48             0.74           0.08      0.24
BRKDN_VOL_all_short 10  368       0.14    -0.03       0.56     0.37    0.20   55.71  22     15  0.97             0.67           0.08      0.18
BRKDN_VOL_all_short 20  368       0.18     0.01       0.44     0.25    0.13   52.72  22     10  0.73             0.52          -0.02     -0.01

PART 1 - FA + TA combinations on all results (E0; vsN = Nifty-hedged; net = -0.19; shorts sign-flipped):
                test  H   n  raw_gross  raw_net  vsN_gross  vsN_net  tp_net  up_pct  nq  q_pos    t_q  vsN_net_first14  vsN_net_last8  vsN_net_wo_best5  pool_TA_mean  pool_FA_mean  pool_ALL_mean  p_TA  p_FA  p_ALL  p_primary  p_holm117  p_westfall_young     dW verdict
P1_GOOD_BREAKOUT_VOL  5 286      0.672    0.502      0.590    0.400   0.411  52.098  22     12  1.266            0.442          0.336             0.199         0.122        -0.113         -0.111 0.083 0.015  0.031      0.083        1.0             0.947  0.221      NO
P1_GOOD_BREAKOUT_VOL 10 286      1.257    1.087      0.759    0.569   0.385  53.846  22     12  0.952            0.608          0.511             0.296         0.414        -0.113         -0.077 0.448 0.028  0.044      0.448        1.0             0.995  0.098      NO
P1_GOOD_BREAKOUT_VOL 20 286      2.749    2.579      1.932    1.742   0.768  59.441  22     15  3.184            1.981          1.386             1.293         1.577         0.394          0.452 0.486 0.002  0.003      0.486        1.0             0.979 -0.140      NO
     P2_GOOD_BELOW50  5 482     -0.019   -0.189     -0.318   -0.508  -0.371  41.909  22      7 -1.838           -0.484         -0.538            -0.653        -0.378        -0.113         -0.111 0.714 0.961  0.942      0.961        1.0             1.000 -0.686      NO
     P2_GOOD_BELOW50 10 482      0.012   -0.158     -0.510   -0.700  -0.535  41.701  22      7 -1.101           -0.795         -0.585            -0.884        -0.534        -0.113         -0.077 0.605 0.944  0.955      0.944        1.0             1.000 -0.889      NO
     P2_GOOD_BELOW50 20 482      0.036   -0.134     -0.540   -0.730  -0.554  41.909  22      8 -0.520           -0.797         -0.647            -0.972        -0.379         0.394          0.452 0.874 0.994  0.997      0.994        1.0             1.000 -2.411      NO
    P3_BAD_BRKDN_VOL  5 145      0.527    0.357      0.840    0.650   0.411  53.793  21     14  1.927            1.153          0.125             0.278         0.447        -0.257         -0.269 0.375 0.004  0.009      0.375        1.0             0.500  0.722      NO
    P3_BAD_BRKDN_VOL 10 145      0.192    0.022      0.721    0.531   0.291  54.483  21     14  1.729            0.877          0.172             0.065         0.462        -0.245         -0.303 0.491 0.047  0.087      0.491        1.0             0.995  0.567      NO
    P3_BAD_BRKDN_VOL 20 145      0.505    0.335      0.501    0.311   0.278  52.414  21     11  1.034            0.648         -0.041            -0.279         0.275        -0.901         -0.832 0.428 0.056  0.099      0.428        1.0             1.000 -0.589      NO

PART 1 placebo (quiet days):
                test    placebo  H     n  placebo_vsN_net  se_month  results_vsN_net  results_minus_placebo  placebo_d_vs_all_quiet_winners  se_d  results_dW
P1_GOOD_BREAKOUT_VOL    TA_only  5  2964           -0.085     0.154            0.400                  0.485                             NaN   NaN         NaN
P1_GOOD_BREAKOUT_VOL    TA_only 10  2964            0.047     0.265            0.569                  0.522                             NaN   NaN         NaN
P1_GOOD_BREAKOUT_VOL    TA_only 20  2964            0.253     0.377            1.742                  1.488                             NaN   NaN         NaN
P1_GOOD_BREAKOUT_VOL TA+last_FA  5  1269            0.055     0.203            0.400                  0.344                             NaN   NaN         NaN
P1_GOOD_BREAKOUT_VOL TA+last_FA 10  1269            0.414     0.375            0.569                  0.155                             NaN   NaN         NaN
P1_GOOD_BREAKOUT_VOL TA+last_FA 20  1269            0.865     0.595            1.742                  0.877                             NaN   NaN         NaN
     P2_GOOD_BELOW50    TA_only  5 42738           -0.019     0.062           -0.508                 -0.489                             NaN   NaN         NaN
     P2_GOOD_BELOW50    TA_only 10 42738            0.190     0.124           -0.700                 -0.891                             NaN   NaN         NaN
     P2_GOOD_BELOW50    TA_only 20 42738            0.769     0.260           -0.730                 -1.499                             NaN   NaN         NaN
     P2_GOOD_BELOW50 TA+last_FA  5 15113            0.059     0.089           -0.508                 -0.568                             NaN   NaN         NaN
     P2_GOOD_BELOW50 TA+last_FA 10 15113            0.369     0.173           -0.700                 -1.069                             NaN   NaN         NaN
     P2_GOOD_BELOW50 TA+last_FA 20 15113            1.091     0.321           -0.730                 -1.821                             NaN   NaN         NaN
    P3_BAD_BRKDN_VOL    TA_only  5  1119           -0.782     0.184            0.650                  1.431                             NaN   NaN         NaN
    P3_BAD_BRKDN_VOL    TA_only 10  1119           -0.775     0.318            0.531                  1.306                             NaN   NaN         NaN
    P3_BAD_BRKDN_VOL    TA_only 20  1119           -1.625     0.496            0.311                  1.936                             NaN   NaN         NaN
    P3_BAD_BRKDN_VOL TA+last_FA  5   344           -0.891     0.351            0.650                  1.540                             NaN   NaN         NaN
    P3_BAD_BRKDN_VOL TA+last_FA 10   344           -0.913     0.583            0.531                  1.444                             NaN   NaN         NaN
    P3_BAD_BRKDN_VOL TA+last_FA 20   344           -2.422     0.927            0.311                  2.732                             NaN   NaN         NaN

PART 2 - plain winner subsets, H5 (dW = vs all plain winners of the same quarter):
          test  H   n  raw_net  vsN_gross  vsN_net  tp_net  up_pct  nq  q_pos  vsN_net_first14  vsN_net_last8  vsN_net_wo_best5     dW  dW_first14  dW_last8  t_dW_q dW_qpos  pool_W_ELIG_mean  p_W_ELIG  p_W_ALL  p_holm117  p_westfall_young verdict
        W_GOOD  5 187    0.582      0.560    0.370   0.540  52.406  22     11            0.533          0.151             0.062  0.265       0.278     0.249   0.805   12/22             0.073     0.097    0.108        1.0             0.997      NO
         W_BAD  5  81   -0.595     -0.530   -0.720  -0.607  46.914  20      6           -0.333         -0.999            -1.230 -0.877      -0.804    -0.930  -1.182    6/20             0.073     0.989    0.987        1.0             1.000      NO
        W_Q_HI  5 103    0.592      0.746    0.556   0.421  52.427  15      9            1.527         -0.036             0.022  0.206       0.550    -0.004   0.045    8/15             0.260     0.256    0.261        1.0             1.000      NO
        W_Q_LO  5  65    0.538      0.428    0.238   0.479  56.923  15      8            0.395          0.158            -0.418 -0.039      -0.636     0.267  -0.193    7/15             0.191     0.434    0.532        1.0             1.000      NO
       W_CHEAP  5  57    0.217      0.386    0.196   0.119  49.123  21     11            0.456         -0.056            -0.613  0.051       0.130    -0.026  -0.224   10/21             0.063     0.414    0.460        1.0             1.000      NO
         W_EXP  5 134    0.221      0.298    0.108   0.205  47.761  22     13            0.600         -0.245            -0.318  0.095       0.301    -0.053  -0.391   11/22             0.063     0.390    0.378        1.0             1.000      NO
       W_UP200  5 262    0.374      0.438    0.248   0.291  49.618  22     12            0.416          0.039             0.025  0.114      -0.009     0.265  -0.720   12/22             0.071     0.179    0.176        1.0             1.000      NO
       W_DN200  5 130    0.045     -0.096   -0.286  -0.181  50.000  19      8           -0.234         -0.316            -0.694 -0.229       0.027    -0.374  -1.461    7/19             0.071     0.818    0.816        1.0             1.000      NO
      W_RSI_HI  5 232    0.679      0.637    0.447   0.478  52.155  22     11            0.344          0.562             0.208  0.219      -0.051     0.518   1.340   16/22             0.071     0.088    0.089        1.0             0.991      NO
      W_RSI_LO  5 160   -0.337     -0.285   -0.475  -0.364  46.250  22      6            0.105         -0.927            -0.861 -0.317       0.089    -0.633  -0.691    6/22             0.071     0.912    0.915        1.0             1.000      NO
  W_GOOD&UP200  5 140    0.739      0.829    0.639   0.696  52.857  22     12            0.692          0.547             0.233  0.428       0.269     0.705   0.373   14/22             0.073     0.057    0.057        1.0             0.962      NO
  W_GOOD&DN200  5  47    0.113     -0.241   -0.431   0.077  51.064  13      6           -0.251         -0.543            -1.072 -0.218       0.322    -0.552  -0.887    7/13             0.073     0.605    0.670        1.0             1.000      NO
 W_GOOD&RSI_HI  5 121    1.188      1.131    0.941   0.904  57.025  21     14            0.889          1.025             0.495  0.667       0.472     0.984   1.932   15/21             0.073     0.018    0.014        1.0             0.604      NO
 W_GOOD&RSI_LO  5  66   -0.529     -0.486   -0.676  -0.126  43.939  21      8           -0.300         -1.031            -1.392 -0.470      -0.179    -0.745   0.157    7/21             0.073     0.813    0.846        1.0             1.000      NO
   W_BAD&UP200  5  43   -0.751     -0.495   -0.685  -0.507  44.186  18      6           -0.350         -0.977            -1.687 -0.926      -0.999    -0.862  -0.575    6/18             0.073     0.943    0.938        1.0             1.000      NO
   W_BAD&DN200  5  38   -0.419     -0.569   -0.759  -0.721  50.000  14      4           -0.309         -1.021            -1.503 -0.822      -0.525    -0.995  -1.812    3/14             0.073     0.932    0.920        1.0             1.000      NO
  W_BAD&RSI_HI  5  39   -0.423     -0.238   -0.428  -0.146  46.154  15      7           -0.650         -0.273            -1.314 -0.903      -1.557    -0.448  -0.415    4/15             0.073     0.941    0.932        1.0             1.000      NO
  W_BAD&RSI_LO  5  42   -0.756     -0.801   -0.991  -1.036  47.619  16      6           -0.051         -1.695            -1.882 -0.853      -0.135    -1.392  -0.173    5/16             0.073     0.938    0.926        1.0             1.000      NO
  W_Q_HI&UP200  5  71    0.909      1.143    0.953   0.738  54.930  14      9            1.463          0.429             0.191  0.591       0.594     0.587   0.933    9/14             0.260     0.060    0.072        1.0             0.980      NO
  W_Q_HI&DN200  5  32   -0.111     -0.137   -0.327  -0.283  46.875   9      4            2.293         -0.598            -1.325 -0.647       0.018    -0.716  -0.597     4/9             0.260     0.852    0.835        1.0             1.000      NO
 W_Q_HI&RSI_HI  5  68    1.017      1.124    0.934   0.760  58.824  14     11            0.911          0.954             0.219  0.443      -0.027     0.861   1.185    9/14             0.260     0.156    0.144        1.0             1.000      NO
 W_Q_HI&RSI_LO  5  35   -0.233      0.011   -0.179  -0.237  40.000  13      5            4.344         -1.310            -1.536 -0.255       3.186    -1.115   0.110    5/13             0.260     0.633    0.647        1.0             1.000      NO
  W_Q_LO&UP200  5  41    0.594      0.565    0.375   0.661  56.098  15      8            0.808          0.036            -0.542  0.053      -0.301     0.329  -0.425    7/15             0.191     0.338    0.456        1.0             1.000      NO
  W_Q_LO&DN200  5  24    0.443      0.195    0.005   0.169  58.333   9      4           -1.463          0.299            -1.343 -0.195      -2.144     0.195  -1.050     4/9             0.191     0.606    0.596        1.0             1.000      NO
 W_Q_LO&RSI_HI  5  41    0.823      0.699    0.509   0.765  56.098  13      8            1.199          0.189            -0.389  0.111      -0.015     0.170   0.330    6/13             0.191     0.391    0.423        1.0             1.000      NO
 W_Q_LO&RSI_LO  5  24    0.051     -0.035   -0.225  -0.010  58.333  11      4           -0.767          0.100            -1.511 -0.296      -1.534     0.447  -0.941    3/11             0.191     0.553    0.649        1.0             1.000      NO
 W_CHEAP&UP200  5  33    0.620      1.031    0.841   0.671  45.455  16      9            1.097          0.600            -0.525  0.392       0.086     0.679  -0.150    9/16             0.063     0.293    0.285        1.0             1.000      NO
 W_CHEAP&DN200  5  24   -0.338     -0.501   -0.691  -0.640  54.167  12      5           -0.398         -0.984            -2.007 -0.418       0.188    -1.024  -0.340    5/12             0.063     0.646    0.713        1.0             1.000      NO
W_CHEAP&RSI_HI  5  34    0.917      1.141    0.951   0.693  50.000  16      9            0.771          1.178            -0.349  0.566       0.183     1.051   0.068   10/16             0.063     0.183    0.196        1.0             1.000      NO
W_CHEAP&RSI_LO  5  23   -0.818     -0.730   -0.920  -0.730  47.826  13      4           -0.209         -1.378            -2.218 -0.711       0.018    -1.180  -0.434    5/13             0.063     0.775    0.811        1.0             1.000      NO
   W_EXP&UP200  5 108    0.257      0.360    0.170   0.193  49.074  21     11            0.718         -0.302            -0.336  0.145       0.375    -0.053  -0.556   10/21             0.063     0.332    0.331        1.0             1.000      NO
   W_EXP&DN200  5  26    0.074      0.039   -0.151   0.253  42.308  12      5           -0.384         -0.081            -1.701 -0.114      -0.318    -0.053  -0.386    4/12             0.063     0.584    0.560        1.0             1.000      NO
  W_EXP&RSI_HI  5  88    0.195      0.144   -0.046   0.139  48.864  21     11           -0.371          0.190            -0.589 -0.183      -0.786     0.254  -1.116   11/21             0.063     0.680    0.679        1.0             1.000      NO
  W_EXP&RSI_LO  5  46    0.271      0.592    0.402   0.331  45.652  16      8            2.491         -1.068            -0.824  0.627       2.417    -0.631   1.138    8/16             0.063     0.161    0.146        1.0             1.000      NO
    W_ALL_BULL  5 105    1.266      1.216    1.026   0.997  57.143  20     12            0.917          1.216             0.512  0.690       0.374     1.246   1.173   13/20             0.073     0.029    0.021        1.0             0.717      NO
    W_ALL_BEAR  5  27   -0.944     -1.103   -1.293  -1.244  44.444  11      3           -0.599         -1.769            -2.237 -1.179      -0.632    -1.555  -1.739    2/11             0.073     0.954    0.954        1.0             1.000      NO

PART 2 - plain winner subsets, H10 (dW = vs all plain winners of the same quarter):
          test  H   n  raw_net  vsN_gross  vsN_net  tp_net  up_pct  nq  q_pos  vsN_net_first14  vsN_net_last8  vsN_net_wo_best5     dW  dW_first14  dW_last8  t_dW_q dW_qpos  pool_W_ELIG_mean  p_W_ELIG  p_W_ALL  p_holm117  p_westfall_young verdict
        W_GOOD 10 187    1.035      0.718    0.528   0.397  51.337  22     11            0.580          0.458             0.105  0.269       0.078     0.524   0.386   13/22             0.187     0.153    0.168        1.0             1.000      NO
         W_BAD 10  81   -0.395     -0.252   -0.442  -0.646  45.679  20      7           -0.338         -0.518            -1.177 -0.718      -0.967    -0.538  -0.806    8/20             0.187     0.917    0.907        1.0             1.000      NO
        W_Q_HI 10 103    0.911      1.046    0.856   0.359  53.398  15     11            1.700          0.342             0.206  0.169       0.001     0.272  -0.210    9/15             0.424     0.324    0.351        1.0             1.000      NO
        W_Q_LO 10  65    0.795      0.653    0.463   0.372  55.385  15      8            1.700         -0.171            -0.277  0.062       0.257    -0.038   0.589    6/15             0.414     0.391    0.453        1.0             1.000      NO
       W_CHEAP 10  57    0.810      0.947    0.757   0.246  49.123  21     10            0.549          0.959            -0.311  0.427      -0.226     1.057  -0.077   11/21             0.182     0.222    0.256        1.0             1.000      NO
         W_EXP 10 134    0.306      0.308    0.118  -0.168  48.507  22     12            1.074         -0.568            -0.427 -0.025       0.489    -0.395  -0.237   11/22             0.182     0.519    0.528        1.0             1.000      NO
       W_UP200 10 262    0.650      0.505    0.315   0.071  48.092  22     13            0.702         -0.165             0.008 -0.011      -0.037     0.021  -1.289    9/22             0.216     0.522    0.524        1.0             1.000      NO
       W_DN200 10 130    0.235      0.208    0.018  -0.029  50.769  19      9            0.006          0.024            -0.424  0.023       0.115    -0.030  -1.520   10/19             0.216     0.469    0.477        1.0             1.000      NO
      W_RSI_HI 10 232    1.143      0.878    0.688   0.388  51.293  22     13            0.989          0.354             0.359  0.197       0.200     0.195   1.760   14/22             0.216     0.180    0.178        1.0             1.000      NO
      W_RSI_LO 10 160   -0.403     -0.278   -0.468  -0.470  45.625  22      9           -0.267         -0.625            -0.912 -0.286      -0.348    -0.238  -0.558    8/22             0.216     0.822    0.825        1.0             1.000      NO
  W_GOOD&UP200 10 140    1.099      0.798    0.608   0.485  50.714  22     12            0.693          0.459             0.050  0.185      -0.005     0.516  -0.393   12/22             0.187     0.325    0.301        1.0             1.000      NO
  W_GOOD&DN200 10  47    0.845      0.481    0.291   0.136  53.191  13      9            0.026          0.455            -0.899  0.519       0.487     0.539   0.007   10/13             0.187     0.148    0.221        1.0             1.000      NO
 W_GOOD&RSI_HI 10 121    1.785      1.303    1.113   0.848  54.545  21     14            1.145          1.060             0.519  0.599       0.417     0.895   0.856   12/21             0.187     0.079    0.072        1.0             0.978      NO
 W_GOOD&RSI_LO 10  66   -0.339     -0.354   -0.544  -0.430  45.455  21     12           -0.744         -0.357            -1.613 -0.336      -0.717     0.023   0.379   10/21             0.187     0.649    0.712        1.0             1.000      NO
   W_BAD&UP200 10  43   -0.672     -0.283   -0.473  -0.806  44.186  18      7            0.174         -1.036            -1.879 -0.849      -0.676    -0.998  -0.311    7/18             0.187     0.861    0.845        1.0             1.000      NO
   W_BAD&DN200 10  38   -0.083     -0.218   -0.408  -0.466  47.368  14      6           -1.069         -0.022            -1.468 -0.570      -1.381    -0.096  -1.626    5/14             0.187     0.769    0.770        1.0             1.000      NO
  W_BAD&RSI_HI 10  39   -0.696     -0.137   -0.327  -0.575  46.154  15      8           -0.134         -0.462            -1.583 -1.022      -1.445    -0.728  -0.369    6/15             0.187     0.900    0.889        1.0             1.000      NO
  W_BAD&RSI_LO 10  42   -0.117     -0.359   -0.549  -0.713  45.238  16      7           -0.519         -0.572            -1.809 -0.435      -0.541    -0.355   0.054    7/16             0.187     0.715    0.708        1.0             1.000      NO
  W_Q_HI&UP200 10  71    1.058      1.213    1.023   0.660  52.113  14     11            1.633          0.395             0.198  0.278       0.083     0.478   0.250    9/14             0.424     0.309    0.302        1.0             1.000      NO
  W_Q_HI&DN200 10  32    0.583      0.676    0.486  -0.309  56.250   9      7            2.505          0.277            -1.200 -0.072      -0.985     0.022   0.138     4/9             0.424     0.493    0.532        1.0             1.000      NO
 W_Q_HI&RSI_HI 10  68    1.262      1.304    1.114   0.810  57.353  14     10            1.003          1.212             0.443  0.249      -0.623     1.025   0.870    7/14             0.424     0.337    0.322        1.0             1.000      NO
 W_Q_HI&RSI_LO 10  35    0.229      0.546    0.356  -0.518  45.714  13      7            4.887         -0.777            -1.691  0.014       2.855    -0.696   0.198    6/13             0.424     0.470    0.491        1.0             1.000      NO
  W_Q_LO&UP200 10  41    1.165      0.682    0.492   0.297  53.659  15      8            2.126         -0.786            -0.736 -0.101       0.524    -0.590  -0.484    7/15             0.414     0.412    0.550        1.0             1.000      NO
  W_Q_LO&DN200 10  24    0.164      0.602    0.412   0.501  58.333   9      4           -0.216          0.537            -1.029  0.340      -0.947     0.598  -0.892     5/9             0.414     0.441    0.365        1.0             1.000      NO
 W_Q_LO&RSI_HI 10  41    1.231      0.867    0.677   0.526  56.098  13      8            2.333         -0.092            -0.518  0.075       0.639    -0.187   0.552    5/13             0.414     0.381    0.464        1.0             1.000      NO
 W_Q_LO&RSI_LO 10  24    0.052      0.286    0.096   0.109  54.167  11      5            0.785         -0.318            -1.553  0.040      -0.295     0.241  -0.548    4/11             0.414     0.492    0.484        1.0             1.000      NO
 W_CHEAP&UP200 10  33    1.556      1.552    1.362   0.766  51.515  16     10            1.405          1.321            -0.406  0.627      -0.142     1.351  -0.060   11/16             0.182     0.241    0.257        1.0             1.000      NO
 W_CHEAP&DN200 10  24   -0.214      0.116   -0.074  -0.469  45.833  12      6           -0.593          0.446            -2.139  0.151      -0.338     0.640   0.428    5/12             0.182     0.387    0.435        1.0             1.000      NO
W_CHEAP&RSI_HI 10  34    1.740      1.561    1.371   0.658  47.059  16      9            1.159          1.641            -0.334  0.518      -0.091     1.291  -0.286    9/16             0.182     0.251    0.282        1.0             1.000      NO
W_CHEAP&RSI_LO 10  23   -0.563      0.040   -0.150  -0.363  52.174  13      6           -0.738          0.228            -2.259  0.291      -0.510     0.807   0.302    7/13             0.182     0.370    0.388        1.0             1.000      NO
   W_EXP&UP200 10 108    0.377      0.260    0.070  -0.315  48.148  21      8            1.063         -0.786            -0.616 -0.111       0.408    -0.559  -0.972    9/21             0.182     0.571    0.593        1.0             1.000      NO
   W_EXP&DN200 10  26    0.013      0.509    0.319   0.447  50.000  12      6            1.169          0.064            -1.312  0.331       1.166     0.081   0.257    5/12             0.182     0.385    0.358        1.0             1.000      NO
  W_EXP&RSI_HI 10  88    0.343      0.159   -0.031  -0.342  50.000  21     11            0.228         -0.219            -0.760 -0.349      -0.469    -0.263  -0.628   11/21             0.182     0.736    0.751        1.0             1.000      NO
  W_EXP&RSI_LO 10  46    0.236      0.594    0.404   0.166  45.652  16      8            2.723         -1.228            -0.886  0.595       2.356    -0.645   0.819    8/16             0.182     0.225    0.222        1.0             1.000      NO
    W_ALL_BULL 10 105    1.705      1.189    0.999   0.816  53.333  20     12            1.158          0.720             0.304  0.423       0.314     0.615  -0.154   11/20             0.187     0.210    0.174        1.0             1.000      NO
    W_ALL_BEAR 10  27   -0.325     -0.573   -0.763  -0.673  44.444  11      5           -1.201         -0.463            -2.229 -0.625      -1.024    -0.350  -1.106    4/11             0.187     0.726    0.747        1.0             1.000      NO

PART 2 - plain winner subsets, H20 (dW = vs all plain winners of the same quarter):
          test  H   n  raw_net  vsN_gross  vsN_net  tp_net  up_pct  nq  q_pos  vsN_net_first14  vsN_net_last8  vsN_net_wo_best5     dW  dW_first14  dW_last8  t_dW_q dW_qpos  pool_W_ELIG_mean  p_W_ELIG  p_W_ALL  p_holm117  p_westfall_young verdict
        W_GOOD 20 187    2.407      2.075    1.885   0.849  56.150  22     12            2.015          1.710             1.195  0.282       0.236     0.343   0.778   10/22             1.597     0.408    0.221        1.0             1.000      NO
         W_BAD 20  81    0.378      1.100    0.910   0.377  54.321  20     10            0.440          1.250             0.089 -0.510      -1.440     0.163  -0.485   10/20             1.597     0.835    0.765        1.0             1.000      NO
        W_Q_HI 20 103    2.669      2.821    2.631   0.861  60.194  15     13            4.044          1.770             1.740  0.159      -0.156     0.350  -0.056    8/15             2.118     0.368    0.397        1.0             1.000      NO
        W_Q_LO 20  65    2.309      2.579    2.389   1.359  58.462  15     12            5.505          0.794             0.924  0.317       1.451    -0.263   1.043    8/15             1.876     0.189    0.343        1.0             1.000      NO
       W_CHEAP 20  57    2.679      2.756    2.566   0.588  57.895  21     14            2.197          2.922             0.446  0.939       0.010     1.837   0.026   10/21             1.454     0.141    0.145        1.0             1.000      NO
         W_EXP 20 134    1.381      1.616    1.426   0.512  50.746  22     15            2.283          0.811             0.746  0.205       0.766    -0.198   0.209   11/22             1.454     0.409    0.351        1.0             1.000      NO
       W_UP200 20 262    2.017      1.883    1.693   0.718  56.107  22     15            1.947          1.378             1.171  0.072      -0.066     0.242  -0.901   12/22             1.447     0.370    0.371        1.0             1.000      NO
       W_DN200 20 130    0.611      1.140    0.950   0.492  50.000  19     10            0.932          0.959             0.173 -0.144       0.203    -0.341  -0.795    7/19             1.447     0.623    0.630        1.0             1.000      NO
      W_RSI_HI 20 232    2.821      2.608    2.418   1.077  61.638  22     17            2.653          2.158             1.834  0.634       0.452     0.835   2.789   15/22             1.447     0.010    0.010        1.0             0.538   WATCH
      W_RSI_LO 20 160   -0.290      0.228    0.038   0.014  43.125  22     10            0.036          0.039            -0.537 -0.919      -0.789    -1.020  -1.300    7/22             1.447     0.990    0.990        1.0             1.000      NO
  W_GOOD&UP200 20 140    2.905      2.358    2.168   1.061  57.857  22     14            2.186          2.136             1.249  0.306       0.032     0.783  -0.121   12/22             1.597     0.405    0.252        1.0             1.000      NO
  W_GOOD&DN200 20  47    0.925      1.231    1.041   0.218  51.064  13      8            1.171          0.960            -0.592  0.210       1.242    -0.431  -0.293    6/13             1.597     0.484    0.402        1.0             1.000      NO
 W_GOOD&RSI_HI 20 121    3.709      3.114    2.924   1.224  62.810  21     15            2.916          2.939             1.887  0.986       0.665     1.511   1.853   15/21             1.597     0.079    0.032        1.0             0.862      NO
 W_GOOD&RSI_LO 20  66    0.020      0.169   -0.021   0.161  43.939  21     10           -0.094          0.047            -1.288 -1.010      -0.770    -1.237  -0.351    7/21             1.597     0.936    0.906        1.0             1.000      NO
   W_BAD&UP200 20  43   -0.116      0.805    0.615   0.253  53.488  18     10            0.358          0.839            -0.996 -0.762      -1.274    -0.316  -0.284    8/18             1.597     0.824    0.761        1.0             1.000      NO
   W_BAD&DN200 20  38    0.938      1.433    1.243   0.518  55.263  14      8            0.557          1.644            -0.169 -0.224      -1.677     0.623  -0.977    7/14             1.597     0.633    0.589        1.0             1.000      NO
  W_BAD&RSI_HI 20  39    0.537      1.910    1.720   1.257  64.103  15     11            0.937          2.264             0.295  0.110      -1.160     0.994   1.146   10/15             1.597     0.556    0.459        1.0             1.000      NO
  W_BAD&RSI_LO 20  42    0.231      0.348    0.158  -0.440  45.238  16      8           -0.002          0.278            -1.446 -1.085      -1.689    -0.632  -0.640    5/16             1.597     0.881    0.855        1.0             1.000      NO
  W_Q_HI&UP200 20  71    3.412      3.426    3.236   1.125  60.563  14     12            3.819          2.636             1.969  0.510      -0.130     1.168   0.645    8/14             2.118     0.282    0.257        1.0             1.000      NO
  W_Q_HI&DN200 20  32    1.021      1.480    1.290   0.276  59.375   9      7            6.744          0.725            -0.820 -0.621      -0.463    -0.637  -0.523     3/9             2.118     0.621    0.698        1.0             1.000      NO
 W_Q_HI&RSI_HI 20  68    4.410      4.179    3.989   1.632  70.588  14     12            3.720          4.228             2.711  1.210      -0.364     2.610   1.466    9/14             2.118     0.061    0.065        1.0             0.969      NO
 W_Q_HI&RSI_LO 20  35   -0.713      0.184   -0.006  -0.637  40.000  13      8            5.527         -1.390            -2.322 -1.885       0.797    -2.555  -0.990    4/13             2.118     0.935    0.948        1.0             1.000      NO
  W_Q_LO&UP200 20  41    4.355      3.793    3.603   1.431  60.976  15     10            6.942          0.989             1.331  1.100       2.559    -0.041   1.036    8/15             1.876     0.063    0.155        1.0             1.000      NO
  W_Q_LO&DN200 20  24   -1.188      0.505    0.315   1.236  54.167   9      5           -0.959          0.569            -1.146 -1.021      -3.536    -0.518  -1.207     4/9             1.876     0.757    0.781        1.0             1.000      NO
 W_Q_LO&RSI_HI 20  41    3.210      3.293    3.103   1.485  63.415  13      9            7.018          1.286             0.776  0.757       2.335     0.024   0.928    7/13             1.876     0.114    0.239        1.0             1.000      NO
 W_Q_LO&RSI_LO 20  24    0.768      1.358    1.168   1.144  50.000  11      6            3.320         -0.124            -1.066 -0.434       0.173    -0.799  -0.943    3/11             1.876     0.597    0.623        1.0             1.000      NO
 W_CHEAP&UP200 20  33    3.799      3.714    3.524   0.922  66.667  16     11            4.500          2.605             0.061  1.066       0.770     1.345  -0.085    8/16             1.454     0.221    0.204        1.0             1.000      NO
 W_CHEAP&DN200 20  24    1.138      1.439    1.249   0.128  45.833  12      8           -0.874          3.371            -1.620  0.765      -1.003     2.533   0.824    7/12             1.454     0.244    0.271        1.0             1.000      NO
W_CHEAP&RSI_HI 20  34    4.920      4.218    4.028   1.217  64.706  16      9            5.048          2.735             0.770  1.602       1.591     1.615   0.099    8/16             1.454     0.089    0.094        1.0             0.992      NO
W_CHEAP&RSI_LO 20  23   -0.634      0.595    0.405  -0.342  47.826  13      8           -3.823          3.123            -2.403 -0.040      -3.327     2.074  -0.086    6/13             1.454     0.522    0.508        1.0             1.000      NO
   W_EXP&UP200 20 108    1.674      1.646    1.456   0.306  49.074  21     13            2.137          0.869             0.606  0.171       0.535    -0.142  -0.493   10/21             1.454     0.429    0.382        1.0             1.000      NO
   W_EXP&DN200 20  26    0.164      1.492    1.302   1.365  57.692  12      8            3.492          0.645            -0.516  0.345       2.692    -0.359   0.473    6/12             1.454     0.423    0.386        1.0             1.000      NO
  W_EXP&RSI_HI 20  88    1.746      1.770    1.580   0.335  52.273  21     15            1.436          1.685             0.548  0.013      -0.621     0.474  -0.224   10/21             1.454     0.522    0.498        1.0             1.000      NO
  W_EXP&RSI_LO 20  46    0.682      1.322    1.132   0.850  47.826  16     11            3.930         -0.838            -0.398  0.572       3.467    -1.466   0.912   11/16             1.454     0.330    0.281        1.0             1.000      NO
    W_ALL_BULL 20 105    3.944      3.241    3.051   1.393  63.810  20     13            2.980          3.176             1.853  0.963       0.455     1.859   0.819   14/20             1.597     0.100    0.056        1.0             0.951      NO
    W_ALL_BEAR 20  27    0.280      0.707    0.517   0.170  48.148  11      6           -0.320          1.093            -1.396 -0.583      -2.018     0.404  -1.103    4/11             1.597     0.687    0.685        1.0             1.000      NO

PART 2 placebo (quiet-day winners; d = vs all quiet-day winners of the same month):
                 test           placebo  H    n  placebo_vsN_net  se_month  results_vsN_net  results_minus_placebo  placebo_d_vs_all_quiet_winners  se_d  results_dW
               W_GOOD quiet-day winners  5  707            0.433     0.306            0.370                 -0.063                           0.365 0.149       0.265
               W_GOOD quiet-day winners 10  707            0.737     0.525            0.528                 -0.209                           0.404 0.194       0.269
               W_GOOD quiet-day winners 20  707            1.634     0.750            1.885                  0.251                           0.778 0.302       0.282
                W_BAD quiet-day winners  5  457           -0.059     0.293           -0.720                 -0.660                          -0.137 0.211      -0.877
                W_BAD quiet-day winners 10  457           -0.150     0.361           -0.442                 -0.292                          -0.232 0.262      -0.718
                W_BAD quiet-day winners 20  457            0.129     0.454            0.910                  0.780                          -0.163 0.429      -0.510
              W_UP200 quiet-day winners  5  948            0.220     0.247            0.248                  0.028                           0.163 0.091       0.114
              W_UP200 quiet-day winners 10  948            0.629     0.441            0.315                 -0.314                           0.317 0.126      -0.011
              W_UP200 quiet-day winners 20  948            1.108     0.695            1.693                  0.585                           0.331 0.164       0.072
              W_DN200 quiet-day winners  5  640           -0.071     0.321           -0.286                 -0.215                          -0.242 0.136      -0.229
              W_DN200 quiet-day winners 10  640           -0.280     0.422            0.018                  0.297                          -0.470 0.186       0.023
              W_DN200 quiet-day winners 20  640           -0.080     0.514            0.950                  1.030                          -0.490 0.225      -0.144
             W_RSI_HI quiet-day winners  5  849           -0.101     0.274            0.447                  0.548                          -0.128 0.125       0.219
             W_RSI_HI quiet-day winners 10  849            0.103     0.443            0.688                  0.585                          -0.165 0.138       0.197
             W_RSI_HI quiet-day winners 20  849            0.358     0.677            2.418                  2.060                          -0.288 0.222       0.634
             W_RSI_LO quiet-day winners  5  739            0.336     0.261           -0.475                 -0.811                           0.147 0.142      -0.317
             W_RSI_LO quiet-day winners 10  739            0.446     0.388           -0.468                 -0.914                           0.189 0.155      -0.286
             W_RSI_LO quiet-day winners 20  739            0.940     0.553            0.038                 -0.903                           0.331 0.249      -0.919
         W_GOOD&UP200 quiet-day winners  5  489            0.368     0.366            0.639                  0.271                           0.357 0.195       0.428
         W_GOOD&UP200 quiet-day winners 10  489            1.005     0.622            0.608                 -0.398                           0.608 0.247       0.185
         W_GOOD&UP200 quiet-day winners 20  489            1.927     0.922            2.168                  0.241                           0.922 0.364       0.306
         W_GOOD&DN200 quiet-day winners  5  218            0.580     0.409           -0.431                 -1.011                           0.383 0.320      -0.218
         W_GOOD&DN200 quiet-day winners 10  218            0.137     0.604            0.291                  0.154                          -0.054 0.421       0.519
         W_GOOD&DN200 quiet-day winners 20  218            0.976     0.687            1.041                  0.065                           0.455 0.516       0.210
        W_GOOD&RSI_HI quiet-day winners  5  419            0.138     0.385            0.941                  0.803                           0.106 0.234       0.667
        W_GOOD&RSI_HI quiet-day winners 10  419            0.472     0.633            1.113                  0.641                           0.075 0.292       0.599
        W_GOOD&RSI_HI quiet-day winners 20  419            1.127     0.950            2.924                  1.797                           0.182 0.458       0.986
        W_GOOD&RSI_LO quiet-day winners  5  288            0.863     0.384           -0.676                 -1.539                           0.742 0.299      -0.470
        W_GOOD&RSI_LO quiet-day winners 10  288            1.123     0.615           -0.544                 -1.668                           0.883 0.377      -0.336
        W_GOOD&RSI_LO quiet-day winners 20  288            2.371     0.932           -0.021                 -2.392                           1.644 0.655      -1.010
          W_BAD&UP200 quiet-day winners  5  217            0.211     0.296           -0.685                 -0.896                           0.154 0.231      -0.926
          W_BAD&UP200 quiet-day winners 10  217            0.162     0.392           -0.473                 -0.635                           0.097 0.301      -0.849
          W_BAD&UP200 quiet-day winners 20  217            0.890     0.659            0.615                 -0.275                           0.551 0.481      -0.762
          W_BAD&DN200 quiet-day winners  5  240           -0.304     0.430           -0.759                 -0.455                          -0.399 0.347      -0.822
          W_BAD&DN200 quiet-day winners 10  240           -0.432     0.490           -0.408                  0.024                          -0.528 0.428      -0.570
          W_BAD&DN200 quiet-day winners 20  240           -0.558     0.526            1.243                  1.802                          -0.809 0.626      -0.224
         W_BAD&RSI_HI quiet-day winners  5  210           -0.231     0.301           -0.428                 -0.196                          -0.136 0.227      -0.903
         W_BAD&RSI_HI quiet-day winners 10  210           -0.188     0.454           -0.327                 -0.139                          -0.107 0.317      -1.022
         W_BAD&RSI_HI quiet-day winners 20  210            0.449     0.722            1.720                  1.271                           0.313 0.404       0.110
         W_BAD&RSI_LO quiet-day winners  5  247            0.087     0.434           -0.991                 -1.078                          -0.137 0.343      -0.853
         W_BAD&RSI_LO quiet-day winners 10  247           -0.117     0.482           -0.549                 -0.432                          -0.338 0.413      -0.435
         W_BAD&RSI_LO quiet-day winners 20  247           -0.142     0.502            0.158                  0.300                          -0.568 0.656      -1.085
           W_ALL_BULL quiet-day winners  5  363            0.172     0.422            1.026                  0.854                           0.196 0.262       0.690
           W_ALL_BULL quiet-day winners 10  363            0.713     0.664            0.999                  0.286                           0.348 0.304       0.423
           W_ALL_BULL quiet-day winners 20  363            1.441     0.987            3.051                  1.610                           0.506 0.468       0.963
           W_ALL_BEAR quiet-day winners  5  181           -0.093     0.509           -1.293                 -1.199                          -0.260 0.428      -1.179
           W_ALL_BEAR quiet-day winners 10  181           -0.219     0.533           -0.763                 -0.544                          -0.453 0.488      -0.625
           W_ALL_BEAR quiet-day winners 20  181           -0.228     0.526            0.517                  0.746                          -0.662 0.681      -0.583
REF_all_quiet_winners quiet-day winners  5 1588            0.103     0.218              NaN                    NaN                             NaN   NaN         NaN
REF_all_quiet_winners quiet-day winners 10 1588            0.263     0.359              NaN                    NaN                             NaN   NaN         NaN
REF_all_quiet_winners quiet-day winners 20 1588            0.629     0.516              NaN                    NaN                             NaN   NaN         NaN

Verdicts: {'NO': 116, 'WATCH': 1}
Nominal primary p < 0.05: 3 of 117 (expected by chance ~5.9); min Holm 1.000; min Westfall-Young 0.500
Smallest 12 primary p:
                test  H   n  vsN_net     dW    t_q  t_dW_q  p_primary  p_holm117  p_westfall_young verdict
            W_RSI_HI 20 232   2.4182 0.6338 3.0917  2.7892     0.0105        1.0            0.5383   WATCH
       W_GOOD&RSI_HI  5 121   0.9407 0.6668 1.7515  1.9321     0.0176        1.0            0.6043      NO
          W_ALL_BULL  5 105   1.0255 0.6896 1.3308  1.1730     0.0293        1.0            0.7167      NO
        W_GOOD&UP200  5 140   0.6390 0.4276 0.6182  0.3734     0.0573        1.0            0.9618      NO
        W_Q_HI&UP200  5  71   0.9533 0.5907 1.8180  0.9328     0.0596        1.0            0.9804      NO
       W_Q_HI&RSI_HI 20  68   3.9890 1.2105 5.0587  1.4658     0.0607        1.0            0.9693      NO
        W_Q_LO&UP200 20  41   3.6027 1.1002 2.4830  1.0360     0.0627        1.0            0.9998      NO
       W_GOOD&RSI_HI 10 121   1.1128 0.5986 1.4433  0.8557     0.0785        1.0            0.9778      NO
       W_GOOD&RSI_HI 20 121   2.9244 0.9863 2.9543  1.8532     0.0786        1.0            0.8621      NO
P1_GOOD_BREAKOUT_VOL  5 286   0.3995 0.2214 1.2662  0.8792     0.0826        1.0            0.9470      NO
            W_RSI_HI  5 232   0.4473 0.2186 1.1774  1.3397     0.0876        1.0            0.9911      NO
      W_CHEAP&RSI_HI 20  34   4.0275 1.6018 0.9736  0.0989     0.0890        1.0            0.9922      NO
