                test  H   n  vsN_net  q_pos  nq      dW  n_main  vsN_net_main  q_pos_main  dW_main
       PLAIN_WINNERS  5 392   0.0706     10  22 -0.0000     NaN           NaN         NaN      NaN
       PLAIN_WINNERS 10 392   0.2163     14  22  0.0000     NaN           NaN         NaN      NaN
       PLAIN_WINNERS 20 392   1.4466     15  22 -0.0000     NaN           NaN         NaN      NaN
P1_GOOD_BREAKOUT_VOL  5 286   0.3995     12  22  0.2214   286.0        0.3995        12.0   0.2214
     P2_GOOD_BELOW50  5 482  -0.5081      7  22 -0.6863   482.0       -0.5081         7.0  -0.6863
    P3_BAD_BRKDN_VOL  5 145   0.6497     14  21  0.7217   145.0        0.6497        14.0   0.7217
            W_RSI_HI  5 232   0.4473     11  22  0.2186   232.0        0.4473        11.0   0.2186
            W_RSI_LO  5 160  -0.4755      6  22 -0.3170   160.0       -0.4755         6.0  -0.3170
       W_GOOD&RSI_HI  5 121   0.9407     14  21  0.6668   121.0        0.9407        14.0   0.6668
          W_ALL_BULL  5 105   1.0255     12  20  0.6896   105.0        1.0255        12.0   0.6896
P1_GOOD_BREAKOUT_VOL 10 286   0.5688     12  22  0.0977   286.0        0.5688        12.0   0.0977
     P2_GOOD_BELOW50 10 482  -0.7005      7  22 -0.8895   482.0       -0.7005         7.0  -0.8895
    P3_BAD_BRKDN_VOL 10 145   0.5314     14  21  0.5671   145.0        0.5314        14.0   0.5671
            W_RSI_HI 10 232   0.6881     13  22  0.1974   232.0        0.6881        13.0   0.1974
            W_RSI_LO 10 160  -0.4679      9  22 -0.2862   160.0       -0.4679         9.0  -0.2862
       W_GOOD&RSI_HI 10 121   1.1128     14  21  0.5986   121.0        1.1128        14.0   0.5986
          W_ALL_BULL 10 105   0.9994     12  20  0.4231   105.0        0.9994        12.0   0.4231
P1_GOOD_BREAKOUT_VOL 20 286   1.7419     15  22 -0.1399   286.0        1.7419        15.0  -0.1399
     P2_GOOD_BELOW50 20 482  -0.7299      8  22 -2.4109   482.0       -0.7299         8.0  -2.4109
    P3_BAD_BRKDN_VOL 20 145   0.3108     11  21 -0.5888   145.0        0.3108        11.0  -0.5888
            W_RSI_HI 20 232   2.4182     17  22  0.6338   232.0        2.4182        17.0   0.6338
            W_RSI_LO 20 160   0.0377     10  22 -0.9190   160.0        0.0377        10.0  -0.9190
       W_GOOD&RSI_HI 20 121   2.9244     15  21  0.9863   121.0        2.9244        15.0   0.9863
          W_ALL_BULL 20 105   3.0507     13  20  0.9630   105.0        3.0507        13.0   0.9630
max abs diff vsN_net 4.448132562417939e-05 dW 4.756831888164115e-05

OK: independent recomputation matches results_tests.csv (n, vsN_net, dW) for 21 rows
W_RSI_HI H20 independent luck p = 0.0102 (main: 0.0105)
