X1 note: there are 6 short-type signals (S1-S4, I2, I5) -> 36 flipped tests (the text said 42; 36 is the count).
Holm over 120 luck p: min adjusted (main) 1.000, min adjusted (flipped) 0.156

X1 FLIPPED SHORT SIGNALS AS LONGS (post hoc):
                         test entry  H   n  raw_net  vsN_net  nq  q_pos    t_q  vsN_net_first14  vsN_net_last8  raw_net_first14  raw_net_last8  vsN_net_wo_best5  pool_vsN_net  p_luck  p_luck_holm126 verdict
         S1_WEAK_FLIPPED_LONG    E0  5 403    0.646    0.322  22     15  1.158            0.066          0.630            0.563          0.745             0.148        -0.136   0.003           0.345      NO
         S1_WEAK_FLIPPED_LONG    E0 10 403    1.027    0.541  22     16  1.275            0.240          0.903            0.992          1.070             0.319        -0.069   0.001           0.156      NO
         S1_WEAK_FLIPPED_LONG    E0 20 403    1.500    1.081  22     19  1.711            0.859          1.347            2.009          0.887             0.781         0.432   0.018           1.000      NO
         S1_WEAK_FLIPPED_LONG    E1  5 403    0.447    0.137  22     13  0.627            0.060          0.228            0.510          0.372            -0.013        -0.194   0.006           0.736      NO
         S1_WEAK_FLIPPED_LONG    E1 10 403    0.659    0.348  22     14  0.925            0.246          0.470            0.877          0.397             0.118        -0.112   0.005           0.643      NO
         S1_WEAK_FLIPPED_LONG    E1 20 403    1.319    0.985  22     19  1.680            0.894          1.093            1.949          0.561             0.671         0.421   0.027           1.000      NO
    S2_MARGIN_DN_FLIPPED_LONG    E0  5 781    0.038   -0.174  22     12 -0.277           -0.155         -0.199            0.193         -0.158            -0.270        -0.111   0.523           1.000      NO
    S2_MARGIN_DN_FLIPPED_LONG    E0 10 781    0.023   -0.227  22     13 -0.342           -0.148         -0.327            0.307         -0.335            -0.331        -0.077   0.676           1.000      NO
    S2_MARGIN_DN_FLIPPED_LONG    E0 20 781    0.617    0.474  22     15  1.345            0.706          0.181            1.533         -0.542             0.298         0.452   0.389           1.000      NO
    S2_MARGIN_DN_FLIPPED_LONG    E1  5 781   -0.132   -0.276  22      9 -1.000           -0.265         -0.289           -0.042         -0.247            -0.361        -0.183   0.626           1.000      NO
    S2_MARGIN_DN_FLIPPED_LONG    E1 10 781   -0.162   -0.282  22     13 -0.660           -0.214         -0.368            0.069         -0.455            -0.391        -0.107   0.766           1.000      NO
    S2_MARGIN_DN_FLIPPED_LONG    E1 20 781    0.438    0.399  22     13  1.237            0.682          0.041            1.359         -0.726             0.211         0.434   0.484           1.000      NO
  S3_PROFIT2LOSS_FLIPPED_LONG    E0  5  59    1.009    0.552  19      9  0.451            0.495          0.646            1.179          0.724            -0.273        -0.112   0.159           1.000      NO
  S3_PROFIT2LOSS_FLIPPED_LONG    E0 10  59    2.441    1.705  19     11  0.561            1.183          2.582            2.035          3.123             0.550        -0.077   0.012           1.000      NO
  S3_PROFIT2LOSS_FLIPPED_LONG    E0 20  59    3.354    2.684  19     13  0.921            2.407          3.149            3.684          2.798             0.829         0.451   0.031           1.000      NO
  S3_PROFIT2LOSS_FLIPPED_LONG    E1  5  59    0.779    0.271  19      6  0.037            0.006          0.716            0.663          0.975            -0.298        -0.183   0.208           1.000      NO
  S3_PROFIT2LOSS_FLIPPED_LONG    E1 10  59    2.079    1.576  19     12  0.426            1.278          2.077            1.969          2.265             0.298        -0.108   0.006           0.719      NO
  S3_PROFIT2LOSS_FLIPPED_LONG    E1 20  59    3.261    2.514  19     12  0.969            2.247          2.962            3.672          2.570             0.611         0.433   0.028           1.000      NO
     S4_SURP_BOT_FLIPPED_LONG    E0  5 341    0.421    0.251  19     10  1.103            0.005          0.454            0.428          0.414             0.064        -0.132   0.013           1.000      NO
     S4_SURP_BOT_FLIPPED_LONG    E0 10 341    0.648    0.553  19     13  1.677            0.019          0.994            0.209          1.010             0.300        -0.046   0.003           0.378      NO
     S4_SURP_BOT_FLIPPED_LONG    E0 20 341    0.961    1.078  19     14  2.482            0.961          1.174            1.305          0.678             0.724         0.523   0.020           1.000   WATCH
     S4_SURP_BOT_FLIPPED_LONG    E1  5 341    0.046   -0.024  19      9 -0.325           -0.595          0.445           -0.396          0.409            -0.186        -0.220   0.075           1.000      NO
     S4_SURP_BOT_FLIPPED_LONG    E1 10 341    0.100    0.185  19     12  0.665           -0.400          0.668           -0.417          0.527            -0.065        -0.091   0.055           1.000      NO
     S4_SURP_BOT_FLIPPED_LONG    E1 20 341    0.905    1.007  19     14  2.305            0.817          1.163            1.213          0.652             0.654         0.499   0.022           1.000   WATCH
   I2_WEAK_XNpos_FLIPPED_LONG    E0  5 159    0.605    0.430  22     13  1.368            0.241          0.646            0.601          0.609             0.024         0.059   0.108           1.000      NO
   I2_WEAK_XNpos_FLIPPED_LONG    E0 10 159    0.931    0.755  22     14  1.264            0.348          1.223            0.727          1.165             0.332         0.122   0.054           1.000      NO
   I2_WEAK_XNpos_FLIPPED_LONG    E0 20 159    1.637    1.684  22     16  2.473            1.282          2.146            1.969          1.255             1.081         0.857   0.105           1.000      NO
   I2_WEAK_XNpos_FLIPPED_LONG    E1  5 159    0.419    0.157  22     13  0.973            0.064          0.265            0.444          0.391            -0.156        -0.263   0.042           1.000      NO
   I2_WEAK_XNpos_FLIPPED_LONG    E1 10 159    0.481    0.407  22     12  0.878            0.020          0.851            0.444          0.524             0.004        -0.136   0.059           1.000      NO
   I2_WEAK_XNpos_FLIPPED_LONG    E1 20 159    1.311    1.333  22     15  2.487            0.930          1.797            1.645          0.928             0.710         0.585   0.107           1.000      NO
I5_SURPBOT_XNpos_FLIPPED_LONG    E0  5 143    0.459    0.496  19     10  1.377            0.047          0.860            0.323          0.569             0.106        -0.011   0.044           1.000      NO
I5_SURPBOT_XNpos_FLIPPED_LONG    E0 10 143    0.855    0.965  19     13  2.108            0.028          1.723           -0.140          1.661             0.481         0.084   0.012           1.000   WATCH
I5_SURPBOT_XNpos_FLIPPED_LONG    E0 20 143    1.789    2.091  19     14  3.552            1.925          2.226            1.841          1.746             1.391         0.921   0.009           1.000   WATCH
I5_SURPBOT_XNpos_FLIPPED_LONG    E1  5 143   -0.073   -0.025  19      9  0.133           -0.933          0.711           -0.950          0.637            -0.371        -0.317   0.145           1.000      NO
I5_SURPBOT_XNpos_FLIPPED_LONG    E1 10 143    0.378    0.577  19     11  1.324           -0.450          1.408           -0.710          1.260             0.134        -0.130   0.021           1.000      NO
I5_SURPBOT_XNpos_FLIPPED_LONG    E1 20 143    1.402    1.654  19     15  2.933            1.296          1.944            1.312          1.475             1.010         0.666   0.020           1.000   WATCH

X2/X3 I3, I6 minus ALL plain winners (same quarter), per-quarter difference of vsN_net means:
  I3_STRONG_XN4 E0 H5: n=103 mean d=-0.30 t=-0.48 first14 d=-0.23 last8 d=-0.44 quarters d>0 10/22 | raw d first14 -0.32 last8 -0.40
  I3_STRONG_XN4 E0 H10: n=103 mean d=-0.23 t=-0.26 first14 d=-0.12 last8 d=-0.42 quarters d>0 11/22 | raw d first14 -0.20 last8 -0.37
  I3_STRONG_XN4 E0 H20: n=103 mean d=-0.12 t=-0.12 first14 d=-0.13 last8 d=-0.11 quarters d>0 12/22 | raw d first14 +0.31 last8 -0.16
  I3_STRONG_XN4 E1 H5: n=103 mean d=-0.04 t=-0.06 first14 d=+0.13 last8 d=-0.33 quarters d>0 11/22 | raw d first14 -0.15 last8 -0.39
  I3_STRONG_XN4 E1 H10: n=103 mean d=-0.01 t=-0.01 first14 d=+0.05 last8 d=-0.10 quarters d>0 11/22 | raw d first14 -0.11 last8 -0.09
  I3_STRONG_XN4 E1 H20: n=103 mean d=+0.31 t=0.38 first14 d=+0.33 last8 d=+0.27 quarters d>0 11/22 | raw d first14 +0.49 last8 +0.03
  I6_SURPTOP_XN4 E0 H5: n=72 mean d=+0.18 t=0.33 first14 d=-0.13 last8 d=+0.60 quarters d>0 10/19 | raw d first14 +0.53 last8 +0.80
  I6_SURPTOP_XN4 E0 H10: n=72 mean d=+0.59 t=0.85 first14 d=+0.13 last8 d=+1.22 quarters d>0 10/19 | raw d first14 +0.47 last8 +1.40
  I6_SURPTOP_XN4 E0 H20: n=72 mean d=+1.53 t=1.33 first14 d=+0.23 last8 d=+3.31 quarters d>0 10/19 | raw d first14 +1.00 last8 +3.11
  I6_SURPTOP_XN4 E1 H5: n=72 mean d=+0.46 t=0.71 first14 d=+0.02 last8 d=+1.08 quarters d>0 11/19 | raw d first14 +0.50 last8 +1.09
  I6_SURPTOP_XN4 E1 H10: n=72 mean d=+0.37 t=0.60 first14 d=-0.13 last8 d=+1.06 quarters d>0 11/19 | raw d first14 +0.01 last8 +0.92
  I6_SURPTOP_XN4 E1 H20: n=72 mean d=+1.70 t=1.35 first14 d=+0.21 last8 d=+3.76 quarters d>0 13/19 | raw d first14 +0.65 last8 +3.27

Per quarter, E0 H20, LONG vsN_net (percent; S1/I5 shown as longs):
    ALL_n  ALL_vsN_net  WIN_n  WIN_vsN_net  L1_STRONG_n  L1_STRONG_long_vsN_net  I3_STRONG_XN4_n  I3_STRONG_XN4_long_vsN_net  I6_SURPTOP_XN4_n  I6_SURPTOP_XN4_long_vsN_net  S1_WEAK_n  S1_WEAK_long_vsN_net  I5_SURPBOT_XNpos_n  I5_SURPBOT_XNpos_long_vsN_net
0      98         0.22     11         0.40           28                   -1.32                3                       -5.58                 0                          NaN          9                  1.76                   0                            NaN
1     117        -3.90      9        -0.32           34                   -2.24                1                      -11.17                 0                          NaN         12                 -5.83                   0                            NaN
2     125         0.96     17        -1.81           33                    0.18                3                        9.04                 0                          NaN         10                  5.24                   0                            NaN
3     132        -1.67     10        -4.09           26                    2.02                2                       -4.12                 3                         0.79         13                 -5.65                   9                          -1.29
4     131        -1.26     17        -0.51           25                   -3.18                3                       -4.42                 1                        -0.91         19                  1.13                  10                           2.06
5     134         1.67     11         0.61           33                    1.40                2                       -2.95                 4                         0.58         13                  1.01                   8                           1.46
6     133        -0.47     12        -2.71           28                   -2.44                6                       -2.17                 5                        -4.14         28                  2.99                   6                           2.16
7     133         1.13     17         2.33           34                    1.65                7                        5.07                 3                         3.58         26                  0.16                   3                           6.87
8     134         3.51     14         5.98           29                    4.01                1                       -2.79                 3                         7.02         26                  1.99                   5                           5.37
9     134         2.31     11         9.66           30                    1.94                4                       13.46                 3                         8.82         11                  1.82                   5                           3.30
10    132         2.47      7        12.36           31                    1.96                3                       13.67                 3                        16.63         14                  1.87                   1                           3.96
11    135         1.64     18         1.78           24                    1.17                5                        2.75                 5                        -0.70         13                  2.38                   4                           6.64
12    135         1.50     21         3.31           25                    3.24                6                        9.21                 3                         0.69         15                  0.81                   5                           2.41
13    135        -0.35     17         0.78           24                    0.79                5                        5.92                 1                        -0.31         11                  0.09                   8                          -2.13
14    134        -0.39     20         0.38           17                   -1.51                5                       -1.77                 3                         2.06         23                  2.20                  11                          -0.31
15    172        -2.14     22        -0.97           30                   -4.21                4                       -3.88                 2                         1.35         28                  0.68                   5                          -3.21
16    178         2.45     23         3.42           33                    2.19                5                        5.19                 2                        22.74         17                  4.48                   7                           0.59
17    191         0.07     19         3.23           32                    1.74                7                        2.00                 3                         5.56         26                  1.19                   7                           4.93
18    191        -2.09     31        -0.85           41                   -3.71                9                       -2.29                 9                        -5.19         22                 -2.13                   9                          -0.07
19    196         1.35     32         1.91           30                    2.56                6                        2.73                 6                         0.03         22                  1.44                  10                           3.49
20    204         1.02     29         1.04           47                    0.77                8                        3.30                 5                         5.58         22                  3.64                  18                           4.54
21    206         0.89     24         2.07           59                    2.74                8                        4.09                 8                         4.57         23                  0.22                  12                           3.40
