panel in_fo rows: 3280
XN vs panel react_excess_nifty: max abs diff 4.96e-05 (n=3280)
tradable: 3280 of 3280; not tradable: XN missing 0, end of data 0, >2 blanks 0
surprise cut-offs (median per qn, pp):
qn        0   1   2      3      4      5      6      7      8      9     10    11    12    13    14    15    16    17    18    19    20    21
surp_P80 NaN NaN NaN    3.9    4.8    6.1   11.1   11.1   13.7   16.5  20.2  23.7  25.9  27.5  25.8  25.0  23.5  24.5  24.0  25.1  24.1  25.1
surp_P20 NaN NaN NaN -110.7 -114.4 -121.1 -119.2 -120.5 -112.0 -108.7 -99.3 -90.9 -82.4 -76.6 -72.2 -71.7 -70.4 -68.6 -65.5 -62.8 -59.1 -58.1

REPRO plain winner drift (F3 convention, E0 H20, vsN net): n=392 mean=+1.45% q_pos=15/22 t=2.15  [documented: 392, +1.45%, 15/22, t 2.15]

REFERENCES (long, all tradable in_fo results / plain winners XN>4):
    ref entry  H    n  raw_gross  raw_net  vsN_gross  vsN_net  nq  q_pos   t_q  vsN_net_first14  vsN_net_last8  raw_net_first14  raw_net_last8
    ALL    E0  5 3280       0.26     0.09       0.07    -0.12  22      8 -0.70            -0.03          -0.23             0.33          -0.20
    ALL    E0 10 3280       0.43     0.26       0.11    -0.08  22     12 -0.37            -0.04          -0.13             0.56          -0.10
    ALL    E0 20 3280       1.06     0.89       0.61     0.42  22     14  1.05             0.60           0.19             1.89          -0.34
    ALL    E1  5 3280       0.21     0.04       0.02    -0.17  22      8 -1.24            -0.17          -0.18             0.17          -0.12
    ALL    E1 10 3280       0.39     0.22       0.11    -0.08  22     12 -0.51            -0.13          -0.03             0.46          -0.08
    ALL    E1 20 3280       1.04     0.87       0.62     0.43  22     16  1.16             0.57           0.26             1.83          -0.31
WIN_XN4    E0  5  392       0.43     0.26       0.26     0.07  22     10  0.61             0.26          -0.11             0.69          -0.14
WIN_XN4    E0 10  392       0.68     0.51       0.41     0.22  22     14  0.92             0.53          -0.09             1.24          -0.18
WIN_XN4    E0 20  392       1.72     1.55       1.64     1.45  22     15  2.15             1.70           1.20             2.72           0.42
WIN_XN4    E1  5  392       0.09    -0.08      -0.07    -0.26  22     10 -1.11            -0.36          -0.17            -0.01          -0.15
WIN_XN4    E1 10  392       0.45     0.28       0.27     0.08  22     13  0.08             0.06           0.10             0.68          -0.11
WIN_XN4    E1 20  392       1.40     1.23       1.38     1.19  22     14  1.80             1.22           1.17             2.07           0.43

SIGNAL COUNTS (tradable): L1_STRONG=693, L2_SURP_TOP=554, L3_MARGIN_UP=919, L4_TURNAROUND=106, S1_WEAK=403, S2_MARGIN_DN=781, S3_PROFIT2LOSS=59, S4_SURP_BOT=341, I1_STRONG_XNneg=316, I2_WEAK_XNpos=159, I3_STRONG_XN4=103, I4_SURPTOP_XNneg=258, I5_SURPBOT_XNpos=143, I6_SURPTOP_XN4=72

ALL 84 PRIMARY TESTS (percent; vsN = Nifty-hedged; net after 0.17% + 0.02% hedge; shorts sign-flipped):
            test entry  H   n  raw_net  vsN_net  win_pct  nq  q_pos    t_q  vsN_net_first14  vsN_net_last8  vsN_net_wo_best5  pool_vsN_net  d_vs_pool  d_first14  d_last8  p_luck  p_luck_holm  p_t_holm verdict
       L1_STRONG    E0  5 693    0.028   -0.209   43.579  22     11 -1.470           -0.201         -0.219            -0.321        -0.136     -0.068     -0.118    0.002   0.704          1.0       1.0      NO
       L1_STRONG    E0 10 693    0.259   -0.108   45.743  22     12 -0.734           -0.203          0.024            -0.253        -0.069     -0.040     -0.153    0.119   0.602          1.0       1.0      NO
       L1_STRONG    E0 20 693    1.065    0.521   49.928  22     15  0.870            0.651          0.341             0.323         0.432      0.067      0.010    0.146   0.389          1.0       1.0      NO
       L1_STRONG    E1  5 693   -0.007   -0.260   45.455  22     11 -1.498           -0.218         -0.319            -0.362        -0.194     -0.067     -0.030   -0.119   0.723          1.0       1.0      NO
       L1_STRONG    E1 10 693    0.222   -0.153   46.465  22     13 -0.810           -0.293          0.044            -0.297        -0.112     -0.032     -0.118    0.088   0.586          1.0       1.0      NO
       L1_STRONG    E1 20 693    0.990    0.467   48.918  22     15  0.838            0.687          0.161             0.283         0.421      0.015      0.064   -0.054   0.471          1.0       1.0      NO
     L2_SURP_TOP    E0  5 554   -0.012   -0.281   43.502  19      7 -1.369            0.073         -0.646            -0.398        -0.132     -0.234     -0.012   -0.463   0.945          1.0       1.0      NO
     L2_SURP_TOP    E0 10 554    0.396   -0.076   44.765  19      9 -0.601            0.198         -0.357            -0.238        -0.046     -0.169     -0.038   -0.304   0.824          1.0       1.0      NO
     L2_SURP_TOP    E0 20 554    0.806    0.227   49.458  19     12  0.152            1.004         -0.574            -0.009         0.523     -0.516     -0.180   -0.862   0.978          1.0       1.0      NO
     L2_SURP_TOP    E1  5 554    0.018   -0.231   46.570  19     10 -1.465           -0.202         -0.262            -0.325        -0.220     -0.084     -0.101   -0.067   0.755          1.0       1.0      NO
     L2_SURP_TOP    E1 10 554    0.378   -0.084   48.195  19      9 -0.652           -0.029         -0.140            -0.240        -0.091     -0.099     -0.081   -0.118   0.726          1.0       1.0      NO
     L2_SURP_TOP    E1 20 554    0.850    0.298   48.375  19     13  0.341            0.867         -0.287             0.079         0.499     -0.380     -0.184   -0.582   0.942          1.0       1.0      NO
    L3_MARGIN_UP    E0  5 919    0.214   -0.043   46.246  22      9 -0.410            0.030         -0.157            -0.128        -0.111      0.055      0.074    0.027   0.298          1.0       1.0      NO
    L3_MARGIN_UP    E0 10 919    0.453   -0.096   45.811  22     10 -0.452           -0.262          0.164            -0.236        -0.077     -0.002     -0.176    0.270   0.503          1.0       1.0      NO
    L3_MARGIN_UP    E0 20 919    1.268    0.323   47.661  22     11  0.552            0.297          0.364             0.132         0.452     -0.101     -0.267    0.159   0.695          1.0       1.0      NO
    L3_MARGIN_UP    E1  5 919    0.140   -0.177   46.246  22     11 -1.232           -0.276         -0.024            -0.251        -0.183      0.018     -0.070    0.155   0.410          1.0       1.0      NO
    L3_MARGIN_UP    E1 10 919    0.377   -0.173   45.484  22     10 -0.740           -0.416          0.207            -0.291        -0.107     -0.019     -0.195    0.256   0.556          1.0       1.0      NO
    L3_MARGIN_UP    E1 20 919    1.238    0.267   48.857  22     12  0.426            0.144          0.459             0.090         0.434     -0.126     -0.350    0.224   0.750          1.0       1.0      NO
   L4_TURNAROUND    E0  5 106    1.020    0.582   50.943  21     11  1.383            0.267          1.504             0.087        -0.112      0.898      0.633    1.676   0.012          1.0       1.0      NO
   L4_TURNAROUND    E0 10 106    0.553   -0.300   45.283  21      8 -0.328           -1.041          1.867            -0.938        -0.077      0.185     -0.445    2.029   0.351          1.0       1.0      NO
   L4_TURNAROUND    E0 20 106    2.503    0.760   50.943  21     12  0.857           -0.136          3.383            -0.254         0.451      0.769     -0.102    3.317   0.126          1.0       1.0      NO
   L4_TURNAROUND    E1  5 106    0.312   -0.039   48.113  21      9 -0.087           -0.567          1.506            -0.427        -0.183      0.366     -0.088    1.696   0.134          1.0       1.0      NO
   L4_TURNAROUND    E1 10 106    0.168   -0.475   42.453  21      9 -0.851           -1.175          1.572            -1.117        -0.108      0.018     -0.556    1.699   0.479          1.0       1.0      NO
   L4_TURNAROUND    E1 20 106    2.284    0.608   50.000  21     11  0.726           -0.284          3.220            -0.285         0.433      0.525     -0.356    3.100   0.203          1.0       1.0      NO
         S1_WEAK    E0  5 403   -0.986   -0.702   43.424  22      4 -2.357           -0.446         -1.010            -0.868        -0.244     -0.512     -0.167   -0.928   0.997          1.0       1.0      NO
         S1_WEAK    E0 10 403   -1.367   -0.921   42.680  22      4 -2.134           -0.620         -1.283            -1.119        -0.311     -0.697     -0.296   -1.180   0.999          1.0       1.0      NO
         S1_WEAK    E0 20 403   -1.840   -1.461   42.928  22      3 -2.377           -1.239         -1.727            -1.758        -0.812     -0.672     -0.077   -1.386   0.982          1.0       1.0      NO
         S1_WEAK    E1  5 403   -0.787   -0.517   45.906  22      7 -1.923           -0.440         -0.608            -0.643        -0.186     -0.390     -0.286   -0.515   0.995          1.0       1.0      NO
         S1_WEAK    E1 10 403   -0.999   -0.728   44.913  22      6 -1.930           -0.626         -0.850            -0.918        -0.268     -0.539     -0.434   -0.666   0.994          1.0       1.0      NO
         S1_WEAK    E1 20 403   -1.659   -1.364   44.913  22      3 -2.443           -1.274         -1.473            -1.621        -0.801     -0.573     -0.179   -1.047   0.970          1.0       1.0      NO
    S2_MARGIN_DN    E0  5 781   -0.378   -0.206   50.576  22      8 -1.531           -0.225         -0.181            -0.294        -0.269      0.007      0.018   -0.007   0.484          1.0       1.0      NO
    S2_MARGIN_DN    E0 10 781   -0.363   -0.153   51.216  22      6 -0.840           -0.232         -0.053            -0.264        -0.303      0.075     -0.022    0.198   0.323          1.0       1.0      NO
    S2_MARGIN_DN    E0 20 781   -0.957   -0.854   46.095  22      6 -2.079           -1.086         -0.561            -1.005        -0.832     -0.062     -0.109   -0.003   0.618          1.0       1.0      NO
    S2_MARGIN_DN    E1  5 781   -0.208   -0.104   50.064  22      9 -1.094           -0.115         -0.091            -0.178        -0.197      0.034     -0.020    0.103   0.374          1.0       1.0      NO
    S2_MARGIN_DN    E1 10 781   -0.178   -0.098   52.753  22      8 -0.652           -0.166         -0.012            -0.200        -0.273      0.103     -0.065    0.317   0.238          1.0       1.0      NO
    S2_MARGIN_DN    E1 20 781   -0.778   -0.779   48.656  22      8 -2.000           -1.062         -0.421            -0.914        -0.814     -0.006     -0.170    0.200   0.512          1.0       1.0      NO
  S3_PROFIT2LOSS    E0  5  59   -1.349   -0.932   38.983  19      7 -0.826           -0.875         -1.026            -1.793        -0.268     -0.520     -0.455   -0.630   0.843          1.0       1.0      NO
  S3_PROFIT2LOSS    E0 10  59   -2.781   -2.085   37.288  19      7 -0.835           -1.563         -2.962            -3.208        -0.303     -1.494     -1.050   -2.241   0.986          1.0       1.0      NO
  S3_PROFIT2LOSS    E0 20  59   -3.694   -3.064   37.288  19      6 -1.135           -2.787         -3.529            -4.639        -0.831     -1.800     -1.393   -2.483   0.970          1.0       1.0      NO
  S3_PROFIT2LOSS    E1  5  59   -1.119   -0.651   38.983  19      9 -0.459           -0.386         -1.096            -1.326        -0.197     -0.348     -0.159   -0.665   0.787          1.0       1.0      NO
  S3_PROFIT2LOSS    E1 10  59   -2.419   -1.956   37.288  19      6 -0.734           -1.658         -2.457            -2.942        -0.272     -1.483     -1.313   -1.768   0.992          1.0       1.0      NO
  S3_PROFIT2LOSS    E1 20  59   -3.601   -2.894   42.373  19      6 -1.217           -2.627         -3.342            -4.297        -0.813     -1.701     -1.360   -2.274   0.971          1.0       1.0      NO
     S4_SURP_BOT    E0  5 341   -0.761   -0.631   44.282  19      7 -2.918           -0.385         -0.834            -0.798        -0.248     -0.448     -0.210   -0.645   0.987          1.0       1.0      NO
     S4_SURP_BOT    E0 10 341   -0.988   -0.933   44.282  19      6 -2.791           -0.399         -1.374            -1.179        -0.334     -0.692     -0.204   -1.094   0.997          1.0       1.0      NO
     S4_SURP_BOT    E0 20 341   -1.301   -1.458   44.868  19      4 -3.215           -1.341         -1.554            -1.778        -0.903     -0.706     -0.386   -0.971   0.981          1.0       1.0      NO
     S4_SURP_BOT    E1  5 341   -0.386   -0.356   43.988  19      7 -1.336            0.215         -0.825            -0.514        -0.160     -0.245      0.256   -0.657   0.927          1.0       1.0      NO
     S4_SURP_BOT    E1 10 341   -0.440   -0.565   47.801  19      7 -1.686            0.020         -1.048            -0.763        -0.289     -0.366      0.097   -0.748   0.948          1.0       1.0      NO
     S4_SURP_BOT    E1 20 341   -1.245   -1.387   46.628  19      5 -3.026           -1.197         -1.543            -1.670        -0.879     -0.647     -0.313   -0.923   0.978          1.0       1.0      NO
 I1_STRONG_XNneg    E0  5 316   -0.249   -0.433   42.722  22      5 -2.937           -0.488         -0.344            -0.633        -0.313     -0.109     -0.189    0.021   0.714          1.0       1.0      NO
 I1_STRONG_XNneg    E0 10 316   -0.021   -0.369   40.823  22      9 -1.113           -0.584         -0.018            -0.673        -0.243     -0.104     -0.280    0.183   0.663          1.0       1.0      NO
 I1_STRONG_XNneg    E0 20 316    0.449   -0.005   47.152  22     12 -0.094           -0.181          0.283            -0.364         0.046     -0.095     -0.360    0.337   0.616          1.0       1.0      NO
 I1_STRONG_XNneg    E1  5 316    0.119   -0.086   46.519  22     13 -0.226           -0.126         -0.021            -0.261        -0.132      0.056      0.020    0.115   0.362          1.0       1.0      NO
 I1_STRONG_XNneg    E1 10 316    0.173   -0.127   44.620  22     14 -0.002           -0.317          0.183            -0.415        -0.091      0.005     -0.137    0.238   0.484          1.0       1.0      NO
 I1_STRONG_XNneg    E1 20 316    0.787    0.279   49.051  22     14  0.582            0.200          0.407            -0.081         0.273     -0.027     -0.219    0.286   0.531          1.0       1.0      NO
   I2_WEAK_XNpos    E0  5 159   -0.945   -0.810   39.623  22      9 -2.298           -0.621         -1.026            -1.102        -0.439     -0.369     -0.053   -0.731   0.894          1.0       1.0      NO
   I2_WEAK_XNpos    E0 10 159   -1.271   -1.135   40.881  22      8 -1.881           -0.728         -1.603            -1.477        -0.502     -0.622     -0.000   -1.335   0.945          1.0       1.0      NO
   I2_WEAK_XNpos    E0 20 159   -1.977   -2.064   40.252  22      6 -3.100           -1.662         -2.526            -2.509        -1.237     -0.677      0.320   -1.822   0.897          1.0       1.0      NO
   I2_WEAK_XNpos    E1  5 159   -0.759   -0.537   43.396  22      5 -1.969           -0.444         -0.645            -0.782        -0.117     -0.451     -0.340   -0.577   0.959          1.0       1.0      NO
   I2_WEAK_XNpos    E1 10 159   -0.821   -0.787   45.912  22      9 -1.608           -0.400         -1.231            -1.093        -0.244     -0.558     -0.164   -1.010   0.943          1.0       1.0      NO
   I2_WEAK_XNpos    E1 20 159   -1.651   -1.713   42.138  22      5 -3.229           -1.310         -2.177            -2.188        -0.965     -0.636      0.170   -1.562   0.896          1.0       1.0      NO
   I3_STRONG_XN4    E0  5 103    0.549    0.302   46.602  22      9 -0.143            0.976         -0.360            -0.267         0.044      0.291      0.781   -0.189   0.191          1.0       1.0      NO
   I3_STRONG_XN4    E0 10 103    0.966    0.643   49.515  22     10  0.141            1.514         -0.211            -0.136         0.225      0.405      0.974   -0.154   0.188          1.0       1.0      NO
   I3_STRONG_XN4    E0 20 103    2.945    2.479   52.427  22     12  1.183            3.625          1.355             1.340         1.641      0.704      1.376    0.044   0.111          1.0       1.0      NO
   I3_STRONG_XN4    E1  5 103    0.118   -0.058   45.631  22      8 -0.463            0.243         -0.354            -0.586        -0.327      0.280      0.706   -0.139   0.168          1.0       1.0      NO
   I3_STRONG_XN4    E1 10 103    0.728    0.496   52.427  22     11  0.026            0.694          0.303            -0.258         0.071      0.414      0.675    0.157   0.143          1.0       1.0      NO
   I3_STRONG_XN4    E1 20 103    2.390    2.142   50.485  22     14  1.487            2.703          1.591             1.099         1.339      0.623      0.887    0.363   0.126          1.0       1.0      NO
I4_SURPTOP_XNneg    E0  5 258   -0.213   -0.440   38.760  19      7 -1.770            0.104         -1.037            -0.682        -0.244     -0.272      0.155   -0.739   0.896          1.0       1.0      NO
I4_SURPTOP_XNneg    E0 10 258    0.343   -0.179   42.636  19      7 -0.995            0.275         -0.677            -0.467        -0.166     -0.130      0.273   -0.572   0.679          1.0       1.0      NO
I4_SURPTOP_XNneg    E0 20 258    0.898    0.148   50.000  19     12 -0.145            1.092         -0.887            -0.222         0.154     -0.219      0.521   -1.032   0.724          1.0       1.0      NO
I4_SURPTOP_XNneg    E1  5 258    0.102   -0.098   48.837  19      8 -0.844            0.124         -0.342            -0.281        -0.130     -0.031      0.147   -0.227   0.564          1.0       1.0      NO
I4_SURPTOP_XNneg    E1 10 258    0.612    0.102   49.612  19     10 -0.012            0.385         -0.208            -0.160        -0.055      0.069      0.356   -0.246   0.389          1.0       1.0      NO
I4_SURPTOP_XNneg    E1 20 258    1.296    0.464   53.488  19     15  0.393            1.204         -0.348             0.135         0.344     -0.076      0.461   -0.665   0.580          1.0       1.0      NO
I5_SURPBOT_XNpos    E0  5 143   -0.799   -0.876   44.056  19      8 -2.525           -0.427         -1.240            -1.229        -0.369     -0.519     -0.221   -0.761   0.959          1.0       1.0      NO
I5_SURPBOT_XNpos    E0 10 143   -1.195   -1.345   40.559  19      4 -2.921           -0.408         -2.103            -1.882        -0.464     -0.902     -0.149   -1.512   0.990          1.0       1.0      NO
I5_SURPBOT_XNpos    E0 20 143   -2.129   -2.471   37.762  19      3 -4.132           -2.305         -2.606            -3.073        -1.301     -1.274     -0.966   -1.523   0.992          1.0       1.0      NO
I5_SURPBOT_XNpos    E1  5 143   -0.267   -0.355   42.657  19      8 -1.173            0.553         -1.091            -0.721        -0.063     -0.281      0.415   -0.844   0.860          1.0       1.0      NO
I5_SURPBOT_XNpos    E1 10 143   -0.718   -0.957   43.357  19      6 -2.013            0.070         -1.788            -1.384        -0.250     -0.743     -0.006   -1.341   0.981          1.0       1.0      NO
I5_SURPBOT_XNpos    E1 20 143   -1.742   -2.034   42.657  19      4 -3.500           -1.676         -2.324            -2.599        -1.046     -1.061     -0.690   -1.361   0.981          1.0       1.0      NO
  I6_SURPTOP_XN4    E0  5  72    0.373   -0.058   51.389  19     10  0.518            0.221         -0.308            -0.744        -0.052      0.104      0.294   -0.065   0.392          1.0       1.0      NO
  I6_SURPTOP_XN4    E0 10  72    1.059    0.441   50.000  19      9  1.177            0.859          0.066            -0.397         0.200      0.233      0.431    0.055   0.321          1.0       1.0      NO
  I6_SURPTOP_XN4    E0 20  72    2.979    2.477   54.167  19     14  2.334            2.630          2.340             1.014         1.827      0.640      0.161    1.069   0.179          1.0       1.0      NO
  I6_SURPTOP_XN4    E1  5  72    0.344   -0.055   51.389  19      9  0.243           -0.318          0.180            -0.665        -0.361      0.369      0.384    0.355   0.133          1.0       1.0      NO
  I6_SURPTOP_XN4    E1 10  72    0.677    0.346   55.556  19     10  0.575            0.084          0.580            -0.346         0.103      0.101     -0.034    0.221   0.409          1.0       1.0      NO
  I6_SURPTOP_XN4    E1 20  72    2.849    2.581   51.389  19     14  2.036            2.364          2.775             1.093         1.566      0.873      0.113    1.553   0.091          1.0       1.0      NO

Interaction tests, unconditional luck p (pool = all eligible results, secondary):
            test entry  H   n  vsN_net  p_luck  p_luck_uncond
 I1_STRONG_XNneg    E0  5 316  -0.4334  0.7137         0.9353
 I1_STRONG_XNneg    E0 10 316  -0.3689  0.6631         0.8901
 I1_STRONG_XNneg    E0 20 316  -0.0051  0.6164         0.9189
 I1_STRONG_XNneg    E1  5 316  -0.0862  0.3616         0.3126
 I1_STRONG_XNneg    E1 10 316  -0.1269  0.4844         0.5233
 I1_STRONG_XNneg    E1 20 316   0.2787  0.5306         0.7197
   I2_WEAK_XNpos    E0  5 159  -0.8098  0.8938         0.9663
   I2_WEAK_XNpos    E0 10 159  -1.1351  0.9447         0.9833
   I2_WEAK_XNpos    E0 20 159  -2.0640  0.8968         0.9826
   I2_WEAK_XNpos    E1  5 159  -0.5374  0.9591         0.9187
   I2_WEAK_XNpos    E1 10 159  -0.7869  0.9433         0.9312
   I2_WEAK_XNpos    E1 20 159  -1.7132  0.8956         0.9498
   I3_STRONG_XN4    E0  5 103   0.3018  0.1915         0.1306
   I3_STRONG_XN4    E0 10 103   0.6431  0.1876         0.0878
   I3_STRONG_XN4    E0 20 103   2.4792  0.1111         0.0017
   I3_STRONG_XN4    E1  5 103  -0.0584  0.1678         0.3649
   I3_STRONG_XN4    E1 10 103   0.4962  0.1426         0.1072
   I3_STRONG_XN4    E1 20 103   2.1419  0.1260         0.0047
I4_SURPTOP_XNneg    E0  5 258  -0.4398  0.8962         0.9661
I4_SURPTOP_XNneg    E0 10 258  -0.1789  0.6791         0.8521
I4_SURPTOP_XNneg    E0 20 258   0.1482  0.7238         0.9492
I4_SURPTOP_XNneg    E1  5 258  -0.0983  0.5638         0.4402
I4_SURPTOP_XNneg    E1 10 258   0.1020  0.3895         0.4154
I4_SURPTOP_XNneg    E1 20 258   0.4641  0.5802         0.7742
I5_SURPBOT_XNpos    E0  5 143  -0.8764  0.9591         0.9785
I5_SURPBOT_XNpos    E0 10 143  -1.3448  0.9896         0.9941
I5_SURPBOT_XNpos    E0 20 143  -2.4708  0.9918         0.9986
I5_SURPBOT_XNpos    E1  5 143  -0.3552  0.8596         0.7514
I5_SURPBOT_XNpos    E1 10 143  -0.9566  0.9805         0.9685
I5_SURPBOT_XNpos    E1 20 143  -2.0342  0.9811         0.9918
  I6_SURPTOP_XN4    E0  5  72  -0.0585  0.3922         0.4588
  I6_SURPTOP_XN4    E0 10  72   0.4407  0.3211         0.2318
  I6_SURPTOP_XN4    E0 20  72   2.4771  0.1786         0.0079
  I6_SURPTOP_XN4    E1  5  72  -0.0548  0.1333         0.3739
  I6_SURPTOP_XN4    E1 10  72   0.3461  0.4095         0.2229
  I6_SURPTOP_XN4    E1 20  72   2.5810  0.0908         0.0036

Raw (unhedged) family: min p_luck_raw = 0.0260, min Holm = 1.0000

Verdicts: {'NO': 84}
Smallest 10 primary luck p:
          test entry  H   n  vsN_net     t_q  p_luck  p_luck_holm verdict
 L4_TURNAROUND    E0  5 106   0.5822  1.3829  0.0120          1.0      NO
I6_SURPTOP_XN4    E1 20  72   2.5810  2.0361  0.0908          1.0      NO
 I3_STRONG_XN4    E0 20 103   2.4792  1.1831  0.1111          1.0      NO
 L4_TURNAROUND    E0 20 106   0.7604  0.8566  0.1257          1.0      NO
 I3_STRONG_XN4    E1 20 103   2.1419  1.4874  0.1260          1.0      NO
I6_SURPTOP_XN4    E1  5  72  -0.0548  0.2434  0.1333          1.0      NO
 L4_TURNAROUND    E1  5 106  -0.0391 -0.0871  0.1337          1.0      NO
 I3_STRONG_XN4    E1 10 103   0.4962  0.0259  0.1426          1.0      NO
 I3_STRONG_XN4    E1  5 103  -0.0584 -0.4633  0.1678          1.0      NO
I6_SURPTOP_XN4    E0 20  72   2.4771  2.3344  0.1786          1.0      NO
