S85 found: 85  S44 found: 44
max |three_day - ref*100| 5.035749141946155e-05  max |tp3 - ref*100| 5.035749141946155e-05

my label vs panel label (S85):
 panel   F   T  unk
mine              
F      33   0    2
T       0  37    1
unk     0   0   12
disagreements:
         symbol  quarter fin_type        basis1  same_basis      y1      y2   accel  l1_sales_yoy_pct  l2_sales_yoy_pct  sales_yoy_accel_pp  three_day
21  OBEROIRLTY  Q4 FY22  Company  Consolidated       False    0.43  350.33 -349.89              0.43               NaN                 NaN      -4.01
28    ADANIENT  Q3 FY23  Company  Consolidated       False  188.81   61.53  127.28            188.81               NaN                 NaN      -3.45
39         SRF  Q1 FY24  Company  Consolidated        True  -98.94    3.70 -102.64               NaN               3.7                 NaN      -3.50
max |accel mine - panel| where both: 0.0  n large (>1pp): 0
unknown rows (mine):
         symbol  quarter          fin_type                    industry       s1      s2       s5       s6  three_day
0       AUBANK  Q4 FY21              Bank                       Banks   1261.1  1212.5   1111.6      NaN       -7.0
1   BAJFINANCE  Q4 FY21  NBFC / financial                     Finance   6656.1  6516.6   7011.0      NaN       12.7
2   BANDHANBNK  Q4 FY21              Bank                       Banks   3307.8  3197.6   2717.6      NaN       -1.3
3          LTF  Q4 FY21  NBFC / financial                     Finance   3503.4  3408.1   3630.6      NaN       -1.4
22     RBLBANK  Q4 FY22              Bank                       Banks      NaN     NaN   1979.9   2077.3       -1.3
30   AMBUJACEM  Q3 FY23           Company  Cement And Cement Products   7143.2     NaN   6647.1   6978.2        2.9
31  BANKBARODA  Q3 FY23              Bank                       Banks  21254.2     NaN  16691.5      NaN        8.5
33        SBIN  Q3 FY23              Bank                       Banks  79859.6     NaN  69481.5  65564.4        3.4
58      JIOFIN  Q3 FY25  NBFC / financial                     Finance    693.5   417.8    608.0      NaN        1.2
79  PREMIERENE  Q3 FY26           Company        Electrical Equipment   1836.9  1820.7   1527.2      NaN       -6.6
81      SWIGGY  Q3 FY26           Company       Internet & E-commerce   5561.0  4961.0   3601.4      NaN       -0.6
82  WAAREEENER  Q3 FY26           Company        Electrical Equipment   6065.6  4425.8   3574.4      NaN        3.6
PIT: L1/L2 published before cutoff for all S85 rows: True ; strict (date known): 85 / 85
mixed-basis rows among known S85: 2

==== headline, my labels (S85) ====
               rule  n  mean  net   tp   up%    q+  n14  f14  n8    l8   xb5  x_bestq  median  loqo_min  loqo_max
            S85 all 85  2.13 1.96 2.14 63.53 18/19   51 1.65  34  2.86  1.36     2.08    2.00      1.90      2.30
accel>0 (candidate) 38  2.90 2.73 3.09 68.42 16/16   24 2.56  14  3.48  1.37     2.80    2.21      2.62      3.12
           accel<=0 35  1.63 1.46 1.14 62.86  7/12   19 0.33  16  3.17  0.26     0.87    1.93      0.87      2.06
            unknown 12  1.19 1.02 2.10 50.00   3/5    8 2.07   4 -0.58 -2.42    -0.06    0.32     -0.06      1.98

same with the PANEL's labels:
          rule  n  mean  net   tp   up%    q+  n14  f14  n8   l8  xb5  x_bestq  median  loqo_min  loqo_max
 panel accel>0 37  3.07 2.90 3.26 70.27 16/16   23 2.82  14 3.48 1.52     2.97    2.36      2.79      3.31
panel accel<=0 33  1.95 1.78 1.43 66.67  7/12   17 0.81  16 3.17 0.55     1.18    2.55      1.18      2.26

per quarter (accel>0 vs <=0):
     size       mean      
side    F    T     F     T
qn                        
2     3.0  4.0 -1.08  1.28
3     2.0  3.0 -1.26  6.19
4     3.0  3.0 -3.06  4.45
5     2.0  1.0  4.72  6.64
6     NaN  2.0   NaN  1.00
7     NaN  3.0   NaN  2.57
8     2.0  2.0  4.13  0.91
9     2.0  NaN -3.15   NaN
11    1.0  3.0  1.90  1.71
12    4.0  NaN  1.96   NaN
13    NaN  3.0   NaN  0.33
14    1.0  1.0 -1.50  3.64
15    6.0  5.0  0.58  3.84
16    3.0  2.0  9.64  0.35
17    NaN  1.0   NaN  2.65
18    NaN  1.0   NaN  6.43
19    6.0  2.0  3.29  2.81
21    NaN  2.0   NaN  5.27
T trades:
     symbol quarter  qn     y1     y2  accel  three_day
INDUSTOWER Q3 FY23   7  15.85   1.48  14.38      -7.93
      SAIL Q1 FY25  13  -4.02  -6.76   2.74      -4.29
      CAMS Q3 FY25  15  32.75  26.83   5.92      -4.08
MANAPPURAM Q4 FY23   8  15.47  10.73   4.74      -3.71
  ADANIENT Q3 FY23   7 188.81  61.53 127.28      -3.45
ULTRACEMCO Q2 FY22   2  54.97  34.06  20.91      -2.43
GODREJPROP Q3 FY25  15 218.73 -21.05 239.78      -2.39
JINDALSTEL Q1 FY25  13  -1.50  -6.03   4.53      -1.48
     WIPRO Q4 FY25  16   0.51  -0.95   1.46      -1.07
 HINDPETRO Q2 FY23   6  56.50  23.56  32.94      -1.01
AUROPHARMA Q4 FY22   4  -5.70  -8.35   2.65      -0.94
  CROMPTON Q3 FY24  11   4.87   0.75   4.12      -0.17
GODREJPROP Q3 FY26  19 -32.28 -41.20   8.92       0.04
  KPITTECH Q1 FY27  21  11.95   9.44   2.51       1.30
   CGPOWER Q3 FY25  15  20.54  18.86   1.68       1.35
 AMBUJACEM Q2 FY22   2  50.26  23.44  26.81       1.53
      INFY Q4 FY25  16   7.58   5.11   2.47       1.77
   POLYCAB Q2 FY22   2  92.56  42.64  49.91       2.00
  JSWSTEEL Q4 FY22   4  74.17  68.72   5.44       2.06
AUROPHARMA Q3 FY24  11  25.79   9.86  15.93       2.36
   COFORGE Q1 FY26  17  44.58  42.82   1.76       2.65
       IEX Q3 FY24  11  14.01   5.78   8.23       2.95
AUROPHARMA Q2 FY23   6   9.36  -3.20  12.57       3.01
      BHEL Q2 FY25  14   9.62   0.40   9.22       3.64
 EICHERMOT Q2 FY22   2 141.31  33.16 108.15       4.05
     PIIND Q3 FY22   3  16.97  12.61   4.36       4.69
     TECHM Q3 FY22   3  16.11  11.98   4.12       5.14
       LTM Q4 FY23   8 108.33  28.40  79.94       5.52
     LODHA Q3 FY26  19  44.67  22.67  22.00       5.58
  GODREJCP Q2 FY26  18   9.91   6.27   3.64       6.43
 ZYDUSLIFE Q1 FY23   5   0.44  -3.70   4.15       6.64
CUMMINSIND Q1 FY25  13  19.92  16.31   3.61       6.75
    NAUKRI Q3 FY22   3  39.54  14.81  24.73       8.75
   INDIANB Q1 FY27  21  10.25   8.49   1.75       9.23
CUMMINSIND Q3 FY25  15  30.55   4.39  26.16       9.53
    NAUKRI Q4 FY22   4  50.92  39.54  11.38      12.24
KALYANKJIL Q3 FY25  15  37.40  26.50  10.89      14.81
ADANIPORTS Q3 FY23   7  47.51   1.78  45.73      19.09

==== robustness ====
                        rule  n  mean  net   tp   up%    q+  n14   f14  n8   l8   xb5  x_bestq  median  loqo_min  loqo_max
                   accel>-10 55  3.02 2.85 2.90 70.91 17/18   31  2.37  24 3.87  1.92     2.96    2.88      2.73      3.23
                    accel>-5 45  2.95 2.78 3.02 66.67 17/18   27  2.26  18 3.99  1.57     2.87    2.36      2.72      3.21
                    accel>-2 42  2.85 2.68 3.02 66.67 16/17   25  2.34  17 3.60  1.38     2.76    2.21      2.60      3.05
                     accel>0 38  2.90 2.73 3.09 68.42 16/16   24  2.56  14 3.48  1.37     2.80    2.21      2.62      3.12
                     accel>2 34  2.88 2.71 2.87 67.65 15/15   24  2.56  10 3.66  1.16     2.77    2.21      2.56      3.13
                     accel>5 22  3.45 3.28 2.75 72.73 10/10   15  3.25   7 3.87  0.67     3.19    2.66      3.08      3.93
                    accel>10 17  4.19 4.02 2.70 70.59   9/9   13  3.36   4 6.88  0.57     3.69    3.01      3.52      5.08
     accel>0 same basis only 37  3.07 2.90 3.26 70.27 16/16   23  2.82  14 3.48  1.52     2.97    2.36      2.79      3.31
    accel>0 & L1 sales yoy>0 34  3.43 3.26 3.39 73.53 16/16   21  3.24  13 3.75  1.79     3.20    2.80      3.17      3.72
              L1 sales yoy>0 63  2.56 2.39 2.32 66.67 17/18   35  1.81  28 3.51  1.57     2.50    2.55      2.27      2.85
             L1 sales yoy>10 47  2.44 2.27 2.30 65.96 13/16   27  2.24  20 2.71  1.09     2.33    2.36      2.27      2.67
L1 sales yoy > median of S85 36  2.75 2.58 2.34 66.67 11/13   20  2.93  16 2.52  0.97     2.45    2.21      2.37      3.20
      accel>0 non-financials 36  2.91 2.74 3.02 69.44 16/16   23  2.83  13 3.04  1.30     2.80    2.21      2.61      3.14
     accel<=0 non-financials 31  1.73 1.56 1.22 64.52  7/11   17  0.27  14 3.49  0.17     0.88    1.93      0.88      2.24
          accel>0 financials  2  2.76 2.59 4.38 50.00   1/2    1 -3.71   1 9.23   NaN    -3.71    2.76     -3.71      9.23
         accel<=0 financials  4  0.84 0.67 0.48 50.00   2/4    2  0.80   2 0.88   NaN    -0.35    0.88     -0.35      2.05
                 S44 accel>0 24  3.39 3.22 3.56 83.33 15/16   14  3.42  10 3.35  1.33     3.24    2.80      2.99      3.70
                S44 accel<=0 13  2.37 2.20 1.77 76.92   6/7    5  1.47   8 2.94 -0.09     1.65    3.26      1.65      2.92

within-quarter permutation (known S85 rows): D = 1.27, two-sided p = 0.223, one-sided p (T mean >= observed among random same-size per-quarter picks from S85-known) = 0.127
vs random same-size per-quarter picks from all in_fo results: rule 2.90, random mean -0.14, p = 0.0001
vs random same-size per-quarter picks from the 85 lag-rule trades (incl. unknowns): random mean 2.33, p = 0.166

all other in_fo results, same quarters: accel>0 n=1155 mean -0.076; accel<=0 n=1242 mean -0.081
  first14: T -0.099  F 0.021
  last8: T -0.054  F -0.192
Bonferroni over the 11-split main family: 1.00; over 75 things: 1.00
