=== Placebo: quiet stock-days (no results in [k-10, k+20]); vsN_net %, buy close k, short Nifty; SE clustered by month ===
DISC (qn_prev<=13)   quiet W & RSI>50       n    610 H20 +0.37 (se 0.90) H60 +1.81 (se 1.89) ext +1.44 (se 1.42)
DISC (qn_prev<=13)   quiet W & RSI<=50      n    391 H20 +0.78 (se 0.64) H60 +0.99 (se 1.47) ext +0.21 (se 1.19)
DISC (qn_prev<=13)   quiet all winners      n   1001 H20 +0.53 (se 0.72) H60 +1.49 (se 1.49) ext +0.96 (se 1.14)
DISC (qn_prev<=13)   quiet non-W & RSI>50   n  31272 H20 +0.57 (se 0.28) H60 +1.68 (se 0.68) ext +1.11 (se 0.56)
DISC (qn_prev<=13)   all quiet days         n  53631 H20 +0.60 (se 0.25) H60 +1.72 (se 0.64) ext +1.12 (se 0.54)
HOLD (qn_prev>=14)   quiet W & RSI>50       n    216 H20 +0.34 (se 0.82) H60 -0.38 (se 1.58) ext -0.72 (se 1.36)
HOLD (qn_prev>=14)   quiet W & RSI<=50      n    329 H20 +1.29 (se 0.95) H60 +5.31 (se 1.76) ext +4.01 (se 1.23)
HOLD (qn_prev>=14)   quiet all winners      n    545 H20 +0.92 (se 0.71) H60 +3.05 (se 1.64) ext +2.14 (se 1.24)
HOLD (qn_prev>=14)   quiet non-W & RSI>50   n  17723 H20 +0.01 (se 0.30) H60 +0.87 (se 0.79) ext +0.86 (se 0.66)
HOLD (qn_prev>=14)   all quiet days         n  37628 H20 +0.56 (se 0.33) H60 +2.00 (se 0.83) ext +1.44 (se 0.63)
ALL                  quiet W & RSI>50       n    826 H20 +0.36 (se 0.70) H60 +1.24 (se 1.47) ext +0.88 (se 1.12)
ALL                  quiet W & RSI<=50      n    720 H20 +1.02 (se 0.56) H60 +2.96 (se 1.29) ext +1.95 (se 1.01)
ALL                  quiet all winners      n   1546 H20 +0.66 (se 0.53) H60 +2.04 (se 1.14) ext +1.38 (se 0.87)
ALL                  quiet non-W & RSI>50   n  48995 H20 +0.37 (se 0.22) H60 +1.39 (se 0.53) ext +1.02 (se 0.43)
ALL                  all quiet days         n  91259 H20 +0.58 (se 0.20) H60 +1.84 (se 0.51) ext +1.25 (se 0.41)

Thinned (first qualifying quiet day per stock per season):
DISC quiet W & RSI>50 thinned n 422 H20 +0.25 H60 +1.58 ext +1.34 (se 1.25); median ext -0.02
DISC all quiet thinned          n 1786 H20 +0.67 H60 +1.78 ext +1.11
HOLD quiet W & RSI>50 thinned n 168 H20 +0.60 H60 +0.69 ext +0.09 (se 1.54); median ext -2.24
HOLD all quiet thinned          n 1263 H20 +0.22 H60 +1.80 ext +1.58

Results side (same filter, same H20/H60 rule, own rebuild):
DISC results W & RSI>50 n 122 H20 +2.65 H60 +4.64 ext +1.99 | all results ext +1.43
HOLD results W & RSI>50 n 93 H20 +1.85 H60 +5.10 ext +3.25 | all results ext +1.39
