bonus/split actions used: 140
events max |three_day*100 - y|: 6.542781483176441e-05
lag raw vs returns-chain, |diff| > 0.5pp: 5 of 4448
in_fo events: 3278 mean 0.042

MY REBUILD: 44 trades; repo 44; common 44; only mine []; only repo []
rebuild with returns-chain lag: 44 common with repo 44
near-boundary in_fo events (lag -11..-9 w/ vol>=1.3, or vol 1.2..1.4 w/ lag<-10): 30
max |lag me - repo|: 0.0  max |vr me - repo|: 0.0
trades with demerger in prior ~21 sessions: 0 ; split_in_window in repo: 1

=== CANDIDATE + NEIGHBOURS (percent, gross; net = -0.17) ===
                 rule   n   mean    net     tp  tp_net    up%  median     q    f14  n14     l8  n8    xb5  x_bestq  loqo_min  qmean_t   worst   best
CAND lag<-10 vol>=1.3  44  2.767  2.597  3.003   2.833 77.273   2.944 16/18  2.573   24  3.000  20  1.529    2.674     2.517    4.294  -7.934 19.087
      lag<-8 vol>=1.0 124  1.589  1.419  1.705   1.535 58.871   1.831 17/21  0.954   70  2.413  54  1.033    1.550     1.331    2.890 -12.540 19.087
      lag<-8 vol>=1.2  76  1.741  1.571  2.114   1.944 61.842   1.646 15/20  1.034   41  2.568  35  0.843    1.678     1.494    2.388 -12.540 19.087
      lag<-8 vol>=1.3  59  1.993  1.823  2.428   2.258 66.102   1.928 15/20  1.716   32  2.321  27  0.920    1.911     1.793    3.057 -12.540 19.087
      lag<-8 vol>=1.4  50  2.224  2.054  2.019   1.849 68.000   1.994 12/15  1.936   28  2.590  22  0.962    1.851     1.851    2.461  -7.934 19.087
      lag<-8 vol>=1.5  43  2.432  2.262  1.858   1.688 67.442   1.895 11/14  2.342   23  2.536  20  0.965    2.014     2.014    1.399  -7.934 19.087
      lag<-9 vol>=1.0 103  1.949  1.779  2.095   1.925 63.107   2.060 18/20  1.243   58  2.858  45  1.312    1.905     1.675    3.532 -12.540 19.087
      lag<-9 vol>=1.2  64  1.928  1.758  2.383   2.213 65.625   1.911 16/19  1.292   35  2.697  29  0.958    1.694     1.694    3.038 -12.540 19.087
      lag<-9 vol>=1.3  51  2.120  1.950  2.638   2.468 70.588   2.361 17/19  1.756   28  2.562  23  0.999    2.027     1.902    3.622 -12.540 19.087
      lag<-9 vol>=1.4  43  2.362  2.192  2.250   2.080 72.093   2.361 14/15  1.933   25  2.958  18  1.038    2.166     2.075    3.151  -7.934 19.087
      lag<-9 vol>=1.5  36  2.638  2.468  2.102   1.932 72.222   2.144 11/13  2.399   20  2.937  16  1.059    2.417     2.315    2.174  -7.934 19.087
     lag<-10 vol>=1.0  85  2.132  1.962  2.144   1.974 63.529   2.002 18/19  1.650   51  2.856  34  1.364    2.081     1.895    4.257 -11.296 19.087
     lag<-10 vol>=1.2  54  2.510  2.340  2.751   2.581 70.370   2.210 16/18  1.842   30  3.344  24  1.401    2.264     2.264    3.738  -7.934 19.087
     lag<-10 vol>=1.4  38  2.670  2.500  2.543   2.373 76.316   2.790 12/14  2.198   22  3.319  16  1.192    2.463     2.368    3.224  -7.934 19.087
     lag<-10 vol>=1.5  32  3.046  2.876  2.442   2.272 78.125   2.944 10/12  2.812   18  3.346  14  1.309    2.823     2.720    2.407  -7.934 19.087
     lag<-11 vol>=1.0  67  2.214  2.044  2.181   2.011 64.179   1.895 16/17  2.004   38  2.490  29  1.230    1.926     1.926    3.913 -11.296 19.087
     lag<-11 vol>=1.2  42  2.463  2.293  2.820   2.650 69.048   1.831 12/15  2.090   23  2.914  19  0.987    2.010     2.010    2.244  -7.002 19.087
     lag<-11 vol>=1.3  35  2.718  2.548  3.040   2.870 74.286   2.060 12/15  2.775   19  2.649  16  1.100    2.196     2.196    2.631  -7.002 19.087
     lag<-11 vol>=1.4  31  2.835  2.665  2.708   2.538 74.194   2.060 10/13  2.554   18  3.224  13  0.991    2.254     2.254    2.238  -7.002 19.087
     lag<-11 vol>=1.5  28  3.361  3.191  2.679   2.509 78.571   2.648 10/12  3.480   15  3.224  13  1.390    2.795     2.795    2.397  -4.870 19.087
     lag<-12 vol>=1.0  56  2.258  2.088  1.905   1.735 66.071   1.831 15/17  2.187   32  2.352  24  1.106    1.912     1.912    3.548 -11.296 19.087
     lag<-12 vol>=1.2  36  2.773  2.603  2.803   2.633 72.222   1.831 12/15  2.669   20  2.903  16  1.144    2.274     2.274    2.830  -4.870 19.087
     lag<-12 vol>=1.3  30  3.028  2.858  3.064   2.894 76.667   2.497 12/15  3.375   17  2.574  13  1.316    2.454     2.454    3.027  -4.870 19.087
     lag<-12 vol>=1.4  26  3.216  3.046  2.671   2.501 76.923   2.497 10/13  3.163   16  3.299  10  1.223    2.571     2.571    2.619  -4.870 19.087
     lag<-12 vol>=1.5  24  3.451  3.281  2.763   2.593 79.167   2.974 10/12  3.560   14  3.299  10  1.310    2.789     2.789    2.248  -4.870 19.087
     lag<-15 vol>=1.0  32  2.706  2.536  2.815   2.645 68.750   1.978 10/11  3.080   16  2.331  16  0.683    2.345     2.345    3.230  -6.571 19.087
     lag<-15 vol>=1.2  23  3.198  3.028  3.516   3.346 73.913   2.060   8/9  3.117   12  3.287  11  0.603    2.750     2.750    3.929  -4.870 19.087
     lag<-15 vol>=1.3  20  3.141  2.971  3.506   3.336 75.000   2.497   7/9  3.992   10  2.290  10  0.548    2.603     2.603    2.959  -4.870 19.087
     lag<-15 vol>=1.4  17  3.667  3.497  3.201   3.031 76.471   2.935   6/8  3.992   10  3.204   7  0.645    3.127     3.127    2.891  -4.870 19.087
     lag<-15 vol>=1.5  16  3.768  3.598  3.126   2.956 75.000   2.974   6/8  4.206    9  3.204   7  0.517    3.209     3.209    1.976  -4.870 19.087
  lag<-10 vol 1.0-1.3  41  1.451  1.281  1.223   1.053 48.780  -0.172 10/16  0.830   27  2.651  14  0.031    1.257     1.123    1.793 -11.296 13.253
      lag<-10 vol<1.0 113 -0.459 -0.629 -0.283  -0.453 46.018  -0.503 11/21 -0.260   66 -0.739  47 -1.052   -0.495    -0.768   -0.627 -17.372 16.081
    lag>=-10 vol>=1.3 357  0.237  0.067  0.225   0.055 48.179  -0.108 12/22 -0.146  206  0.759 151 -0.053    0.166     0.097    0.025 -16.031 29.110
 lag -10..-5 vol>=1.3  49 -0.233 -0.403  0.248   0.078 42.857  -0.505  7/19 -0.593   27  0.209  22 -1.388   -0.454    -0.512   -1.010 -13.176 14.254

non-F&O events same rule: {'rule': 'nonFO', 'n': 19, 'mean': np.float64(1.6022581578947364), 'net': np.float64(1.4322581578947364), 'tp': np.float64(0.02336526315789434), 'tp_net': np.float64(-0.14663473684210568), 'up%': np.float64(52.63157894736842), 'median': np.float64(0.4035099999999998), 'q': '6/11', 'f14': np.float64(3.074438466666666), 'n14': np.int64(15), 'l8': np.float64(-3.918418), 'n8': np.int64(4), 'xb5': np.float64(-3.875714142857143), 'x_bestq': np.float64(0.5069936111111109), 'loqo_min': np.float64(0.10207088235294079), 'qmean_t': np.float64(0.661203882753758), 'worst': np.float64(-17.33086), 'best': np.float64(21.31702)}

=== per quarter (candidate) ===
            n  mean    tp  allfo_mean
qn quarter                           
0  Q4 FY21  2 -4.14  2.26        0.82
2  Q2 FY22  1  1.53  1.53       -0.84
3  Q3 FY22  3  6.19  5.65       -0.64
4  Q4 FY22  2 -1.06  0.10       -0.83
5  Q1 FY23  1  6.64  6.64        0.75
6  Q2 FY23  1  3.01  3.01        0.03
7  Q3 FY23  6  3.75  1.65       -0.16
8  Q4 FY23  2  0.12 -0.21        0.61
11 Q3 FY24  3  2.40  2.40        0.48
12 Q4 FY24  2  2.84  2.24        0.88
13 Q1 FY25  1  6.75  6.75        0.53
14 Q2 FY25  1  3.64  3.64       -1.12
15 Q3 FY25  7  3.10  3.74       -0.79
16 Q4 FY25  2  6.39  5.10        0.96
17 Q1 FY26  1  2.65  2.65       -0.56
18 Q2 FY26  1  6.43  6.43        0.67
19 Q3 FY26  7  1.64  1.90        0.18
21 Q1 FY27  1  1.30  8.97        0.17

top 8 trades:
    symbol quarter     cutoff  lag_me  vr_me     y
ADANIPORTS Q3 FY23 2023-02-03  -37.37   6.06 19.09
KALYANKJIL Q3 FY25 2025-01-28  -38.25   2.79 14.81
 TATAELXSI Q4 FY25 2025-04-16  -11.37   1.61 11.01
    NAUKRI Q3 FY22 2022-01-25  -17.68   2.50  8.75
BANKBARODA Q3 FY23 2023-02-01  -13.80   1.74  8.47
  PRESTIGE Q3 FY25 2025-01-28  -21.21   2.15  6.82
CUMMINSIND Q1 FY25 2024-08-02  -13.07   1.32  6.75
 ZYDUSLIFE Q1 FY23 2022-08-05  -10.53   1.38  6.64
distinct cutoff dates: 39 ; max trades on one cutoff: 2
distinct cutoff weeks: 31 ; largest week cluster: {Period('2023-01-30/2023-02-05', 'W-SUN'): 4, Period('2025-01-27/2025-02-02', 'W-SUN'): 3, Period('2026-01-19/2026-01-25', 'W-SUN'): 3}
mean minus same-quarter F&O mean: 2.793; mean minus Nifty 3-day: 2.131; Nifty 3-day avg in these windows 0.636

LUCK: random same-size per-quarter picks: mean -0.037, 99th pct 1.881, p(>= 2.767) = 0.00030
quarter-cluster bootstrap 95% CI of mean: [1.625 3.922]

PLACEBO (non-results F&O stock-days, same window span): all rows 122766 mean 0.233; signal rows 1688 mean 0.766
placebo month-cluster 95% CI: [0.042 1.458]
placebo first/last split at 2024-10-08 : 0.963 0.589
placebo de-overlapped (>=5 sessions apart per stock): 597 rows mean 0.934
  placebo lag<-10 vol>=1.0: 3243 rows mean 0.642
  placebo lag<-8 vol>=1.3: 2391 rows mean 0.753
  placebo lag<-12 vol>=1.3: 1169 rows mean 0.779
  placebo lag<-10 vol>=1.5: 1161 rows mean 0.927
event mean - placebo mean = 2.001, z ~ 2.91
