prereg.txt sha256 1c3d2ad204a3806b2469abd7a339841ab423c68fd9fa0b8eafcc28861580953f  logged 1c3d2ad204a3806b2469abd7a339841ab423c68fd9fa0b8eafcc28861580953f  match=True
tradable F&O results 3280; W 392 mean +1.447; WR 232 mean +2.418; ALL mean +0.420   [documented W 392 +1.45, WR 232 +2.42]
maxT: null 95th pct of max z over 35 tests 2.91; observed max z 4.08
quiet stock-days with complete 20-session outcome: 93988; quiet winners 1588; quiet RSI winners 849
quiet winners with rank_vsN_252 1588, dist_52wh 1588, vsSec_252 1568; quiet days with mean_drift_4 84336

REFERENCE (tradable F&O results, 20-session vsN_net):
  plain winners W      n= 392 mean +1.45  q+ 15/22  first14 +1.70  last8 +1.20
  winners RSI>50 WR    n= 232 mean +2.42  q+ 17/22  first14 +2.65  last8 +2.16
  all results          n=3280 mean +0.42  q+ 14/22  first14 +0.60  last8 +0.19
  quiet winners        n= 1588 mean +0.63 (month-clustered SE 0.52)
  quiet RSI winners    n=  849 mean +0.36 (month-clustered SE 0.68)
  all quiet days       n=93988 mean +0.56 (month-clustered SE 0.20)

ALL 35 PRE-REGISTERED TESTS (vsN_net = 20-session Nifty-hedged net %, gain = same-quarter difference vs parent)
| test | n (parent) | avg vsN_net | gain vs parent | q+ / q | d>0 q | first14 n, avg, gain | last8 n, avg, gain | w/o best5 avg, gain | luck p | Holm p | maxT p | placebo quiet n, gain | excess | verdict |
|---|---|---|---|---|---|---|---|---|---|---|---|---|---|---|
| W_REPEAT1 | 60 (381) | +1.13 | -0.26 | 12/20 | 11/20 | 23, +1.64, -0.20 | 37, +0.82, -0.29 | -0.34, -1.53 | 0.6156 | 1.000 | 1.000 | 193, +1.64 | -1.90 | NO (halves,Holm,placebo,w/o best 5) |
| W_REPEAT4 | 43 (345) | +2.20 | +0.33 | 13/17 | 9/17 | 16, +3.67, +1.30 | 27, +1.33, -0.25 | +0.50, -0.91 | 0.3665 | 1.000 | 1.000 | 146, +0.05 | +0.28 | NO (halves,Holm,w/o best 5) |
| W_FIRSTTIME4 | 187 (345) | +1.64 | -0.50 | 14/18 | 5/18 | 85, +2.57, -0.62 | 102, +0.87, -0.41 | +0.99, -1.04 | 0.9236 | 1.000 | 1.000 | 833, -0.30 | -0.20 | NO (halves,Holm,placebo,w/o best 5) |
| W_PREVWIN_RAN | 33 (381) | +2.51 | +0.50 | 11/17 | 8/17 | 13, +3.24, -0.31 | 20, +2.03, +1.03 | +0.05, -1.26 | 0.3420 | 1.000 | 1.000 | 62, +2.29 | -1.78 | NO (halves,Holm,placebo,w/o best 5) |
| W_DRIFT4_TOP | 189 (345) | +2.01 | +0.13 | 12/18 | 9/18 | 86, +3.16, +0.35 | 103, +1.06, -0.05 | +1.32, -0.38 | 0.3548 | 1.000 | 1.000 | 738, +0.18 | -0.04 | NO (halves,Holm,placebo,w/o best 5) |
| W_DRIFT4_BOT | 156 (345) | +1.64 | -0.16 | 13/18 | 9/18 | 59, +2.11, -0.51 | 97, +1.36, +0.05 | +0.97, -0.75 | 0.6475 | 1.000 | 1.000 | 648, -0.20 | +0.04 | NO (halves,Holm,w/o best 5) |
| W_MOM63_TOP | 280 (392) | +1.79 | +0.19 | 15/22 | 13/22 | 140, +2.02, -0.04 | 140, +1.57, +0.42 | +1.30, -0.17 | 0.1956 | 1.000 | 0.999 | 987, -0.01 | +0.20 | NO (halves,Holm,w/o best 5) |
| W_MOM63_BOT | 112 (392) | +0.58 | -0.48 | 12/20 | 8/20 | 52, +0.84, +0.10 | 60, +0.35, -0.98 | -0.20, -1.24 | 0.8083 | 1.000 | 1.000 | 601, +0.02 | -0.50 | NO (halves,Holm,placebo,w/o best 5) |
| W_MOM126_TOP | 270 (392) | +1.23 | -0.27 | 14/22 | 8/22 | 132, +1.41, -0.47 | 138, +1.06, -0.08 | +0.75, -0.66 | 0.8705 | 1.000 | 1.000 | 976, +0.15 | -0.43 | NO (halves,Holm,placebo,w/o best 5) |
| W_MOM126_BOT | 122 (392) | +1.93 | +0.60 | 14/21 | 14/21 | 60, +2.34, +1.04 | 62, +1.53, +0.19 | +1.00, -0.19 | 0.1272 | 1.000 | 0.855 | 612, -0.25 | +0.85 | NO (Holm,w/o best 5) |
| W_MOM252_TOP | 239 (392) | +1.63 | +0.14 | 15/22 | 10/22 | 120, +1.86, -0.03 | 119, +1.39, +0.30 | +1.05, -0.29 | 0.3173 | 1.000 | 1.000 | 963, +0.37 | -0.23 | NO (halves,Holm,placebo,w/o best 5) |
| W_MOM252_BOT | 153 (392) | +1.16 | -0.22 | 14/21 | 12/21 | 72, +1.43, +0.04 | 81, +0.93, -0.45 | +0.50, -0.83 | 0.6817 | 1.000 | 1.000 | 625, -0.57 | +0.35 | NO (halves,Holm,w/o best 5) |
| W_NEAR52H | 176 (392) | +2.42 | +0.60 | 13/22 | 11/22 | 101, +2.45, +0.08 | 75, +2.38, +1.29 | +1.71, +0.01 | 0.0568 | 1.000 | 1.000 | 547, -0.55 | +1.15 | NO (Holm) |
| W_FAR52H | 216 (392) | +0.65 | -0.49 | 12/22 | 11/22 | 91, +0.86, -0.09 | 125, +0.50, -0.77 | +0.11, -0.94 | 0.9436 | 1.000 | 1.000 | 1041, +0.29 | -0.78 | NO (halves,Holm,placebo,w/o best 5) |
| W_SEC252_UP | 255 (389) | +1.52 | -0.02 | 15/22 | 9/22 | 130, +1.71, -0.30 | 125, +1.32, +0.27 | +0.98, -0.43 | 0.5308 | 1.000 | 1.000 | 926, +0.24 | -0.26 | NO (halves,Holm,placebo,w/o best 5) |
| W_SEC252_DN | 134 (389) | +1.30 | +0.04 | 15/21 | 13/21 | 59, +1.68, +0.66 | 75, +1.01, -0.44 | +0.54, -0.67 | 0.4605 | 1.000 | 1.000 | 642, -0.35 | +0.39 | NO (halves,Holm,w/o best 5) |
| WR_REPEAT1 | 32 (224) | +3.04 | +0.22 | 14/16 | 8/16 | 13, +4.78, +1.23 | 19, +1.85, -0.47 | +0.84, -1.16 | 0.4214 | 1.000 | 1.000 | 122, +2.09 | -1.87 | NO (halves,Holm,placebo,w/o best 5) |
| WR_REPEAT4 | 28 (203) | +2.82 | -0.18 | 11/14 | 7/14 | 10, +5.40, +1.13 | 18, +1.39, -0.91 | +0.33, -1.98 | 0.5533 | 1.000 | 1.000 | 82, -0.06 | -0.12 | NO (n<30,halves,Holm,placebo,w/o best 5) |
| WR_FIRSTTIME4 | 104 (203) | +2.86 | -0.34 | 15/18 | 9/18 | 53, +3.69, -0.39 | 51, +2.00, -0.29 | +1.76, -1.15 | 0.7541 | 1.000 | 1.000 | 426, -0.13 | -0.21 | NO (halves,Holm,placebo,w/o best 5) |
| WR_PREVWIN_RAN | 19 (224) | +4.50 | +0.79 | 11/13 | 7/13 | 8, +6.10, +0.75 | 11, +3.34, +0.83 | +1.15, -1.15 | 0.3171 | 1.000 | 1.000 | 49, +2.10 | -1.30 | NO (n<30,Holm,placebo,w/o best 5) |
| WR_DRIFT4_TOP | 113 (203) | +2.85 | +0.06 | 13/18 | 9/18 | 57, +4.10, +0.32 | 56, +1.59, -0.21 | +1.71, -0.75 | 0.4491 | 1.000 | 1.000 | 431, +0.32 | -0.26 | NO (halves,Holm,placebo,w/o best 5) |
| WR_DRIFT4_BOT | 90 (203) | +2.85 | -0.07 | 15/17 | 9/17 | 36, +3.00, -0.51 | 54, +2.75, +0.22 | +1.79, -1.00 | 0.5473 | 1.000 | 1.000 | 297, -0.47 | +0.39 | NO (halves,Holm,w/o best 5) |
| WR_MOM63_TOP | 196 (232) | +2.69 | +0.21 | 17/22 | 12/22 | 107, +2.51, -0.18 | 89, +2.91, +0.68 | +2.00, -0.26 | 0.1514 | 1.000 | 0.983 | 703, -0.04 | +0.25 | NO (halves,Holm,w/o best 5) |
| WR_MOM63_BOT | 36 (232) | +0.95 | -1.15 | 9/15 | 5/15 | 15, +3.71, +1.30 | 21, -1.02, -2.89 | -1.02, -2.51 | 0.8533 | 1.000 | 1.000 | 146, +0.18 | -1.32 | NO (halves,Holm,placebo,w/o best 5) |
| WR_MOM126_TOP | 177 (232) | +2.04 | -0.35 | 16/21 | 7/21 | 93, +2.00, -0.70 | 84, +2.09, +0.03 | +1.34, -0.87 | 0.9206 | 1.000 | 1.000 | 644, +0.30 | -0.65 | NO (halves,Holm,placebo,w/o best 5) |
| WR_MOM126_BOT | 55 (232) | +3.63 | +1.14 | 13/18 | 12/18 | 29, +4.75, +2.24 | 26, +2.37, -0.09 | +1.72, -0.49 | 0.0809 | 1.000 | 0.866 | 205, -0.94 | +2.08 | NO (halves,Holm,w/o best 5) |
| WR_MOM252_TOP | 156 (232) | +2.69 | +0.10 | 16/22 | 9/22 | 82, +2.86, -0.28 | 74, +2.50, +0.52 | +1.84, -0.50 | 0.3739 | 1.000 | 1.000 | 607, +0.24 | -0.14 | NO (halves,Holm,placebo,w/o best 5) |
| WR_MOM252_BOT | 76 (232) | +1.86 | -0.21 | 15/19 | 11/19 | 40, +2.22, +0.57 | 36, +1.46, -1.07 | +0.68, -1.38 | 0.6184 | 1.000 | 1.000 | 242, -0.60 | +0.40 | NO (halves,Holm,w/o best 5) |
| WR_NEAR52H | 137 (232) | +2.61 | -0.07 | 14/21 | 8/21 | 81, +2.33, -0.70 | 56, +3.00, +0.84 | +1.69, -0.80 | 0.5804 | 1.000 | 1.000 | 496, -0.34 | +0.27 | NO (halves,Holm,w/o best 5) |
| WR_FAR52H | 95 (232) | +2.14 | +0.10 | 14/20 | 13/20 | 41, +3.28, +1.38 | 54, +1.28, -0.87 | +1.05, -0.78 | 0.4277 | 1.000 | 1.000 | 353, +0.47 | -0.37 | NO (halves,Holm,placebo,w/o best 5) |
| WR_SEC252_UP | 163 (231) | +2.36 | -0.24 | 16/22 | 7/22 | 89, +2.58, -0.55 | 74, +2.09, +0.14 | +1.53, -0.82 | 0.7965 | 1.000 | 1.000 | 581, +0.18 | -0.41 | NO (halves,Holm,placebo,w/o best 5) |
| WR_SEC252_DN | 68 (231) | +2.57 | +0.57 | 14/18 | 12/18 | 32, +2.86, +1.54 | 36, +2.31, -0.30 | +1.28, -0.69 | 0.2048 | 1.000 | 0.998 | 256, -0.40 | +0.96 | NO (halves,Holm,w/o best 5) |
| S1_DRIFT4_Q5 | 569 (2804) | +1.80 | +1.11 | 13/18 | 14/18 | 270, +2.88, +1.66 | 299, +0.81, +0.62 | +1.52, +0.85 | 0.0000 | 0.002 | 0.001 | 17144, +0.07 | +1.04 | WORKS |
| S2_DRIFT4_Q1 | 569 (2804) | -0.88 | +0.18 | 5/18 | 11/18 | 270, -1.77, -0.17 | 299, -0.08, +0.49 | -1.05, +0.03 | 0.2449 | 1.000 | 1.000 | 17180, +0.02 | +0.16 | NO (halves,Holm,w/o best 5) |
| S3_CONSIST_DRIFT | 938 (2804) | +1.17 | +0.41 | 12/18 | 12/18 | 501, +1.90, +0.53 | 437, +0.34, +0.26 | +1.00, +0.23 | 0.0136 | 0.464 | 0.326 | 18406, -0.02 | +0.42 | WATCH (Holm) |

DIAGNOSTICS (descriptive; cannot change a verdict)
                 diag             test   n  mean_vsN_net  d_par  d_f14  d_l8
       D1_at_cutoff_A    W_MOM63_TOP_A 207          1.92   0.28   0.09  0.47
       D1_at_cutoff_A    W_MOM63_BOT_A 185          0.92  -0.31  -0.10 -0.52
       D1_at_cutoff_A   W_MOM126_TOP_A 210          1.46   0.22  -0.06  0.45
       D1_at_cutoff_A   W_MOM126_BOT_A 182          1.43  -0.25   0.06 -0.59
       D1_at_cutoff_A   W_MOM252_TOP_A 205          1.94   0.42   0.46  0.38
       D1_at_cutoff_A   W_MOM252_BOT_A 187          0.90  -0.46  -0.52 -0.41
       D1_at_cutoff_A      W_NEAR52H_A  94          2.55   0.46  -0.23  1.49
       D1_at_cutoff_A       W_FAR52H_A 298          1.10  -0.15   0.09 -0.35
       D1_at_cutoff_A    W_SEC252_UP_A 214          1.66   0.16   0.01  0.30
       D1_at_cutoff_A    W_SEC252_DN_A 175          1.18  -0.19  -0.02 -0.34
       D1_at_cutoff_A   WR_MOM63_TOP_A 147          2.70   0.15  -0.22  0.54
       D1_at_cutoff_A   WR_MOM63_BOT_A  85          1.92  -0.26   0.37 -0.99
       D1_at_cutoff_A  WR_MOM126_TOP_A 143          2.14   0.07  -0.29  0.41
       D1_at_cutoff_A  WR_MOM126_BOT_A  89          2.87  -0.11   0.39 -0.82
       D1_at_cutoff_A  WR_MOM252_TOP_A 134          2.93   0.29   0.01  0.62
       D1_at_cutoff_A  WR_MOM252_BOT_A  98          1.72  -0.40  -0.01 -0.83
       D1_at_cutoff_A     WR_NEAR52H_A  91          2.60  -0.25  -0.81  0.64
       D1_at_cutoff_A      WR_FAR52H_A 141          2.30   0.16   0.69 -0.30
       D1_at_cutoff_A   WR_SEC252_UP_A 139          2.49  -0.11  -0.43  0.27
       D1_at_cutoff_A   WR_SEC252_DN_A  92          2.31   0.17   0.72 -0.36
D2_XN_tercile_control     S1_DRIFT4_Q5 569          1.80   1.11   1.62  0.65
D2_XN_tercile_control S3_CONSIST_DRIFT 938          1.17   0.42   0.50  0.32

VERDICT COUNTS: {'NO': 33, 'WORKS': 1, 'WATCH': 1}
Tests with raw luck p < 0.05:             test   n  mean_vsN_net  d_par  luck_p  holm_p  p_maxT  placebo_excess verdict fails
    S1_DRIFT4_Q5 569        1.7964 1.1144  0.0000  0.0017  0.0009          1.0395   WORKS      
S3_CONSIST_DRIFT 938        1.1744 0.4055  0.0136  0.4641  0.3263          0.4230   WATCH  Holm
