sessions 2697  2015-11-09 .. 2026-09-30
returns (2697, 213)  index_close (2697, 205)  events (4462, 43)
in_fo blanks filled True: 2
F&O events 3280; reaction excess non-blank 3280
  index Nifty 500                    first 2015-11-09  blanks since 2021 0  first valid since 2021 2021-01-01
  index Nifty Auto                   first 2015-11-09  blanks since 2021 0  first valid since 2021 2021-01-01
  index Nifty Bank                   first 2015-11-09  blanks since 2021 0  first valid since 2021 2021-01-01
  index Nifty Commodities            first 2015-11-09  blanks since 2021 0  first valid since 2021 2021-01-01
  index Nifty Consumer Durables      first 2016-07-07  blanks since 2021 0  first valid since 2021 2021-01-01
  index Nifty Energy                 first 2015-11-09  blanks since 2021 0  first valid since 2021 2021-01-01
  index Nifty FMCG                   first 2015-11-09  blanks since 2021 0  first valid since 2021 2021-01-01
  index Nifty Financial Services     first 2015-11-09  blanks since 2021 0  first valid since 2021 2021-01-01
  index Nifty IT                     first 2015-11-09  blanks since 2021 0  first valid since 2021 2021-01-01
  index Nifty India Consumption      first 2015-11-09  blanks since 2021 0  first valid since 2021 2021-01-01
  index Nifty India Defence          first 2022-01-19  blanks since 2021 260  first valid since 2021 2022-01-19
  index Nifty India Digital          first 2016-07-07  blanks since 2021 234  first valid since 2021 2021-12-14
  index Nifty India Manufacturing    first 2016-07-07  blanks since 2021 154  first valid since 2021 2021-08-17
  index Nifty Infrastructure         first 2015-11-09  blanks since 2021 0  first valid since 2021 2021-01-01
  index Nifty Metal                  first 2015-11-09  blanks since 2021 0  first valid since 2021 2021-01-01
  index Nifty Oil & Gas              first 2016-07-07  blanks since 2021 0  first valid since 2021 2021-01-01
  index Nifty Pharma                 first 2015-11-09  blanks since 2021 0  first valid since 2021 2021-01-01
  index Nifty Services Sector        first 2015-11-09  blanks since 2021 0  first valid since 2021 2021-01-01
  index Nifty 50                     first 2015-11-09  blanks since 2021 0  first valid since 2021 2021-01-01
F&O events per qn: 98 117 125 132 131 134 133 133 134 134 132 135 135 135 134 172 178 191 191 196 204 206
A1 variants with trades 60 (pre-registered 60); A2 8 (8)   0s
P1 done 11s
P2 done 19s
B done 29s; rebalances 22, eligible sectors per rebalance [8, 9, 13, 14, 12, 11, 14, 14, 14, 12, 14, 13, 13, 14, 14, 15, 15, 15, 15, 16, 16, 16]

=== A1 (holding-period) ===
   grouping     T  side    inst   H  trades  legs  avg_raw_net  avg_vsn_net  avg_vss_net  pct_win  nq  perq_avg    t_q  t_dates  first14  last8     q_pos  P1_mean   P1_p  P2_mean   P2_p  promising
0       SEC  0.02     1     REP   5      59   252        0.101        0.012       -0.117   45.763  22    -0.313 -0.781    0.140    0.058 -0.961  10 of 22    0.011  0.860   -0.062  0.878      False
1       SEC  0.02     1     REP  10      59   252        0.477       -0.042       -0.135   45.763  22    -0.517 -0.984   -0.083   -0.221 -1.033  10 of 22    0.196  0.972    0.109  0.992      False
2       SEC  0.02     1     REP  20      59   252        1.169        0.901        0.228   49.153  22     0.554  0.652    1.552    1.019 -0.259  11 of 22    0.838  0.722    0.637  0.585      False
3       SEC  0.02     1  NOTREP   5      49   367       -0.114       -0.218       -0.332   48.980  21     0.395  0.695   -0.182    0.544  0.152  12 of 21   -0.010  0.128    0.266  0.418      False
4       SEC  0.02     1  NOTREP  10      49   367       -0.034       -0.669       -0.706   42.857  21    -0.089 -0.109   -0.980    0.175 -0.518  11 of 21    0.175  0.722    0.028  0.602      False
5       SEC  0.02     1  NOTREP  20      49   367        0.514       -0.039       -0.560   44.898  21     0.860  1.223    0.238    1.124  0.432  12 of 21    0.223  0.150    1.316  0.795      False
6       SEC  0.02     1     IDX   5      59     0       -0.076       -0.166          NaN   42.373  22    -0.134 -0.454   -0.663    0.113 -0.566   8 of 22   -0.136  0.482   -0.101  0.550      False
7       SEC  0.02     1     IDX  10      59     0        0.318       -0.201          NaN   42.373  22    -0.300 -0.824   -0.666   -0.018 -0.794  10 of 22   -0.063  0.748    0.064  0.938      False
8       SEC  0.02     1     IDX  20      59     0        0.647        0.379          NaN   52.542  22     0.512  1.203    1.215    0.658  0.255  14 of 22   -0.045  0.122    0.574  0.612      False
9       SEC  0.03     1     REP   5      25    98        0.155        0.262       -0.111   56.000  16     0.592  1.303    0.805    1.087  0.098   9 of 16   -0.025  0.078    0.102  0.032      False
10      SEC  0.03     1     REP  10      25    98       -0.064       -0.039        0.108   44.000  16     0.120  0.225   -0.048    0.627 -0.386   9 of 16    0.202  0.542    0.133  0.522      False
11      SEC  0.03     1     REP  20      25    98        0.787        1.556        1.151   52.000  16     2.022  1.824    1.659    3.194  0.850  10 of 16    0.937  0.055    0.363  0.000      False
12      SEC  0.03     1  NOTREP   5      19   149       -0.226       -0.113       -0.611   47.368  12     0.790  0.882    0.348    2.321 -0.741   6 of 12    0.002  0.062    0.840  0.520      False
13      SEC  0.03     1  NOTREP  10      19   149       -0.902       -0.909       -0.699   42.105  12    -0.183 -0.142   -0.637    2.383 -2.749   6 of 12    0.223  0.728    0.552  0.892      False
14      SEC  0.03     1  NOTREP  20      19   149       -1.718       -0.764       -0.979   42.105  12     0.552  0.361   -0.266    2.795 -1.691   6 of 12    0.230  0.365    0.904  0.685      False
15      SEC  0.03     1     IDX   5      25     0       -0.026        0.081          NaN   60.000  16     0.241  0.664    0.547    0.905 -0.423  10 of 16   -0.151  0.150    0.121  0.338      False
16      SEC  0.03     1     IDX  10      25     0       -0.464       -0.439          NaN   36.000  16    -0.196 -0.459   -1.088    0.773 -1.166   6 of 16   -0.053  0.600    0.190  0.865      False
17      SEC  0.03     1     IDX  20      25     0       -0.656        0.113          NaN   48.000  16     0.603  0.770    0.395    1.692 -0.485   8 of 16   -0.067  0.188    0.303  0.195      False
18      SEC  0.02    -1     REP   5      88   330       -0.832       -0.404       -0.140   38.636  21    -0.300 -1.282   -1.473   -0.430 -0.088  10 of 21   -0.180  0.695   -0.075  0.872      False
19      SEC  0.02    -1     REP  10      88   330       -1.148       -0.250       -0.355   48.864  21     0.101  0.179   -0.482    0.389 -0.368   9 of 21   -0.277  0.112    0.124  0.562      False
20      SEC  0.02    -1     REP  20      88   330       -0.892       -0.620       -0.506   44.318  21    -0.290 -0.372   -1.310   -0.353 -0.187   7 of 21   -0.552  0.252   -0.152  0.742      False
21      SEC  0.02    -1  NOTREP   5      69   448       -0.973       -0.691       -0.511   36.232  21    -0.649 -2.152   -2.025   -0.877 -0.277   6 of 21   -0.486  0.718   -0.249  0.858      False
22      SEC  0.02    -1  NOTREP  10      69   448       -1.584       -0.705       -0.905   43.478  21    -0.358 -0.639   -1.426   -0.220 -0.582  10 of 21   -0.742  0.158    0.415  0.985      False
23      SEC  0.02    -1  NOTREP  20      69   448       -1.255       -0.888       -0.984   42.029  21    -0.310 -0.345   -1.482   -0.093 -0.663  10 of 21   -0.743  0.188   -0.114  0.718      False
24      SEC  0.02    -1     IDX   5      88     0       -0.998       -0.569          NaN   31.818  21    -0.556 -3.531   -3.236   -0.536 -0.589   5 of 21   -0.281  0.880   -0.013  1.000      False
25      SEC  0.02    -1     IDX  10      88     0       -1.099       -0.201          NaN   39.773  21    -0.046 -0.131   -0.603    0.182 -0.415  10 of 21   -0.394  0.122    0.263  0.972      False
26      SEC  0.02    -1     IDX  20      88     0       -0.692       -0.420          NaN   43.182  21    -0.155 -0.290   -1.185   -0.070 -0.294   9 of 21   -0.397  0.260    0.103  0.950      False
27      SEC  0.03    -1     REP   5      37   131       -1.158       -0.708       -0.447   29.730  18    -0.314 -0.634   -1.736   -0.067 -0.702   5 of 18   -0.127  0.692   -0.206  0.582      False
28      SEC  0.03    -1     REP  10      37   131       -1.068       -0.274       -0.458   48.649  18     0.126  0.144   -0.410    0.901 -1.092  10 of 18   -0.247  0.212    0.019  0.400      False
29      SEC  0.03    -1     REP  20      37   131       -0.848       -0.299       -0.229   54.054  18     0.247  0.242   -0.414    0.274  0.205   8 of 18   -0.473  0.142   -0.351  0.082      False
30      SEC  0.03    -1  NOTREP   5      30   174       -1.247       -0.928       -0.863   36.667  18    -0.501 -0.851   -1.570   -0.655 -0.258   8 of 18   -0.492  0.510   -0.608  0.402      False
31      SEC  0.03    -1  NOTREP  10      30   174       -1.768       -1.016       -1.505   40.000  18    -0.724 -0.862   -1.354    0.037 -1.921   6 of 18   -0.802  0.460   -0.373  0.732      False
32      SEC  0.03    -1  NOTREP  20      30   174       -2.334       -1.898       -2.375   30.000  18    -1.589 -1.300   -2.110   -0.863 -2.731   6 of 18   -0.733  0.870   -1.375  0.635      False
33      SEC  0.03    -1     IDX   5      37     0       -1.034       -0.585          NaN   32.432  18    -0.397 -1.721   -1.793   -0.339 -0.490   6 of 18   -0.270  0.652   -0.077  0.812      False
34      SEC  0.03    -1     IDX  10      37     0       -0.934       -0.139          NaN   37.838  18     0.116  0.217   -0.209    0.404 -0.337   8 of 18   -0.407  0.120    0.291  0.722      False
35      SEC  0.03    -1     IDX  20      37     0       -0.942       -0.394          NaN   37.838  18     0.261  0.391   -0.577    0.120  0.482   7 of 18   -0.405  0.122    0.202  0.432      False
36     PEER  0.02     1     REP   5      33   159        0.031        0.018       -0.076   42.424  20     0.328  0.518    0.039    0.912 -0.547   9 of 20    0.010  0.170   -0.004  0.165      False
37     PEER  0.02     1     REP  10      33   159        0.066       -0.070       -0.183   42.424  20     0.090  0.147   -0.122    0.645 -0.743   9 of 20    0.191  0.592   -0.177  0.258      False
38     PEER  0.02     1     REP  20      33   159        0.989        1.035        0.292   51.515  20     1.105  1.407    1.363    1.258  0.875  10 of 20    0.797  0.302    0.342  0.022      False
39     PEER  0.02     1  NOTREP   5      27   185       -0.088       -0.140       -0.261   51.852  18     0.167  0.250   -0.225    1.371 -1.339   9 of 18    0.005  0.330    0.078  0.442      False
40     PEER  0.02     1  NOTREP  10      27   185        0.180       -0.054       -0.195   48.148  18     0.097  0.112   -0.068    1.482 -1.635   9 of 18    0.152  0.552   -0.169  0.305      False
41     PEER  0.02     1  NOTREP  20      27   185        0.164        0.159       -0.677   51.852  18     0.027  0.035    0.195    0.913 -1.080   7 of 18    0.172  0.558    0.164  0.588      False
42     PEER  0.02    -1     REP   5      60   237       -0.333       -0.022       -0.092   46.667  21     0.242  0.759    0.125   -0.022  0.670  11 of 21   -0.154  0.108    0.271  0.530      False
43     PEER  0.02    -1     REP  10      60   237       -0.421        0.464        0.122   50.000  21     0.967  1.678    1.309    1.165  0.644  13 of 21   -0.261  0.000    0.502  0.048      False
44     PEER  0.02    -1     REP  20      60   237       -1.223       -0.103       -0.023   50.000  21     0.712  0.891   -0.019    0.467  1.110  11 of 21   -0.507  0.002    0.437  0.208      False
45     PEER  0.02    -1  NOTREP   5      54   337       -0.380       -0.121       -0.235   46.296  21     0.166  0.326   -0.235    0.030  0.388  10 of 21   -0.497  0.045    0.028  0.398      False
46     PEER  0.02    -1  NOTREP  10      54   337       -0.568        0.289       -0.324   50.000  21     0.760  1.022    0.604    1.286 -0.095  13 of 21   -0.812  0.000    0.815  0.540      False
47     PEER  0.02    -1  NOTREP  20      54   337       -1.097        0.195        0.091   50.000  21     0.938  0.979    0.268    1.629 -0.185  12 of 21   -0.838  0.005    0.543  0.142      False
48     PEER  0.03    -1     REP   5      24    97       -0.571       -0.279       -0.460   33.333  14     0.381  0.645   -0.632    0.094  0.898   7 of 14   -0.109  0.155    0.249  0.422      False
49     PEER  0.03    -1     REP  10      24    97       -0.472        0.351       -0.349   50.000  14     1.218  1.323    0.552    1.164  1.316   8 of 14   -0.253  0.010    0.755  0.200      False
50     PEER  0.03    -1     REP  20      24    97        0.077        0.546        0.449   58.333  14     1.556  1.426    0.601    1.388  1.859   9 of 14   -0.394  0.010    0.864  0.118      False
51     PEER  0.03    -1  NOTREP   5      19   122       -1.209       -0.951       -1.144   31.579  14    -0.364 -0.445   -1.294   -0.627  0.109   5 of 14   -0.528  0.400   -0.624  0.325      False
52     PEER  0.03    -1  NOTREP  10      19   122       -1.872       -1.207       -2.190   31.579  14    -0.313 -0.286   -1.199    0.100 -1.058   5 of 14   -0.942  0.182   -0.109  0.610      False
53     PEER  0.03    -1  NOTREP  20      19   122       -2.330       -1.587       -2.048   36.842  14    -0.598 -0.424   -1.198    0.553 -2.669   5 of 14   -0.878  0.358   -0.653  0.470      False
54     PEER  0.03     1     REP   5      12    51        0.454        0.518        0.190   66.667  11     0.403  0.608    0.807    0.551  0.226   7 of 11   -0.007  0.228   -0.009  0.152      False
55     PEER  0.03     1     REP  10      12    51       -0.670       -0.017        0.034   58.333  11    -0.195 -0.236   -0.021    0.675 -1.239   6 of 11    0.203  0.725   -0.283  0.418      False
56     PEER  0.03     1     REP  20      12    51        1.460        2.726        1.882   66.667  11     2.419  1.766    2.115    2.788  1.976   7 of 11    0.904  0.052    0.712  0.000      False
57     PEER  0.03     1  NOTREP   5       9    71        1.744        1.768        1.457   66.667   8     1.701  1.620    1.771    2.596  0.807    5 of 8    0.003  0.010    1.027  0.212      False
58     PEER  0.03     1  NOTREP  10       9    71        0.683        1.146        1.358   66.667   8     1.098  0.644    0.750    2.827 -0.631    6 of 8    0.232  0.138    0.239  0.148      False
59     PEER  0.03     1  NOTREP  20       9    71        0.022        1.481        0.864   55.556   8     1.026  0.670    0.945    1.772  0.280    4 of 8    0.116  0.195   -0.431  0.030      False

=== A2 (3-day window) ===
  grouping     T  side     inst  H  trades  avg_raw_net  avg_vsn_net  avg_vss_net  pct_win  nq  perq_avg    t_q  t_dates  first14  last8    q_pos q_ge2_raw  max_q_raw  P1_mean   P1_p  promising
0      SEC  0.02     1  STOCK3D  3     139       -0.673       -0.628       -0.506   48.921  21    -1.511 -1.445   -1.157   -0.397 -3.321  8 of 21   5 of 21      5.706   -0.469  0.978      False
1      SEC  0.03     1  STOCK3D  3      41       -0.956       -0.668       -0.729   48.780  12    -2.168 -1.304   -0.701    0.817 -5.152  5 of 12   2 of 12      4.778   -0.481  0.988      False
2      SEC  0.02    -1  STOCK3D  3     187       -0.771       -0.687       -0.898   45.455  21    -1.162 -1.550   -1.651   -0.788 -1.771  7 of 21   1 of 21      6.798   -0.546  0.932      False
3      SEC  0.03    -1  STOCK3D  3      45       -1.028       -1.198       -1.400   37.778  14    -1.510 -1.945   -1.940   -1.100 -2.250  4 of 14   1 of 14      5.027   -0.663  0.888      False
4     PEER  0.02     1  STOCK3D  3      79       -0.912       -0.626       -0.481   48.101  16    -1.309 -0.986   -0.898    0.962 -4.230  7 of 16   3 of 16      5.706   -0.530  0.882      False
5     PEER  0.02    -1  STOCK3D  3     145       -1.058       -0.872       -1.152   44.138  20    -1.363 -2.578   -1.421   -1.409 -1.279  5 of 20   1 of 20      5.621   -0.683  0.890      False
6     PEER  0.03    -1  STOCK3D  3      31       -1.321       -1.364       -1.322   38.710  12    -2.183 -1.994   -2.228   -1.044 -4.460  3 of 12   1 of 12      5.027   -0.883  0.912      False
7     PEER  0.03     1  STOCK3D  3      26       -0.205        0.139        0.338   46.154   7    -2.790 -1.047   -0.003   -0.705 -5.570   3 of 7    2 of 7      2.940   -0.542  0.980      False

=== B (rotation) ===
           score inst     H     leg  trades  avg_raw_net  avg_vsn_net  avg_vss_net  pct_win  nq  perq_avg    t_q  first14  last8     q_pos  P_mean  P_95pct    P_p  promising
0       S1_react  IDX   H20    TOP3      22        0.614       -0.101          NaN   45.455  22    -0.101 -0.249   -0.200  0.072  10 of 22  -0.027    0.550  0.587      False
1       S1_react  IDX   H20  SPREAD      22       -0.641       -0.641          NaN   36.364  22    -0.641 -1.512   -0.716 -0.511   8 of 22  -0.294    0.654  0.724      False
2       S1_react  BSK   H20    TOP3      22        0.876        0.161       -0.051   45.455  22     0.161  0.258    0.365 -0.197  10 of 22   0.338    1.043  0.656      False
3       S1_react  BSK   H20  SPREAD      22       -0.597       -0.597          NaN   50.000  22    -0.597 -0.853   -0.308 -1.104  11 of 22  -0.324    0.798  0.658      False
4       S1_react  IDX   H40    TOP3      21        2.139        0.114          NaN   57.143  21     0.114  0.197   -0.189  0.722  12 of 21   0.266    1.067  0.634      False
5       S1_react  IDX   H40  SPREAD      21       -1.308       -1.308          NaN   28.571  21    -1.308 -1.805   -1.447 -1.031   6 of 21  -0.277    1.009  0.910      False
6       S1_react  BSK   H40    TOP3      21        3.024        1.000        0.574   61.905  21     1.000  1.165    0.574  1.851  13 of 21   0.837    1.824  0.394      False
7       S1_react  BSK   H40  SPREAD      21       -0.181       -0.181          NaN   52.381  21    -0.181 -0.179   -0.509  0.476  11 of 21  -0.294    1.295  0.470      False
8       S1_react  IDX  NEXT    TOP3      21        2.946        0.508          NaN   47.619  21     0.508  0.490    0.791 -0.057  10 of 21   0.637    1.762  0.580      False
9       S1_react  IDX  NEXT  SPREAD      21       -1.563       -1.563          NaN   42.857  21    -1.563 -1.311   -0.708 -3.271   9 of 21  -0.256    1.565  0.884      False
10      S1_react  BSK  NEXT    TOP3      21        3.950        1.512        0.692   61.905  21     1.512  1.325    1.692  1.154  13 of 21   1.303    2.718  0.396      False
11      S1_react  BSK  NEXT  SPREAD      21       -0.237       -0.237          NaN   52.381  21    -0.237 -0.161    0.340 -1.390  11 of 21  -0.253    1.997  0.482      False
12     S2_patyoy  IDX   H20    TOP3      22        0.938        0.223          NaN   50.000  22     0.223  0.559    0.440 -0.155  11 of 22  -0.053    0.551  0.216      False
13     S2_patyoy  IDX   H20  SPREAD      22        0.018        0.018          NaN   50.000  22     0.018  0.039    0.272 -0.427  11 of 22  -0.313    0.675  0.270      False
14     S2_patyoy  BSK   H20    TOP3      22        1.539        0.824        0.315   59.091  22     0.824  1.130    1.572 -0.485  13 of 22   0.308    0.986  0.111      False
15     S2_patyoy  BSK   H20  SPREAD      22        0.186        0.186          NaN   45.455  22     0.186  0.271    1.009 -1.254  10 of 22  -0.353    0.767  0.218      False
16     S2_patyoy  IDX   H40    TOP3      21        2.569        0.544          NaN   71.429  21     0.544  0.912    0.844 -0.056  15 of 21   0.239    1.079  0.271      False
17     S2_patyoy  IDX   H40  SPREAD      21        0.762        0.762          NaN   52.381  21     0.762  0.990    1.219 -0.152  11 of 21  -0.323    1.019  0.094      False
18     S2_patyoy  BSK   H40    TOP3      21        2.867        0.842        0.010   61.905  21     0.842  1.260    1.620 -0.714  13 of 21   0.794    1.833  0.468      False
19     S2_patyoy  BSK   H40  SPREAD      21        0.070        0.070          NaN   52.381  21     0.070  0.079    0.972 -1.735  11 of 21  -0.366    1.261  0.334      False
20     S2_patyoy  IDX  NEXT    TOP3      21        3.722        1.284          NaN   57.143  21     1.284  2.119    1.705  0.443  12 of 21   0.577    1.749  0.154      False
21     S2_patyoy  IDX  NEXT  SPREAD      21        1.695        1.695          NaN   66.667  21     1.695  1.687    2.388  0.309  14 of 21  -0.351    1.534  0.038      False
22     S2_patyoy  BSK  NEXT    TOP3      21        3.444        1.007       -0.565   61.905  21     1.007  1.000    1.720 -0.419  13 of 21   1.226    2.664  0.591      False
23     S2_patyoy  BSK  NEXT  SPREAD      21       -0.154       -0.154          NaN   47.619  21    -0.154 -0.122    0.755 -1.972  10 of 21  -0.392    1.880  0.436      False
24   S3_salesyoy  IDX   H20    TOP3      22        0.624       -0.091          NaN   50.000  22    -0.091 -0.263    0.188 -0.579  11 of 22  -0.036    0.534  0.575      False
25   S3_salesyoy  IDX   H20  SPREAD      22       -0.161       -0.161          NaN   50.000  22    -0.161 -0.228    0.162 -0.726  11 of 22  -0.289    0.654  0.422      False
26   S3_salesyoy  BSK   H20    TOP3      22        0.798        0.083       -0.102   45.455  22     0.083  0.136    0.545 -0.725  10 of 22   0.317    1.042  0.719      False
27   S3_salesyoy  BSK   H20  SPREAD      22       -0.069       -0.069          NaN   54.545  22    -0.069 -0.078    0.403 -0.895  12 of 22  -0.330    0.838  0.342      False
28   S3_salesyoy  IDX   H40    TOP3      21        2.005       -0.020          NaN   33.333  21    -0.020 -0.039    0.209 -0.477   7 of 21   0.261    1.046  0.721      False
29   S3_salesyoy  IDX   H40  SPREAD      21       -0.410       -0.410          NaN   42.857  21    -0.410 -0.426   -0.368 -0.493   9 of 21  -0.268    1.069  0.568      False
30   S3_salesyoy  BSK   H40    TOP3      21        2.339        0.314        0.061   52.381  21     0.314  0.440    0.589 -0.236  11 of 21   0.816    1.850  0.797      False
31   S3_salesyoy  BSK   H40  SPREAD      21       -0.326       -0.326          NaN   52.381  21    -0.326 -0.267   -0.130 -0.718  11 of 21  -0.305    1.413  0.500      False
32   S3_salesyoy  IDX  NEXT    TOP3      21        1.931       -0.506          NaN   33.333  21    -0.506 -0.742   -0.761  0.003   7 of 21   0.607    1.738  0.942      False
33   S3_salesyoy  IDX  NEXT  SPREAD      21       -2.346       -2.346          NaN   38.095  21    -2.346 -1.550   -2.942 -1.155   8 of 21  -0.284    1.643  0.962      False
34   S3_salesyoy  BSK  NEXT    TOP3      21        1.827       -0.610       -0.377   42.857  21    -0.610 -0.614   -0.521 -0.788   9 of 21   1.246    2.665  0.988      False
35   S3_salesyoy  BSK  NEXT  SPREAD      21       -2.770       -2.770          NaN   47.619  21    -2.770 -1.584   -3.011 -2.287  10 of 21  -0.317    1.966  0.962      False
36  S4_composite  IDX   H20    TOP3      22        1.072        0.357          NaN   50.000  22     0.357  0.915    0.364  0.343  11 of 22  -0.031    0.560  0.128      False
37  S4_composite  IDX   H20  SPREAD      22        0.248        0.248          NaN   59.091  22     0.248  0.435    0.560 -0.297  13 of 22  -0.268    0.661  0.180      False
38  S4_composite  BSK   H20    TOP3      22        1.575        0.860        0.209   59.091  22     0.860  1.255    1.375 -0.041  13 of 22   0.315    1.003  0.098      False
39  S4_composite  BSK   H20  SPREAD      22        0.177        0.177          NaN   63.636  22     0.177  0.212    1.131 -1.493  14 of 22  -0.319    0.843  0.232      False
40  S4_composite  IDX   H40    TOP3      21        2.459        0.435          NaN   47.619  21     0.435  0.734    0.428  0.447  10 of 21   0.234    1.034  0.340      False
41  S4_composite  IDX   H40  SPREAD      21        0.411        0.411          NaN   52.381  21     0.411  0.503    0.616 -0.001  11 of 21  -0.307    0.985  0.190      False
42  S4_composite  BSK   H40    TOP3      21        3.306        1.281        0.554   57.143  21     1.281  1.704    1.501  0.840  12 of 21   0.774    1.778  0.192      False
43  S4_composite  BSK   H40  SPREAD      21        0.407        0.407          NaN   52.381  21     0.407  0.485    1.138 -1.057  11 of 21  -0.375    1.217  0.218      False
44  S4_composite  IDX  NEXT    TOP3      21        3.588        1.151          NaN   61.905  21     1.151  1.632    1.497  0.458  13 of 21   0.575    1.688  0.194      False
45  S4_composite  IDX  NEXT  SPREAD      21        0.021        0.021          NaN   52.381  21     0.021  0.021    0.374 -0.685  11 of 21  -0.345    1.563  0.359      False
46  S4_composite  BSK  NEXT    TOP3      21        3.996        1.559        0.116   57.143  21     1.559  1.386    1.824  1.028  12 of 21   1.198    2.604  0.310      False
47  S4_composite  BSK  NEXT  SPREAD      21       -0.248       -0.248          NaN   52.381  21    -0.248 -0.270    0.404 -1.554  11 of 21  -0.452    1.853  0.424      False

variants evaluated 116 (pre-registered 116); promising A1 0 A2 0 B 0   29s
