    symbol quarter  entry_day  E1a_raw_db  E1a_mine  E1b_raw_db  E1b_mine  dA    dB
ICICIPRULI Q1 FY27 2026-07-16      -5.454    -5.454      -1.706    -1.706 0.0 0.000
CUMMINSIND Q3 FY24 2024-02-09       3.670     3.670       3.807     3.806 0.0 0.001
PERSISTENT Q2 FY26 2025-10-16       4.457     4.457       3.034     3.034 0.0 0.000
BHARATFORG Q1 FY24 2023-08-10      12.165    12.165      14.880    14.880 0.0 0.000
    RECLTD Q4 FY24 2024-05-02       7.125     7.125      -0.406    -0.406 0.0 0.000
  GODREJCP Q3 FY24 2024-02-02      -1.580    -1.580       0.255     0.255 0.0 0.000
       PFC Q2 FY24 2023-11-10      32.461    32.461      27.310    27.310 0.0 0.000
   MPHASIS Q1 FY25 2024-07-29      -0.496    -0.496       2.762     2.762 0.0 0.000
 SOLARINDS Q1 FY27 2026-08-14      13.813    13.813      15.595    15.595 0.0 0.000
  CHOLAFIN Q4 FY23 2023-05-05       7.099     7.099       2.210     2.210 0.0 0.000
IDFCFIRSTB Q1 FY23 2022-08-02      14.271    14.271      10.748    10.748 0.0 0.000
 MOTHERSON Q4 FY21 2021-06-03      -8.813    -8.813      -2.229    -2.229 0.0 0.000
   SBILIFE Q1 FY23 2022-08-01      -2.003    -2.003      -2.445    -2.445 0.0 0.000
      CAMS Q4 FY26 2026-05-06      -2.942    -2.942      -3.192    -3.192 0.0 0.000
SHRIRAMFIN Q4 FY22 2022-05-02       0.874     0.874      -1.555    -1.555 0.0 0.000
  BOSCHLTD Q1 FY27 2026-08-12      13.268    13.268       9.747     9.747 0.0 0.000
NATIONALUM Q2 FY26 2025-11-11       2.096     2.096      -0.567    -0.567 0.0 0.000
    BIOCON Q2 FY26 2025-11-13      -6.209    -6.209      -8.528    -8.528 0.0 0.000
MUTHOOTFIN Q4 FY23 2023-05-23       3.701     3.701       3.034     3.034 0.0 0.000
   POLYCAB Q4 FY23 2023-05-15       2.514     2.514       3.421     3.421 0.0 0.000
      LICI Q3 FY26 2026-02-09      -2.646    -2.646      -2.062    -2.062 0.0 0.000
      MFSL Q2 FY26 2025-11-13      -0.855    -0.855      -0.298    -0.298 0.0 0.000
 SUNPHARMA Q1 FY23 2022-08-01      -8.983    -8.983      -6.269    -6.269 0.0 0.000
      TMPV Q3 FY23 2023-01-30      -5.354    -5.354      -4.341    -4.341 0.0 0.000
       ABB Q3 FY26 2026-02-23      11.954    11.954      15.024    15.024 0.0 0.000
max |diff| E1a 0.0000, E1b 0.0010 percentage points (25 random MAIN trades, no CA in window)
