features_rank.csv: 3280 results, winners 392
missing share among winners:
cut_rsi14                 0.000
rx_rsi14                  0.000
XN                        0.000
lvol                      0.000
rx_gap_pct                0.000
rx_don20_break_up         0.000
BREAKOUT_VOL              0.000
pre21_rel                 0.000
rx_close_vs_sma50_pct     0.000
rx_close_vs_sma200_pct    0.000
sec21_rel                 0.000
rq_pat_yoy_pct            0.148
rq_sales_yoy_pct          0.061
log_mcap                  0.031
                        count   mean     std     min    25%    50%    75%      max
cut_rsi14               392.0  52.23   12.84   20.62  43.25  52.26  62.28    82.64
rx_rsi14                392.0  65.00   10.95   25.35  58.35  66.01  72.96    87.46
XN                      392.0   6.79    2.70    4.01   4.91   6.20   7.96    29.20
lvol                    392.0   1.64    0.62   -2.96   1.23   1.67   2.04     3.34
rx_gap_pct              392.0   2.20    2.44   -4.46   0.43   1.72   3.62    10.00
rx_don20_break_up       392.0   0.63    0.48    0.00   0.00   1.00   1.00     1.00
BREAKOUT_VOL            392.0   0.80    0.40    0.00   1.00   1.00   1.00     1.00
pre21_rel               392.0   0.94    8.80  -41.13  -3.97   0.86   6.17    34.97
rx_close_vs_sma50_pct   392.0   8.34    8.99  -25.38   3.16   8.13  13.66    52.73
rx_close_vs_sma200_pct  392.0  14.02   17.69  -31.77   2.45  13.52  23.78    72.74
sec21_rel               392.0   0.95    3.78  -11.55  -1.15   0.67   3.00    16.73
rq_pat_yoy_pct          334.0  73.29  540.21 -518.72   4.35  22.60  58.65  9629.44
rq_sales_yoy_pct        368.0  21.63   23.83  -26.78   6.93  15.97  29.10   188.81
log_mcap                380.0  11.23    0.86    8.82  10.66  11.16  11.69    14.38
