winners qn 0..13: 192; scored quarters 4..13: 145
baseline wo5: qn0-13 +1.529, qn4-13 +2.237 -> BAR = +2.737
         id          cand   n  avg  median   wo5  wo10  up_pct  q_pos  nq  t_q  best  worst  qualifies
R_BASE_0_13   R_BASE_0_13 122 2.65    2.71  1.53  0.82   63.11     10  14 1.99 30.39 -19.55      False
R_BASE_4_13   R_BASE_4_13  93 3.67    3.13  2.24  1.35   65.59      8  10 2.22 30.39 -19.49      False
 R_WIN_4_13    R_WIN_4_13 145 2.73    1.94  1.80  1.23   61.38      8  10 2.27 30.39 -19.49      False
        C01     RIDGE_T25  33 3.75    3.01  1.51  0.44   66.67     10  10 2.86 29.82  -3.62      False
        C02      RIDGE_T5  66 2.04    0.91  0.70 -0.02   60.61      8  10 1.91 29.82 -19.49      False
        C03      RIDGE_T3  29 4.11    3.66  1.57  0.30   65.52     10  10 2.17 29.82  -3.62      False
        D13 RIDGE_RANKQ25  41 2.33    0.72  0.39 -0.58   58.54      8  10 1.86 29.82 -12.71      False
        C04     LOGIT_T25  40 1.97    0.91  0.16 -0.84   60.00      7  10 1.11 29.82  -9.01      False
        C05      LOGIT_T5  62 2.01    0.62  0.72  0.01   56.45      6  10 1.55 29.82 -10.05      False
        C06      LOGIT_T3  39 1.56    0.72 -0.06 -1.03   58.97      7  10 0.98 29.82  -9.01      False
        C07       GBM_T25  28 3.24    3.44 -0.01 -1.53   67.86      6  10 1.84 28.97 -19.49      False
        C08        GBM_T5  57 4.04    3.66  1.87  0.68   66.67      8  10 2.55 30.39 -19.49      False
        C09        GBM_T3  28 2.32    3.31 -0.16 -1.58   67.86      6  10 1.55 27.21 -19.49      False
        C10      HAND_T25  35 4.47    3.76  1.66  0.19   68.57      7   8 3.15 28.97 -13.58      False
        C11       HAND_T5  53 5.56    4.03  3.61  2.21   71.70      8   9 4.86 28.97 -13.58       True
        C12       HAND_T3  32 4.79    3.81  1.74  0.08   68.75      7   8 3.07 28.97 -13.58      False
        D14  HAND_RANKQ25  41 3.95    3.76  1.85  0.56   68.29      8  10 3.58 28.97 -13.58      False

per quarter n / avg (qn 4..13):
qn              4     5    6    7     8     9     10   11   12   13
cand                                                               
GBM_T25        1.4  -3.6 -1.0 -0.8  17.8   8.0   4.4 -0.2  3.9  5.8
GBM_T3         1.8  -3.6 -1.0 -0.8  17.8   1.0   4.4 -0.2  3.9  5.8
GBM_T5         1.0   2.1 -4.0  1.8  10.6   8.0  17.4 -0.3  6.8  6.4
HAND_RANKQ25  -0.2   6.5 -2.2  5.4   6.6  10.6   6.1  1.2  4.7  3.7
HAND_T25       NaN   6.5 -2.2  NaN   7.5   6.6  10.2  1.3  4.7  1.5
HAND_T3        NaN  11.6 -2.2  NaN   8.4   6.6  10.2  1.3  4.5  1.5
HAND_T5        NaN   6.5 -1.7  5.0   6.9   8.7   7.2  3.3  8.1  3.2
LOGIT_T25     -5.9  -5.6  2.6 -0.0   2.9   2.1  15.9  3.5  2.4  3.2
LOGIT_T3      -5.9  -5.6  2.6 -0.0   2.9   2.1  15.9  1.0  2.4  3.2
LOGIT_T5      -2.7  -0.7 -0.4  0.5   2.9   4.5  15.9  2.2  3.8 -0.5
RIDGE_RANKQ25 -2.9   0.5 -0.0  0.4   4.9   2.1  15.9  5.0  2.8  1.5
RIDGE_T25      0.5   0.5  7.5  1.5   4.9   2.1  15.9  4.7  2.8  1.8
RIDGE_T3       0.5   0.5  7.5  1.0   4.9   2.1  29.8  4.7  2.8  5.8
RIDGE_T5      -2.9   1.2 -0.0  1.7   3.5   4.5  13.7  0.7  2.4  1.5
qn             4   5   6   7   8   9   10  11  12  13
cand                                                 
GBM_T25         4   1   2   2   2   4   1   7   4   1
GBM_T3          5   1   2   2   2   3   1   7   4   1
GBM_T5          6   6   4   8   5   5   2   8  11   2
HAND_RANKQ25    5   3   3   5   4   3   2   5   6   5
HAND_T25        0   3   3   0   8   5   1   7   6   2
HAND_T3         0   2   3   0   7   5   1   7   5   2
HAND_T5         0   3   5   3   9   9   3   9   8   4
LOGIT_T25       1   4   2   6   3   3   2   7   9   3
LOGIT_T3        1   4   2   6   3   3   2   6   9   3
LOGIT_T5        3   8   3   8   3   4   2  10  15   6
RIDGE_RANKQ25   5   3   3   5   4   3   2   5   6   5
RIDGE_T25       1   3   1   4   4   3   2   6   6   3
RIDGE_T3        1   3   1   3   4   3   1   6   6   1
RIDGE_T5        5   6   3  11   6   4   3  12  11   5
| id | candidate | n | avg | w/o best 5 | median | quarters + / with trades | qualifies |
|---|---|---|---|---|---|---|---|
| R_BASE_0_13 | R_BASE_0_13 | 122 | +2.65 | +1.53 | +2.71 | 10/14 | no |
| R_BASE_4_13 | R_BASE_4_13 | 93 | +3.67 | +2.24 | +3.13 | 8/10 | no |
| R_WIN_4_13 | R_WIN_4_13 | 145 | +2.73 | +1.80 | +1.94 | 8/10 | no |
| C01 | RIDGE_T25 | 33 | +3.75 | +1.51 | +3.01 | 10/10 | no |
| C02 | RIDGE_T5 | 66 | +2.04 | +0.70 | +0.91 | 8/10 | no |
| C03 | RIDGE_T3 | 29 | +4.11 | +1.57 | +3.66 | 10/10 | no |
| D13 | RIDGE_RANKQ25 | 41 | +2.33 | +0.39 | +0.72 | 8/10 | no |
| C04 | LOGIT_T25 | 40 | +1.97 | +0.16 | +0.91 | 7/10 | no |
| C05 | LOGIT_T5 | 62 | +2.01 | +0.72 | +0.62 | 6/10 | no |
| C06 | LOGIT_T3 | 39 | +1.56 | -0.06 | +0.72 | 7/10 | no |
| C07 | GBM_T25 | 28 | +3.24 | -0.01 | +3.44 | 6/10 | no |
| C08 | GBM_T5 | 57 | +4.04 | +1.87 | +3.66 | 8/10 | no |
| C09 | GBM_T3 | 28 | +2.32 | -0.16 | +3.31 | 6/10 | no |
| C10 | HAND_T25 | 35 | +4.47 | +1.66 | +3.76 | 7/8 | no |
| C11 | HAND_T5 | 53 | +5.56 | +3.61 | +4.03 | 8/9 | yes |
| C12 | HAND_T3 | 32 | +4.79 | +1.74 | +3.81 | 7/8 | no |
| D14 | HAND_RANKQ25 | 41 | +3.95 | +1.85 | +3.76 | 8/10 | no |

Bar for finalist = max(baseline wo5 qn0-13, qn4-13) + 0.5 = +2.74
