S3. TIME DEPENDENCE
full sample: n_main 232, mean_main +2.418, n_W 392, mean_W +1.447, mean_lo +0.038, dW +0.634, gapQ +1.946, t_gapQ +2.082

by calendar year of the reaction day:
 year  n_main  mean_main  n_W  mean_W  mean_lo    dW  gapQ  t_gapQ
 2021      25     -0.704   37  -0.794   -0.981 0.044 0.137   0.093
 2022      25     -0.805   50  -1.506   -2.207 0.665 1.900   1.067
 2023      36      7.217   49   6.452    4.333 0.343 1.500   0.511
 2024      39      2.840   76   1.610    0.313 0.850 2.200   0.732
 2025      52      2.348   95   0.971   -0.695 1.260 3.693   3.555
 2026      55      1.929   85   1.659    1.165 0.333 1.035   0.361
years with dW > 0: 6/6; years with main mean > 0: 4/6; years with main > all winners (pooled): 6/6

splits:
                           sample  n_main  mean_main  n_W  mean_W  mean_lo    dW  gapQ  t_gapQ
               2021-22 (calendar)      50     -0.755   87  -1.203   -1.810 0.355 1.055   0.887
                 2023+ (calendar)     182      3.290  305   2.202    0.593 0.710 2.202   1.900
        first 14 quarters qn 0-13     122      2.653  192   1.699    0.036 0.452 1.470   1.089
         last 8 quarters qn 14-21     110      2.158  200   1.204    0.039 0.835 2.418   1.794
                          qn 0-10      86      2.582  136   1.555   -0.213 0.350 1.201   1.031
                         qn 11-21     146      2.322  256   1.389    0.152 0.801 2.316   1.803
                     without 2023     196      1.537  343   0.732   -0.342 0.687 2.001   1.999
     without qn 10 (Jul-Sep 2023)     227      2.112  385   1.248    0.008 0.560 1.716   1.850
without qn 8-10 (best 3 quarters)     205      1.563  360   0.807   -0.193 0.648 1.858   1.949
                   only 2024-2026     146      2.322  256   1.389    0.152 0.801 2.316   1.803

quarters main > all winners 15/22; median per-quarter gap +0.58; mean +1.00; sign-test p (one-sided) 0.067

leave-one-quarter-out: range of mean_main [2.11, 2.70], dW [0.51, 0.83], gapQ [1.58, 2.46], t_gapQ [1.71, 2.98]
 drop_qn quarter  mean_main    dW  gapQ  t_gapQ
      12 Q4 FY24      2.200 0.514 1.582   1.712
      15 Q3 FY25      2.390 0.533 1.691   1.764
      21 Q1 FY27      2.307 0.545 1.661   1.735
      10 Q2 FY24      2.112 0.560 1.716   1.850

leave-one-year-out:
 drop_year  n_main  mean_main  n_W  mean_W  mean_lo    dW  gapQ  t_gapQ
      2021     207      2.795  355   1.680    0.120 0.705 2.163   2.116
      2022     207      2.807  342   1.878    0.453 0.630 1.953   1.873
      2023     196      1.537  343   0.732   -0.342 0.687 2.001   1.999
      2024     193      2.333  316   1.407   -0.045 0.590 1.883   1.955
      2025     180      2.438  297   1.599    0.307 0.453 1.411   1.236
      2026     177      2.570  307   1.388   -0.222 0.727 2.225   2.303
quarter bootstrap main mean: 90% [+1.30, +3.65], 95% [+1.08, +3.91], P(<=0) 0.000
quarter bootstrap dW: 90% [+0.10, +1.18], 95% [+0.02, +1.29], P(<=0) 0.022
quarter bootstrap gapQ: 90% [+0.36, +3.39], 95% [+0.06, +3.62], P(<=0) 0.022

S4. OUTLIERS (20-session hedged net, percent)
                      n   mean  median  wo_best5  wo_best10  wo_top2pct  trim5_both  wins10  wins5  up_pct
MAIN W&RSI>50     232.0  2.418   2.212     1.834      1.418       1.834       2.084   1.622  0.986  61.638
all winners       392.0  1.447   0.645     1.091      0.826       0.924       1.184   0.926  0.522  54.082
W&RSI<=50         160.0  0.038  -0.579    -0.537     -0.974      -0.329      -0.056  -0.083 -0.151  43.125
all F&O results  3280.0  0.420  -0.115     0.360      0.314      -0.063       0.206   0.140 -0.001  49.268

main minus all winners under each measure: mean +0.97, median +1.57, wo_best5 +0.74, wo_best10 +0.59, wo_top2pct +0.91, trim5_both +0.90, wins10 +0.70, wins5 +0.46, up_pct +7.56
winsor +/-10              : main +1.622, all W +0.926, dW +0.489, gapQ +1.500 (t 1.91)
winsor +/-5               : main +0.986, all W +0.522, dW +0.333, gapQ +1.022 (t 1.83)
within-quarter rank (0-1) : main +0.556, all W +0.528, dW +0.028, gapQ +0.085 (t 2.07)
mean within-quarter percentile rank of main-rule trades among the quarter's winners: 0.556 (0.5 + tie-adjusted = no edge); permutation p 0.0073
drop main-rule best  5 trades (also from the winners pool): main +1.834, all W +1.091, dW +0.522, gapQ +1.578 (t 1.78)
drop main-rule best 10 trades (also from the winners pool): main +1.418, all W +0.840, dW +0.402, gapQ +1.197 (t 1.24)
drop main-rule best 20 trades (also from the winners pool): main +0.776, all W +0.458, dW +0.211, gapQ +0.611 (t 0.65)
drop the best  5 trades of ALL winners (fair, any RSI): main +1.834, all W +1.091, dW +0.522, gapQ +1.578 (t 1.78); 5 of them RSI>50
drop the best 10 trades of ALL winners (fair, any RSI): main +1.567, all W +0.826, dW +0.544, gapQ +1.647 (t 1.79); 8 of them RSI>50
drop the best 20 trades of ALL winners (fair, any RSI): main +1.076, all W +0.404, dW +0.532, gapQ +1.626 (t 1.94); 15 of them RSI>50
