S5. THRESHOLD GRID (20-session hedged net). dW = per-trade gap to all winners (same XN cut) of the same quarter; gapQ = within-quarter RSI>cut minus RSI<=cut among those winners (quarter FE, quarter clusters)
 XN_gt  RSI_gt   n  mean  median  n_lo  mean_lo  mean_W   dW  gapQ  t_gapQ  wins10
     3      40 467  1.68    1.13   110    -0.71    1.22 0.23  1.50    1.77    1.02
     3      45 406  1.98    1.69   171    -0.58    1.22 0.44  1.88    2.66    1.25
     3      50 343  2.29    1.77   234    -0.34    1.22 0.62  1.93    3.02    1.45
     3      55 245  2.48    2.41   332     0.29    1.22 0.73  1.53    2.28    1.70
     3      60 170  2.76    2.13   407     0.58    1.22 0.80  1.39    2.36    1.70
     4      40 317  1.82    1.52    75    -0.13    1.45 0.23  1.49    1.38    1.18
     4      45 274  2.11    2.04   118    -0.10    1.45 0.40  1.72    2.08    1.39
     4      50 232  2.42    2.21   160     0.04    1.45 0.63  1.95    2.08    1.62
     4      55 167  2.87    2.95   225     0.39    1.45 1.04  2.18    2.50    1.94
     4      60 115  3.66    2.95   277     0.53    1.45 1.49  2.58    3.53    2.25
     5      40 229  2.38    2.29    57    -0.35    1.84 0.24  1.48    1.20    1.60
     5      45 202  2.74    2.46    84    -0.34    1.84 0.49  2.17    1.87    1.88
     5      50 164  3.27    3.07   122    -0.10    1.84 0.88  2.64    2.58    2.26
     5      55 117  3.87    3.59   169     0.43    1.84 1.36  2.85    3.20    2.66
     5      60  83  4.53    3.65   203     0.73    1.84 1.63  2.96    3.82    2.94
     6      40 176  2.34    2.29    35    -0.44    1.88 0.13  1.03    1.52    1.54
     6      45 157  2.63    2.43    54    -0.30    1.88 0.36  1.99    1.88    1.76
     6      50 127  3.10    3.07    84     0.04    1.88 0.66  2.20    1.99    2.12
     6      55  88  3.30    3.16   123     0.87    1.88 0.77  1.77    1.47    2.17
     6      60  65  3.88    3.07   146     0.99    1.88 0.94  1.85    1.55    2.41

mean grid (rows XN>, cols RSI>):
RSI_gt    40    45    50    55    60
XN_gt                               
3       1.68  1.98  2.29  2.48  2.76
4       1.82  2.11  2.42  2.87  3.66
5       2.38  2.74  3.27  3.87  4.53
6       2.34  2.63  3.10  3.30  3.88

dW grid (rows XN>, cols RSI>):
RSI_gt    40    45    50    55    60
XN_gt                               
3       0.23  0.44  0.62  0.73  0.80
4       0.23  0.40  0.63  1.04  1.49
5       0.24  0.49  0.88  1.36  1.63
6       0.13  0.36  0.66  0.77  0.94

gapQ grid (rows XN>, cols RSI>):
RSI_gt    40    45    50    55    60
XN_gt                               
3       1.50  1.88  1.93  1.53  1.39
4       1.49  1.72  1.95  2.18  2.58
5       1.48  2.17  2.64  2.85  2.96
6       1.03  1.99  2.20  1.77  1.85

continuous RSI among winners (quarter FE): slope per 10 RSI points, and among non-winners for comparison
   XN>3: n 577, slope +0.81 per 10 pts (t 3.31); winsorised +/-10 +0.64 (t 2.82)
   XN>4: n 392, slope +0.86 per 10 pts (t 2.74); winsorised +/-10 +0.61 (t 2.29)
   XN>5: n 286, slope +0.96 per 10 pts (t 2.86); winsorised +/-10 +0.79 (t 2.43)
   XN>6: n 211, slope +0.58 per 10 pts (t 1.87); winsorised +/-10 +0.47 (t 1.70)
   non-winners XN<=4: n 2888, slope +0.38 per 10 pts (t 1.77)

winners by cutoff-RSI band: mean, and mean deviation from the same quarter's winners:
             n  mean  dev_vs_quarter  wins10
band                                        
(0, 30]     17 -0.69           -0.91   -0.26
(30, 40]    58  0.04           -0.98   -0.11
(40, 50]    85  0.18           -0.88   -0.03
(50, 60]   117  1.20           -0.21    1.01
(60, 70]    86  2.93            1.03    1.58
(70, 100]   29  5.82            2.86    4.23

====================================================================================================
S6. MARKET REGIME, BENCHMARK AND BETA CONFOUNDS
Nifty 20-session return to the cutoff: main-rule trades mean +2.08%, RSI<=50 winners -1.06%, all results +0.83%
Nifty 20-session return DURING the hold: main +0.38%, RSI<=50 winners -0.35%, all results +0.45%

within regime (terciles of the Nifty 20-session return to the cutoff over all results: [-0.75  2.39]):
             regime  share_HI  n_hi  mean_hi  n_lo  mean_lo  gap  all_results_mean
  Nifty pre-20 weak     35.61    47     3.27    85     0.33 2.94              0.24
Nifty pre-20 middle     62.40    78     1.85    47    -0.91 2.76             -0.14
Nifty pre-20 strong     79.26   107     2.46    28     0.73 1.73              1.17

by Nifty move DURING the hold (terciles; descriptive, not tradable):
nifty_during_hold  n_hi  mean_hi  n_lo  mean_lo  gap
             down    79     2.06    71    -0.92 2.98
             flat    83     2.05    48     0.61 1.44
               up    70     3.26    41     1.03 2.24

winners, quarter FE, quarter clusters:
   HIf +1.95 (t 2.08)
   HIf +1.89 (t 1.87) + npre10 +0.72 (t 0.35)
   HIf +1.81 (t 1.76) + regS +1.65 (t 1.11) + regW -0.38 (t -0.30)
   HIf +1.99 (t 2.09) + nfwd10 +1.21 (t 0.77)
   HI x Nifty-pre20 interaction -0.84 per 10 pts (t -0.43)

benchmarks and beta (20-session net; all minus 0.19 costs). Pre-cutoff 250-session beta to Nifty:
   beta: main 1.03, RSI<=50 winners 1.07, all results 1.05
                   measure  main  all_W  W_lo  all_results  main_minus_all_results   dW  gapQ  t_gapQ  main_q_pos
vs Nifty 50 (main measure)  2.42   1.45  0.04         0.42                    2.00 0.63  1.95    2.08          17
 beta-adjusted vs Nifty 50  2.57   1.56  0.09         0.43                    2.14 0.69  2.11    2.28          20
              vs Nifty 500  2.05   1.23  0.03         0.18                    1.87 0.65  1.99    2.07          17
       vs Nifty Midcap 150  1.22   0.69 -0.06        -0.34                    1.56 0.62  1.90    1.87          17
  vs Nifty100 Equal Weight  1.81   1.03 -0.10        -0.03                    1.84 0.65  2.00    2.00          17
       vs own sector index  1.90   1.21  0.20         0.23                    1.67 0.35  1.06    1.32          16
                  unhedged  2.82   1.55 -0.29         0.89                    1.93 0.53  1.62    1.68          16

quiet-day F&O stock-days (no results): mean vs Nifty +0.56, vs N500 +0.26, vs Midcap150 -0.26  <- the universe drift the Nifty hedge leaves in
   by year vs Nifty: 2021 +0.38, 2022 +0.39, 2023 +0.90, 2024 +0.48, 2025 +0.30, 2026 +1.00
